stat /Applications/Riot Client ().app: no such file or directory
open /Library/Application Support/ApplePushService: permission denied
open /Library/Application Support/com.apple.TCC: operation not permitted
stat /Library/Caches/com.apple.aned: operation not permitted
open /Library/Caches/com.apple.iconservices.store: permission denied
stat /Library/python: no such file or directory
open /System/Library/Caches/com.apple.coresymbolicationd: permission denied
stat /System/Library/Caches/com.apple.factorydata: no such file or directory
stat /System/Library/Frameworks/ExternalAccessory.framework/ExternalAccessory: no such file or directory
stat /System/Library/Frameworks/Ruby.framework/Ruby: no such file or directory
stat /System/Library/Frameworks/System.framework/System_asan: no such file or directory
stat /System/Library/Frameworks/Tk.framework/tkConfig.sh: no such file or directory
stat /System/Library/Frameworks/vecLib.framework/libBigNum.dylib: no such file or directory
stat /System/Library/PrivateFrameworks/DuetRecommendation.framework/DuetRecommendation: no such file or directory
stat /System/Library/PrivateFrameworks/InputContext.framework/InputContext: no such file or directory
stat /System/Library/PrivateFrameworks/KeyboardServices.framework/KeyboardServices: no such file or directory
stat /System/Library/PrivateFrameworks/LocationSupport.framework/Support: no such file or directory
stat /System/Library/PrivateFrameworks/MobileStoreDemoKit.framework: no such file or directory
stat /System/Library/PrivateFrameworks/OfficeImport.framework/PlugIns: no such file or directory
stat /System/Volumes/Data/Applications/Riot Client ().app: no such file or directory
stat /System/Volumes/Data/Library/python: no such file or directory
open /System/Volumes/Data/home: operation not permitted
open /System/Volumes/Update/Controller: permission denied
open /System/Volumes/Update/Hardware: permission denied
open /Users/andrewdykema/Library/Accounts: operation not permitted
open /Users/andrewdykema/Library/Autosave Information: operation not permitted
open /Users/andrewdykema/Library/Biome: operation not permitted
open /Users/andrewdykema/Library/Calendars: operation not permitted
open /Users/andrewdykema/Library/Cookies: operation not permitted
open /Users/andrewdykema/Library/CoreFollowUp: operation not permitted
open /Users/andrewdykema/Library/DuetExpertCenter: operation not permitted
open /Users/andrewdykema/Library/HomeKit: operation not permitted
open /Users/andrewdykema/Library/IdentityServices: operation not permitted
open /Users/andrewdykema/Library/Mail: operation not permitted
open /Users/andrewdykema/Library/Messages: operation not permitted
open /Users/andrewdykema/Library/PersonalizationPortrait: operation not permitted
open /Users/andrewdykema/Library/Reminders: operation not permitted
open /Users/andrewdykema/Library/Safari: operation not permitted
stat /Users/andrewdykema/Library/Saved Application State/com.apple.AppStore.savedState: no such file or directory
stat /Users/andrewdykema/Library/Saved Application State/com.apple.Notes.savedState: no such file or directory
stat /Users/andrewdykema/Library/Saved Application State/com.apple.iCal.savedState: no such file or directory
open /Users/andrewdykema/Library/Sharing: operation not permitted
open /Users/andrewdykema/Library/Shortcuts: operation not permitted
open /Users/andrewdykema/Library/StatusKit: operation not permitted
open /Users/andrewdykema/Library/Suggestions: operation not permitted
open /Users/andrewdykema/Pictures/Photos Library.photoslibrary: operation not permitted
stat /Volumes/Macintosh HD/Applications/Riot Client ().app: no such file or directory
stat /Volumes/Macintosh HD/Library/Caches/com.apple.aned: operation not permitted
stat /Volumes/Macintosh HD/Library/python: no such file or directory
lstat /Volumes/Macintosh HD/dev/fd/4: bad file descriptor
open /Volumes/Macintosh HD/home: operation not permitted
stat /Volumes/Macintosh HD/usr/X11: no such file or directory
stat /Volumes/Macintosh HD/usr/X11R6: no such file or directory
stat /Volumes/Macintosh HD/usr/lib/libhunspell-1.2.0.dylib: no such file or directory
stat /Volumes/Macintosh HD/usr/lib/libiodbc.2.dylib: no such file or directory
stat /Volumes/Macintosh HD/usr/lib/libiodbcinst.2.dylib: no such file or directory
stat /Volumes/Macintosh HD/usr/lib/libstdc++.6.dylib: no such file or directory
stat /Volumes/Macintosh HD/usr/sbin/weakpass_edit: permission denied
open /Volumes/Macintosh HD/var/agentx: permission denied
open /Volumes/Macintosh HD/var/audit: permission denied
open /Volumes/Macintosh HD/var/backups: permission denied
stat /Volumes/Macintosh HD/var/db/DifferentialPrivacy: operation not permitted
open /Volumes/Macintosh HD/var/dirs_cleaner: permission denied
open /Volumes/Macintosh HD/var/install: permission denied
open /Volumes/Macintosh HD/var/jabberd: permission denied
open /Volumes/Macintosh HD/var/ma: permission denied
open /Volumes/Macintosh HD/var/root: permission denied
lstat /dev/fd/4: bad file descriptor
open /etc/cups/certs: permission denied
open /home: operation not permitted
open /private/etc/cups/certs: permission denied
open /private/var/agentx: permission denied
open /private/var/at/tabs: permission denied
open /private/var/at/tmp: permission denied
open /private/var/audit: permission denied
open /private/var/backups: permission denied
stat /private/var/db/ConfigurationProfiles/Store: operation not permitted
open /private/var/db/CoreDuet: operation not permitted
stat /private/var/db/DifferentialPrivacy: operation not permitted
open /private/var/db/DumpPanic: operation not permitted
stat /private/var/db/GPURestartReporter/current.gpuRestart: no such file or directory
open /private/var/db/MobileIdentityService: operation not permitted
open /private/var/db/Sandbox: operation not permitted
open /private/var/db/Spotlight: operation not permitted
open /private/var/db/Spotlight-V100: operation not permitted
open /private/var/db/TokenCache: permission denied
open /private/var/db/accessoryupdater: permission denied
open /private/var/db/analyticsd: permission denied
open /private/var/db/appinstalld: operation not permitted
open /private/var/db/applepay: permission denied
open /private/var/db/cmiodalassistants: permission denied
open /private/var/db/com.apple.xpc.roleaccountd.staging: permission denied
open /private/var/db/darwindaemon: permission denied
open /private/var/db/datadetectors: permission denied
open /private/var/db/dhcpclient: permission denied
open /private/var/db/diskimagesiod: permission denied
open /private/var/db/fpsd: permission denied
open /private/var/db/geod: permission denied
open /private/var/db/hidd: permission denied
open /private/var/db/installcoordinationd: operation not permitted
open /private/var/db/knowledgegraphd: permission denied
open /private/var/db/locationd: permission denied
open /private/var/db/lockdown: operation not permitted
open /private/var/db/nearbyd: permission denied
open /private/var/db/nsurlsessiond: permission denied
open /private/var/db/oah: operation not permitted
open /private/var/db/reportmemoryexception: permission denied
open /private/var/db/rmd: permission denied
open /private/var/db/searchparty: operation not permitted
open /private/var/db/securityagent: permission denied
open /private/var/db/sudo: permission denied
open /private/var/db/timed: permission denied
open /private/var/dirs_cleaner: permission denied
open /private/var/install: permission denied
open /private/var/jabberd: permission denied
open /private/var/lib/postfix: permission denied
open /private/var/ma: permission denied
open /private/var/networkd/Library: permission denied
open /private/var/networkd/db: operation not permitted
open /private/var/root: permission denied
open /private/var/run/mds: permission denied
open /private/var/spool/cups: permission denied
open /private/var/spool/mqueue: permission denied
stat /usr/X11: no such file or directory
stat /usr/X11R6: no such file or directory
open /usr/lib/cron/tabs: permission denied
open /usr/lib/cron/tmp: permission denied
stat /usr/lib/libhunspell-1.2.0.dylib: no such file or directory
stat /usr/lib/libiodbc.2.dylib: no such file or directory
stat /usr/lib/libiodbcinst.2.dylib: no such file or directory
stat /usr/lib/libstdc++.6.dylib: no such file or directory
open /usr/sbin/authserver: permission denied
stat /usr/sbin/weakpass_edit: permission denied
open /var/agentx: permission denied
open /var/at/tabs: permission denied
open /var/at/tmp: permission denied
open /var/audit: permission denied
open /var/backups: permission denied
open /var/db/ConfigurationProfiles/Setup: permission denied
stat /var/db/ConfigurationProfiles/Store: operation not permitted
open /var/db/CoreDuet: operation not permitted
stat /var/db/DifferentialPrivacy: operation not permitted
open /var/db/DumpPanic: operation not permitted
stat /var/db/GPURestartReporter/current.gpuRestart: no such file or directory
open /var/db/KernelExtensionManagement/Staging: operation not permitted
open /var/db/MobileIdentityService: operation not permitted
open /var/db/Sandbox: operation not permitted
open /var/db/Spotlight: operation not permitted
open /var/db/Spotlight-V100: operation not permitted
open /var/db/TokenCache: permission denied
open /var/db/accessoryupdater: permission denied
open /var/db/analyticsd: permission denied
open /var/db/appinstalld: operation not permitted
open /var/db/applepay: permission denied
open /var/db/caches/opendirectory: permission denied
open /var/db/cmiodalassistants: permission denied
open /var/db/com.apple.xpc.roleaccountd.staging: permission denied
open /var/db/darwindaemon: permission denied
open /var/db/datadetectors: permission denied
open /var/db/dhcpclient: permission denied
open /var/db/diskimagesiod: permission denied
open /var/db/fpsd: permission denied
open /var/db/geod: permission denied
open /var/db/hidd: permission denied
open /var/db/installcoordinationd: operation not permitted
open /var/db/knowledgegraphd: permission denied
open /var/db/locationd: permission denied
open /var/db/lockdown: operation not permitted
open /var/db/nearbyd: permission denied
open /var/db/nsurlsessiond: permission denied
open /var/db/oah: operation not permitted
open /var/db/reportmemoryexception: permission denied
open /var/db/rmd: permission denied
open /var/db/searchparty: operation not permitted
open /var/db/securityagent: permission denied
open /var/db/softwareupdate/Library: permission denied
open /var/db/sudo: permission denied
open /var/db/sysdiagnose/com.apple.sysdiagnose: operation not permitted
open /var/db/timed: permission denied
open /var/dirs_cleaner: permission denied
open /var/install: permission denied
open /var/jabberd: permission denied
open /var/lib/postfix: permission denied
open /var/ma: permission denied
open /var/networkd/Library: permission denied
open /var/networkd/db: operation not permitted
open /var/protected/sfanalytics/FFFFEEEE-DDDD-CCCC-BBBB-AAAA00000059: permission denied
open /var/protected/sfanalytics/FFFFEEEE-DDDD-CCCC-BBBB-AAAA000000CD: permission denied
open /var/protected/trustd/private: operation not permitted
open /var/root: permission denied
open /var/run/mds: permission denied
open /var/spool/cups: permission denied
open /var/spool/mqueue: permission denied
open /var/spool/postfix/active: permission denied
open /var/spool/postfix/bounce: permission denied
open /var/spool/postfix/corrupt: permission denied
open /var/spool/postfix/defer: permission denied
open /var/spool/postfix/deferred: permission denied
open /var/spool/postfix/flush: permission denied
open /var/spool/postfix/hold: permission denied
open /var/spool/postfix/incoming: permission denied
open /var/spool/postfix/maildrop: permission denied
open /var/spool/postfix/private: permission denied
open /var/spool/postfix/public: permission denied
open /var/spool/postfix/saved: permission denied
open /var/spool/postfix/trace: permission denied
