2022-05-12 17:17:27.03816 -0400 EDT m=+10.888388529
open /var/backups: permission denied
stat /usr/X11: no such file or directory
stat /usr/X11R6: no such file or directory
open /var/agentx: permission denied
stat /Applications/Riot Client ().app: no such file or directory
open /home: operation not permitted
open /Volumes/Macintosh HD/var/install: permission denied
open /var/at/tmp: permission denied
open /var/audit: permission denied
open /var/at/tabs: permission denied
stat /Volumes/Macintosh HD/Applications/Riot Client ().app: no such file or directory
stat /usr/lib/libhunspell-1.2.0.dylib: no such file or directory
stat /usr/lib/libiodbc.2.dylib: no such file or directory
stat /usr/lib/libiodbcinst.2.dylib: no such file or directory
stat /usr/lib/libstdc++.6.dylib: no such file or directory
stat /dev/fd/12: bad file descriptor
stat /dev/fd/13: bad file descriptor
stat /dev/fd/10/kextload: no such file or directory
stat /dev/fd/10/mount_acfs: no such file or directory
stat /dev/fd/10/mount_afp: no such file or directory
stat /dev/fd/10/mount_cddafs: no such file or directory
stat /dev/fd/10/mount_devfs: no such file or directory
stat /dev/fd/10/mount_fdesc: no such file or directory
stat /dev/fd/10/mount_smbfs: no such file or directory
stat /dev/fd/10/mount_tmpfs: no such file or directory
stat /dev/fd/10/newfs_msdos: no such file or directory
stat /dev/fd/10/nologin: no such file or directory
stat /dev/fd/10/ping6: no such file or directory
open /Volumes/Macintosh HD/var/lib/postfix: permission denied
open /private/var/agentx: permission denied
open /private/var/at/tmp: permission denied
open /private/var/audit: permission denied
open /private/var/backups: permission denied
open /Volumes/Macintosh HD/var/jabberd: permission denied
stat /Volumes/Macintosh HD/Library/python: no such file or directory
stat /private/var/db/DifferentialPrivacy: operation not permitted
stat /Library/Caches/com.apple.aned: operation not permitted
open /Library/Caches/com.apple.iconservices.store: permission denied
open /Volumes/Macintosh HD/var/networkd/db: operation not permitted
open /Volumes/Macintosh HD/var/protected/trustd/private: operation not permitted
open /Volumes/Macintosh HD/var/root: permission denied
open /private/var/dirs_cleaner: permission denied
open /private/var/install: permission denied
open /private/var/jabberd: permission denied
open /private/var/lib/postfix: permission denied
stat /Library/python: no such file or directory
open /private/var/ma: permission denied
open /Volumes/Macintosh HD/var/run/mds: permission denied
open /private/var/root: permission denied
open /Volumes/Macintosh HD/home: operation not permitted
open /var/dirs_cleaner: permission denied
open /var/install: permission denied
open /var/jabberd: permission denied
stat /Volumes/Macintosh HD/usr/X11: no such file or directory
stat /Volumes/Macintosh HD/usr/X11R6: no such file or directory
open /var/lib/postfix: permission denied
open /Volumes/Macintosh HD/var/agentx: permission denied
open /var/ma: permission denied
open /Volumes/Macintosh HD/var/at/tmp: permission denied
open /Volumes/Macintosh HD/var/audit: permission denied
open /Volumes/Macintosh HD/var/backups: permission denied
open /var/networkd/db: operation not permitted
open /Volumes/Macintosh HD/var/dirs_cleaner: permission denied
open /var/protected/trustd/private: operation not permitted
open /var/root: permission denied
open /private/var/at/tabs: permission denied
open /Volumes/Macintosh HD/var/networkd/Library: permission denied
open /Library/Application Support/ApplePushService: permission denied
open /Volumes/Macintosh HD/var/spool/cups: permission denied
open /Volumes/Macintosh HD/var/spool/mqueue: permission denied
stat /private/var/db/ConfigurationProfiles/Store: operation not permitted
open /private/var/db/ConfigurationProfiles/Setup: permission denied
open /private/var/db/CoreDuet: operation not permitted
open /private/var/db/DumpPanic: operation not permitted
stat /private/var/db/GPURestartReporter/current.gpuRestart: no such file or directory
open /private/var/db/KernelExtensionManagement/Staging: operation not permitted
open /private/var/db/MobileIdentityService: operation not permitted
open /usr/lib/cron/tmp: permission denied
open /Library/Application Support/com.apple.TCC: operation not permitted
open /private/var/spool/cups: permission denied
open /usr/sbin/authserver: permission denied
open /private/var/spool/mqueue: permission denied
open /private/var/spool/postfix/hold: permission denied
open /private/var/spool/postfix/active: permission denied
open /private/var/spool/postfix/bounce: permission denied
open /private/var/spool/postfix/corrupt: permission denied
open /private/var/spool/postfix/defer: permission denied
open /private/var/spool/postfix/deferred: permission denied
open /private/var/spool/postfix/flush: permission denied
open /usr/lib/cron/tabs: permission denied
open /private/var/db/Spotlight: operation not permitted
open /private/var/db/Sandbox: operation not permitted
open /Volumes/Macintosh HD/var/ma: permission denied
open /private/var/folders/zz/zyxvpxvq6csfxvn_n0000000000000/C: permission denied
open /private/var/folders/zz/zyxvpxvq6csfxvn_n000006w00001q/T: permission denied
stat /Volumes/Macintosh HD/Library/Caches/com.apple.aned: operation not permitted
open /Volumes/Macintosh HD/Library/Caches/com.apple.iconservices.store: permission denied
open /Volumes/Macintosh HD/var/folders/zz/zyxvpxvq6csfxvn_n00000xc00007b/T: permission denied
open /private/var/folders/zz/zyxvpxvq6csfxvn_n000006w00001q/C: permission denied
open /var/networkd/Library: permission denied
open /var/spool/cups: permission denied
open /var/spool/mqueue: permission denied
open /var/spool/postfix/incoming: permission denied
open /Volumes/Macintosh HD/var/folders/zz/zyxvpxvq6csfxvn_n00000b000002r/T: permission denied
open /Volumes/Macintosh HD/var/folders/zz/zyxvpxvq6csfxvn_n00000b400002s/T: permission denied
open /Volumes/Macintosh HD/var/folders/zz/zyxvpxvq6csfxvn_n00000bh00002w/T: permission denied
open /Volumes/Macintosh HD/var/folders/zz/zyxvpxvq6csfxvn_n00000c4000031/T: permission denied
open /Volumes/Macintosh HD/var/folders/zz/zyxvpxvq6csfxvn_n00000s0000068/T: permission denied
open /Volumes/Macintosh HD/var/folders/zz/zyxvpxvq6csfxvn_n00000s800006_/T: permission denied
open /Volumes/Macintosh HD/var/folders/zz/zyxvpxvq6csfxvn_n00000xc00007b/C: permission denied
open /Volumes/Macintosh HD/var/folders/zz/zyxvpxvq6csfxvn_n000003000000r/C: permission denied
open /Volumes/Macintosh HD/var/folders/zz/zyxvpxvq6csfxvn_n000003000000r/T: permission denied
open /Volumes/Macintosh HD/var/folders/zz/zyxvpxvq6csfxvn_n000006w00001q/C: permission denied
open /Volumes/Macintosh HD/var/folders/zz/zyxvpxvq6csfxvn_n00000b000002r/C: permission denied
open /Volumes/Macintosh HD/var/folders/zz/zyxvpxvq6csfxvn_n00000b400002s/C: permission denied
open /Volumes/Macintosh HD/var/folders/zz/zyxvpxvq6csfxvn_n00000bh00002w/C: permission denied
open /Volumes/Macintosh HD/var/folders/zz/zyxvpxvq6csfxvn_n00000c4000031/C: permission denied
open /Volumes/Macintosh HD/var/folders/zz/zyxvpxvq6csfxvn_n00000s0000068/C: permission denied
open /Volumes/Macintosh HD/var/folders/zz/zyxvpxvq6csfxvn_n00000s800006_/C: permission denied
open /Volumes/Macintosh HD/var/folders/zz/zyxvpxvq6csfxvn_n00000tm00006n/C: permission denied
open /Volumes/Macintosh HD/var/folders/zz/zyxvpxvq6csfxvn_n00000tm00006n/T: permission denied
open /Volumes/Macintosh HD/var/folders/zz/zyxvpxvq6csfxvn_n00000vr00006y/C: permission denied
open /Volumes/Macintosh HD/var/folders/zz/zyxvpxvq6csfxvn_n00000vr00006y/T: permission denied
open /var/protected/sfanalytics/FFFFEEEE-DDDD-CCCC-BBBB-AAAA00000059: permission denied
open /var/protected/sfanalytics/FFFFEEEE-DDDD-CCCC-BBBB-AAAA000000CD: permission denied
open /var/spool/postfix/active: permission denied
open /var/spool/postfix/bounce: permission denied
open /var/spool/postfix/corrupt: permission denied
open /var/spool/postfix/defer: permission denied
open /var/db/oah: operation not permitted
open /var/db/reportmemoryexception: permission denied
open /var/db/searchparty: operation not permitted
open /var/folders/zz/zyxvpxvq6csfxvn_n000011r00008f/C: permission denied
open /var/db/securityagent: permission denied
open /Volumes/Macintosh HD/var/folders/zz/zyxvpxvq6csfxvn_n00000th00006m/C: permission denied
open /var/db/sudo: permission denied
open /var/folders/zz/zyxvpxvq6csfxvn_n00000y400007j/C: permission denied
open /var/folders/zz/zyxvpxvq6csfxvn_n00000y800007k/C: permission denied
stat /Volumes/Macintosh HD/System/Volumes/Data/Library/python: no such file or directory
open /Volumes/Macintosh HD/System/Volumes/Data/home: operation not permitted
stat /Volumes/Macintosh HD/System/Volumes/Data/Library/Caches/com.apple.aned: operation not permitted
open /var/folders/zz/zyxvpxvq6csfxvn_n00000yw00007q/C: permission denied
open /var/folders/zz/zyxvpxvq6csfxvn_n00000yw00007q/T: permission denied
open /var/db/rmd: permission denied
open /var/db/softwareupdate/Library: permission denied
open /var/db/sysdiagnose/com.apple.sysdiagnose: operation not permitted
open /Users/andrewdykema/Library/Accounts: operation not permitted
open /Users/andrewdykema/Library/Application Support/AddressBook: operation not permitted
stat /Volumes/Macintosh HD/System/Volumes/Data/Applications/Riot Client ().app: no such file or directory
stat /Volumes/Macintosh HD/System/Library/Caches/com.apple.factorydata: no such file or directory
open /Volumes/Macintosh HD/System/Library/Caches/com.apple.coresymbolicationd: permission denied
stat /Volumes/Macintosh HD/System/Library/Frameworks/ExternalAccessory.framework/ExternalAccessory: no such file or directory
stat /Volumes/Macintosh HD/System/Library/Frameworks/AddressBook.framework/Resources/AddressBookSourceSyncScheduleHelper: no such file or directory
open /var/db/timed: permission denied
stat /Volumes/Macintosh HD/System/Library/Frameworks/System.framework/System_asan: no such file or directory
stat /Volumes/Macintosh HD/System/Library/Frameworks/Tk.framework/tkConfig.sh: no such file or directory
open /Volumes/Macintosh HD/private/var/db/rmd: permission denied
open /Volumes/Macintosh HD/private/var/db/searchparty: operation not permitted
open /Volumes/Macintosh HD/private/var/db/securityagent: permission denied
open /Volumes/Macintosh HD/private/var/db/sudo: permission denied
open /Volumes/Macintosh HD/private/var/db/sysdiagnose/com.apple.sysdiagnose: operation not permitted
open /Volumes/Macintosh HD/private/var/db/reportmemoryexception: permission denied
open /Volumes/Macintosh HD/private/var/protected/sfanalytics/FFFFEEEE-DDDD-CCCC-BBBB-AAAA00000059: permission denied
open /Volumes/Macintosh HD/private/var/protected/sfanalytics/FFFFEEEE-DDDD-CCCC-BBBB-AAAA000000CD: permission denied
open /Volumes/Macintosh HD/private/var/db/nsurlsessiond: permission denied
open /Volumes/Macintosh HD/private/var/db/timed: permission denied
open /Volumes/Macintosh HD/private/var/db/locationd: permission denied
open /Volumes/Macintosh HD/System/Volumes/Update/Controller: permission denied
open /Volumes/Macintosh HD/System/Volumes/Update/Hardware: permission denied
stat /Volumes/Macintosh HD/Volumes/Macintosh HD/usr/lib/libhunspell-1.2.0.dylib: no such file or directory
stat /Volumes/Macintosh HD/Volumes/Macintosh HD/usr/lib/libiodbc.2.dylib: no such file or directory
stat /Volumes/Macintosh HD/Volumes/Macintosh HD/usr/lib/libiodbcinst.2.dylib: no such file or directory
stat /Volumes/Macintosh HD/Volumes/Macintosh HD/usr/lib/libstdc++.6.dylib: no such file or directory
open /Users/andrewdykema/Library/Calendars: operation not permitted
open /Users/andrewdykema/Library/Assistant/SiriVocabulary: operation not permitted
open /var/db/nsurlsessiond: permission denied
open /Volumes/Macintosh HD/private/var/db/oah: operation not permitted
open /Volumes/Macintosh HD/private/var/db/softwareupdate/Library: permission denied
stat /Volumes/Macintosh HD/var/folders/8b/gz7sj63113qdrr0l_2y74_200000gn/0/com.apple.lockoutagent: operation not permitted
stat /Volumes/Macintosh HD/var/folders/8b/gz7sj63113qdrr0l_2y74_200000gn/0/com.apple.nsurlsessiond: operation not permitted
stat /Volumes/Macintosh HD/var/folders/8b/gz7sj63113qdrr0l_2y74_200000gn/0/com.apple.routined: operation not permitted
stat /Volumes/Macintosh HD/var/folders/8b/gz7sj63113qdrr0l_2y74_200000gn/0/dmd: operation not permitted
open /private/var/folders/zz/zyxvpxvq6csfxvn_n000011800008_/T: permission denied
open /private/var/folders/zz/zyxvpxvq6csfxvn_n000011m00008d/T: permission denied
open /private/var/folders/zz/zyxvpxvq6csfxvn_n000011w00008g/C: permission denied
open /private/var/folders/zz/zyxvpxvq6csfxvn_n000011w00008g/T: permission denied
open /private/var/folders/zz/zyxvpxvq6csfxvn_n000013800008t/C: permission denied
open /private/var/folders/zz/zyxvpxvq6csfxvn_n000013800008t/T: permission denied
open /private/var/folders/zz/zyxvpxvq6csfxvn_n000010r000086/C: permission denied
open /private/var/folders/zz/zyxvpxvq6csfxvn_n000010r000086/T: permission denied
open /private/var/folders/zz/zyxvpxvq6csfxvn_n000010w000087/C: permission denied
open /private/var/folders/zz/zyxvpxvq6csfxvn_n000010w000087/T: permission denied
open /private/var/folders/zz/zyxvpxvq6csfxvn_n0000114000089/C: permission denied
open /private/var/folders/zz/zyxvpxvq6csfxvn_n0000114000089/T: permission denied
open /private/var/folders/zz/zyxvpxvq6csfxvn_n000011800008_/C: permission denied
open /private/var/folders/zz/zyxvpxvq6csfxvn_n000011h00008c/C: permission denied
open /private/var/folders/zz/zyxvpxvq6csfxvn_n000011h00008c/T: permission denied
open /private/var/folders/zz/zyxvpxvq6csfxvn_n000011m00008d/C: permission denied
open /private/var/folders/zz/zyxvpxvq6csfxvn_n000011r00008f/C: permission denied
open /private/var/folders/zz/zyxvpxvq6csfxvn_n000011r00008f/T: permission denied
open /private/var/folders/zz/zyxvpxvq6csfxvn_n000012800008k/C: permission denied
open /private/var/folders/zz/zyxvpxvq6csfxvn_n000012800008k/T: permission denied
open /Volumes/Macintosh HD/Volumes/Macintosh HD/Volumes/Macintosh HD/home: operation not permitted
open /var/db/appinstalld: operation not permitted
open /private/var/folders/zz/zyxvpxvq6csfxvn_n0000108000082/T: permission denied
open /private/var/folders/zz/zyxvpxvq6csfxvn_n0000104000081/C: permission denied
open /private/var/folders/zz/zyxvpxvq6csfxvn_n0000104000081/T: permission denied
open /private/var/folders/zz/zyxvpxvq6csfxvn_n0000108000082/C: permission denied
open /private/var/folders/zz/zyxvpxvq6csfxvn_n000010c000083/C: permission denied
open /private/var/folders/zz/zyxvpxvq6csfxvn_n000010c000083/T: permission denied
open /private/var/folders/zz/zyxvpxvq6csfxvn_n000010h000084/C: permission denied
open /private/var/folders/zz/zyxvpxvq6csfxvn_n000010h000084/T: permission denied
open /private/var/folders/zz/zyxvpxvq6csfxvn_n000010m000085/C: permission denied
open /private/var/folders/zz/zyxvpxvq6csfxvn_n000010m000085/T: permission denied
open /Users/andrewdykema/Library/Cookies: operation not permitted
open /Users/andrewdykema/Library/CoreFollowUp: operation not permitted
open /private/var/folders/zz/zyxvpxvq6csfxvn_n000012400008j/C: permission denied
open /private/var/folders/zz/zyxvpxvq6csfxvn_n000012400008j/T: permission denied
open /var/db/dslocal/nodes/Default: permission denied
stat /Volumes/Macintosh HD/Volumes/Macintosh HD/Volumes/Macintosh HD/usr/X11: no such file or directory
stat /Volumes/Macintosh HD/Volumes/Macintosh HD/Volumes/Macintosh HD/usr/X11R6: no such file or directory
open /Users/andrewdykema/Library/Autosave Information: operation not permitted
open /Users/andrewdykema/Library/Biome: operation not permitted
open /var/folders/zz/zyxvpxvq6csfxvn_n000013800008t/C: permission denied
open /var/folders/zz/zyxvpxvq6csfxvn_n000013800008t/T: permission denied
open /var/folders/zz/zyxvpxvq6csfxvn_n000012400008j/C: permission denied
open /var/folders/zz/zyxvpxvq6csfxvn_n000012400008j/T: permission denied
open /var/folders/zz/zyxvpxvq6csfxvn_n000012800008k/C: permission denied
open /var/folders/zz/zyxvpxvq6csfxvn_n000012800008k/T: permission denied
open /var/folders/zz/zyxvpxvq6csfxvn_n000012r00008p/C: permission denied
open /var/folders/zz/zyxvpxvq6csfxvn_n000012r00008p/T: permission denied
open /var/db/caches/opendirectory: permission denied
open /private/var/folders/zz/zyxvpxvq6csfxvn_n000012r00008p/C: permission denied
open /private/var/folders/zz/zyxvpxvq6csfxvn_n000012r00008p/T: permission denied
stat /System/Library/Frameworks/System.framework/System_asan: no such file or directory
stat /System/Library/Frameworks/System.framework/Versions/Current/System_asan: no such file or directory
open /Users/andrewdykema/Library/Containers/com.apple.archiveutility: operation not permitted
stat /Users/andrewdykema/Library/Containers/com.apple.CalendarAgent/Data/Library/ColorSync: no such file or directory
stat /Users/andrewdykema/Library/Containers/com.apple.CalendarAgent/Data/Library/Components: no such file or directory
stat /Users/andrewdykema/Library/Containers/com.apple.CalendarAgent/Data/Library/Filters: no such file or directory
stat /Users/andrewdykema/Library/Containers/com.apple.CalendarAgent/Data/Library/KeyBindings: no such file or directory
stat /Users/andrewdykema/Library/Containers/com.apple.CalendarAgent/Data/Library/PDF Services: no such file or directory
stat /Users/andrewdykema/Library/Containers/com.apple.CalendarAgent/Data/Library/QuickLook: no such file or directory
stat /Users/andrewdykema/Library/Containers/com.adobe.accmac.ACCFinderSync/Data/Library/ColorSync: no such file or directory
stat /Users/andrewdykema/Library/Containers/com.adobe.accmac.ACCFinderSync/Data/Library/Components: no such file or directory
stat /Users/andrewdykema/Library/Containers/com.adobe.accmac.ACCFinderSync/Data/Library/Filters: no such file or directory
stat /Users/andrewdykema/Library/Containers/com.adobe.accmac.ACCFinderSync/Data/Library/KeyBindings: no such file or directory
stat /Users/andrewdykema/Library/Containers/com.adobe.accmac.ACCFinderSync/Data/Library/PDF Services: no such file or directory
stat /Users/andrewdykema/Library/Containers/com.adobe.accmac.ACCFinderSync/Data/Library/QuickLook: no such file or directory
stat /Users/andrewdykema/Library/Containers/com.apple.amp.devicesui/Data/Library/ColorSync: no such file or directory
stat /Users/andrewdykema/Library/Containers/com.apple.amp.devicesui/Data/Library/Components: no such file or directory
stat /Users/andrewdykema/Library/Containers/com.apple.amp.devicesui/Data/Library/Filters: no such file or directory
stat /Users/andrewdykema/Library/Containers/com.apple.amp.devicesui/Data/Library/KeyBindings: no such file or directory
stat /Users/andrewdykema/Library/Containers/com.apple.amp.devicesui/Data/Library/PDF Services: no such file or directory
stat /Users/andrewdykema/Library/Containers/com.apple.amp.devicesui/Data/Library/QuickLook: no such file or directory
stat /Users/andrewdykema/Library/Containers/com.apple.AMPArtworkAgent/Data/Library/ColorSync: no such file or directory
stat /Users/andrewdykema/Library/Containers/com.apple.AMPArtworkAgent/Data/Library/Components: no such file or directory
stat /Users/andrewdykema/Library/Containers/com.apple.AMPArtworkAgent/Data/Library/Filters: no such file or directory
stat /Users/andrewdykema/Library/Containers/com.apple.AMPArtworkAgent/Data/Library/KeyBindings: no such file or directory
stat /Users/andrewdykema/Library/Containers/com.apple.AMPArtworkAgent/Data/Library/PDF Services: no such file or directory
stat /Users/andrewdykema/Library/Containers/com.apple.AMPArtworkAgent/Data/Library/QuickLook: no such file or directory
stat /Users/andrewdykema/Library/Containers/com.apple.appkit.xpc.ColorPickerImageLoader/Data/Library/ColorSync: no such file or directory
stat /System/Library/Frameworks/System.framework/Versions/B/System_asan: no such file or directory
stat /Users/andrewdykema/Library/Containers/com.apple.appkit.xpc.ColorPickerImageLoader/Data/Library/Components: no such file or directory
stat /Users/andrewdykema/Library/Containers/com.apple..NowPlayingWidgetContainer/Data/Documents/iChats: no such file or directory
stat /Users/andrewdykema/Library/Containers/com.apple.appkit.xpc.ColorPickerImageLoader/Data/Library/Filters: no such file or directory
stat /Users/andrewdykema/Library/Containers/com.apple.appkit.xpc.ColorPickerImageLoader/Data/Library/KeyBindings: no such file or directory
stat /Users/andrewdykema/Library/Containers/com.apple.appkit.xpc.ColorPickerImageLoader/Data/Library/PDF Services: no such file or directory
stat /Users/andrewdykema/Library/Containers/com.apple.appkit.xpc.ColorPickerImageLoader/Data/Library/QuickLook: no such file or directory
open /Users/andrewdykema/Library/Containers/com.apple.CloudDocs.MobileDocumentsFileProvider: operation not permitted
stat /Users/andrewdykema/Library/Containers/com.apple..NowPlayingWidgetContainer/Data/Library/ColorSync: no such file or directory
stat /Users/andrewdykema/Library/Containers/com.apple..NowPlayingWidgetContainer/Data/Library/Components: no such file or directory
stat /Users/andrewdykema/Library/Containers/com.apple..NowPlayingWidgetContainer/Data/Library/Filters: no such file or directory
stat /Users/andrewdykema/Library/Containers/com.apple..NowPlayingWidgetContainer/Data/Library/KeyBindings: no such file or directory
stat /Users/andrewdykema/Library/Containers/com.apple..NowPlayingWidgetContainer/Data/Library/PDF Services: no such file or directory
stat /Users/andrewdykema/Library/Containers/com.apple..NowPlayingWidgetContainer/Data/Library/QuickLook: no such file or directory
stat /Users/andrewdykema/Library/Containers/com.apple.appkit.xpc.ColorSampler/Data/Library/ColorSync: no such file or directory
stat /Users/andrewdykema/Library/Containers/com.apple.appkit.xpc.ColorSampler/Data/Library/Components: no such file or directory
stat /Users/andrewdykema/Library/Containers/com.apple.appkit.xpc.ColorSampler/Data/Library/Filters: no such file or directory
stat /Users/andrewdykema/Library/Containers/com.apple.appkit.xpc.ColorSampler/Data/Library/KeyBindings: no such file or directory
stat /Users/andrewdykema/Library/Containers/com.apple.appkit.xpc.ColorSampler/Data/Library/PDF Services: no such file or directory
stat /Users/andrewdykema/Library/Containers/com.apple.appkit.xpc.ColorSampler/Data/Library/QuickLook: no such file or directory
stat /Users/andrewdykema/Library/Containers/com.apple.appkit.xpc.LegacyExternalColorPickerService/Data/Documents/iChats: no such file or directory
stat /Users/andrewdykema/Library/Containers/com.apple.AVConference.Diagnostic/Data/Library/ColorSync: no such file or directory
stat /Users/andrewdykema/Library/Containers/com.apple.AVConference.Diagnostic/Data/Library/Components: no such file or directory
stat /Users/andrewdykema/Library/Containers/com.apple.AVConference.Diagnostic/Data/Library/Filters: no such file or directory
stat /Users/andrewdykema/Library/Containers/com.apple.AVConference.Diagnostic/Data/Library/KeyBindings: no such file or directory
stat /Users/andrewdykema/Library/Containers/com.apple.AVConference.Diagnostic/Data/Library/PDF Services: no such file or directory
stat /Users/andrewdykema/Library/Containers/com.apple.AVConference.Diagnostic/Data/Library/QuickLook: no such file or directory
stat /Users/andrewdykema/Library/Containers/com.apple.appkit.xpc.LegacyExternalColorPickerService/Data/Library/ColorSync: no such file or directory
stat /Users/andrewdykema/Library/Containers/com.apple.appkit.xpc.LegacyExternalColorPickerService/Data/Library/Components: no such file or directory
stat /Users/andrewdykema/Library/Containers/com.apple.appkit.xpc.LegacyExternalColorPickerService/Data/Library/Filters: no such file or directory
stat /Users/andrewdykema/Library/Containers/com.apple.appkit.xpc.LegacyExternalColorPickerService/Data/Library/KeyBindings: no such file or directory
stat /Users/andrewdykema/Library/Containers/com.apple.appkit.xpc.LegacyExternalColorPickerService/Data/Library/PDF Services: no such file or directory
stat /Users/andrewdykema/Library/Containers/com.apple.appkit.xpc.LegacyExternalColorPickerService/Data/Library/QuickLook: no such file or directory
stat /Users/andrewdykema/Library/Containers/com.apple.AboutThisMacLauncher/Data/Library/ColorSync: no such file or directory
stat /Users/andrewdykema/Library/Containers/com.apple.AboutThisMacLauncher/Data/Library/Components: no such file or directory
stat /Users/andrewdykema/Library/Containers/com.apple.AboutThisMacLauncher/Data/Library/Filters: no such file or directory
stat /Users/andrewdykema/Library/Containers/com.apple.AboutThisMacLauncher/Data/Library/KeyBindings: no such file or directory
stat /Users/andrewdykema/Library/Containers/com.apple.AboutThisMacLauncher/Data/Library/PDF Services: no such file or directory
stat /Users/andrewdykema/Library/Containers/com.apple.AboutThisMacLauncher/Data/Library/QuickLook: no such file or directory
stat /Users/andrewdykema/Library/Containers/com.apple.appkit.xpc.LegacyExternalColorPickerService.x86_64/Data/Library/ColorSync: no such file or directory
stat /Users/andrewdykema/Library/Containers/com.apple.appkit.xpc.LegacyExternalColorPickerService.x86_64/Data/Library/Components: no such file or directory
stat /Users/andrewdykema/Library/Containers/com.apple.appkit.xpc.LegacyExternalColorPickerService.x86_64/Data/Library/Filters: no such file or directory
stat /Users/andrewdykema/Library/Containers/com.apple.ActionKit.BundledIntentHandler/Data/Library/ColorSync: no such file or directory
stat /Users/andrewdykema/Library/Containers/com.apple.ActionKit.BundledIntentHandler/Data/Library/Components: no such file or directory
stat /Users/andrewdykema/Library/Containers/com.apple.appkit.xpc.LegacyExternalColorPickerService.x86_64/Data/Library/KeyBindings: no such file or directory
stat /Users/andrewdykema/Library/Containers/com.apple.ActionKit.BundledIntentHandler/Data/Library/Filters: no such file or directory
stat /Users/andrewdykema/Library/Containers/com.apple.appkit.xpc.LegacyExternalColorPickerService.x86_64/Data/Library/PDF Services: no such file or directory
stat /Users/andrewdykema/Library/Containers/com.apple.appkit.xpc.LegacyExternalColorPickerService.x86_64/Data/Library/QuickLook: no such file or directory
stat /Users/andrewdykema/Library/Containers/com.apple.ActionKit.BundledIntentHandler/Data/Library/KeyBindings: no such file or directory
stat /Users/andrewdykema/Library/Containers/com.apple.CoreHapticsTools.HapticsQLThumbnailExtension/Data/Library/ColorSync: no such file or directory
stat /Users/andrewdykema/Library/Containers/com.apple.CoreHapticsTools.HapticsQLThumbnailExtension/Data/Library/Components: no such file or directory
stat /Users/andrewdykema/Library/Containers/com.apple.ActionKit.BundledIntentHandler/Data/Library/PDF Services: no such file or directory
stat /Users/andrewdykema/Library/Containers/com.apple.ActionKit.BundledIntentHandler/Data/Library/QuickLook: no such file or directory
stat /Users/andrewdykema/Library/Containers/com.apple.CoreHapticsTools.HapticsQLThumbnailExtension/Data/Library/Filters: no such file or directory
stat /Users/andrewdykema/Library/Containers/com.apple.CoreHapticsTools.HapticsQLThumbnailExtension/Data/Library/KeyBindings: no such file or directory
stat /Users/andrewdykema/Library/Containers/com.apple.CoreHapticsTools.HapticsQLThumbnailExtension/Data/Library/PDF Services: no such file or directory
stat /Users/andrewdykema/Library/Containers/com.apple.CoreHapticsTools.HapticsQLThumbnailExtension/Data/Library/QuickLook: no such file or directory
stat /Users/andrewdykema/Library/Containers/com.apple.appkit.xpc.WindowSharingControlViewService/Data/Library/ColorSync: no such file or directory
stat /Users/andrewdykema/Library/Containers/com.apple.appkit.xpc.WindowSharingControlViewService/Data/Library/Components: no such file or directory
stat /Users/andrewdykema/Library/Containers/com.apple.appkit.xpc.WindowSharingControlViewService/Data/Library/Filters: no such file or directory
stat /Users/andrewdykema/Library/Containers/com.apple.appkit.xpc.WindowSharingControlViewService/Data/Library/KeyBindings: no such file or directory
stat /Users/andrewdykema/Library/Containers/com.apple.CoreHapticsTools.QLPreviewExtension/Data/Library/ColorSync: no such file or directory
stat /Users/andrewdykema/Library/Containers/com.apple.appkit.xpc.WindowSharingControlViewService/Data/Library/PDF Services: no such file or directory
stat /Users/andrewdykema/Library/Containers/com.apple.CoreHapticsTools.QLPreviewExtension/Data/Library/Components: no such file or directory
stat /Users/andrewdykema/Library/Containers/com.apple.appkit.xpc.WindowSharingControlViewService/Data/Library/QuickLook: no such file or directory
stat /Users/andrewdykema/Library/Containers/com.apple.CoreHapticsTools.QLPreviewExtension/Data/Library/Filters: no such file or directory
stat /Users/andrewdykema/Library/Containers/com.apple.CoreHapticsTools.QLPreviewExtension/Data/Library/KeyBindings: no such file or directory
stat /Users/andrewdykema/Library/Containers/com.apple.CoreHapticsTools.QLPreviewExtension/Data/Library/PDF Services: no such file or directory
stat /Users/andrewdykema/Library/Containers/com.apple.CoreHapticsTools.QLPreviewExtension/Data/Library/QuickLook: no such file or directory
stat /Users/andrewdykema/Library/Containers/com.apple.AddressBook.UrlForwarder/Data/Library/ColorSync: no such file or directory
stat /Users/andrewdykema/Library/Containers/com.apple.AddressBook.UrlForwarder/Data/Library/Components: no such file or directory
stat /Users/andrewdykema/Library/Containers/com.apple.AddressBook.UrlForwarder/Data/Library/Filters: no such file or directory
stat /Users/andrewdykema/Library/Containers/com.apple.AddressBook.UrlForwarder/Data/Library/KeyBindings: no such file or directory
stat /Users/andrewdykema/Library/Containers/com.apple.CoreHapticsTools.HapticsQLPreviewExtension/Data/Library/ColorSync: no such file or directory
stat /Users/andrewdykema/Library/Containers/com.apple.AddressBook.UrlForwarder/Data/Library/PDF Services: no such file or directory
stat /Users/andrewdykema/Library/Containers/com.apple.CoreHapticsTools.HapticsQLPreviewExtension/Data/Library/Components: no such file or directory
stat /Users/andrewdykema/Library/Containers/com.apple.CoreHapticsTools.HapticsQLPreviewExtension/Data/Library/Filters: no such file or directory
stat /Users/andrewdykema/Library/Containers/com.apple.CoreHapticsTools.HapticsQLPreviewExtension/Data/Library/KeyBindings: no such file or directory
stat /Users/andrewdykema/Library/Containers/com.apple.AddressBook.UrlForwarder/Data/Library/QuickLook: no such file or directory
stat /Users/andrewdykema/Library/Containers/com.apple.CoreHapticsTools.HapticsQLPreviewExtension/Data/Library/PDF Services: no such file or directory
stat /Users/andrewdykema/Library/Containers/com.apple.CoreHapticsTools.HapticsQLPreviewExtension/Data/Library/QuickLook: no such file or directory
stat /Users/andrewdykema/Library/Containers/com.apple.appleseed.FeedbackAssistant/Data/Library/ColorSync: no such file or directory
stat /Users/andrewdykema/Library/Containers/com.apple.appleseed.FeedbackAssistant/Data/Library/Components: no such file or directory
stat /Users/andrewdykema/Library/Containers/com.apple.appleseed.FeedbackAssistant/Data/Library/Filters: no such file or directory
stat /Users/andrewdykema/Library/Containers/com.apple.appleseed.FeedbackAssistant/Data/Library/KeyBindings: no such file or directory
stat /Users/andrewdykema/Library/Containers/com.apple.appleseed.FeedbackAssistant/Data/Library/PDF Services: no such file or directory
stat /Users/andrewdykema/Library/Containers/com.apple.appleseed.FeedbackAssistant/Data/Library/QuickLook: no such file or directory
stat /Users/andrewdykema/Library/Containers/com.apple.CoreHapticsTools.QLThumbnailExtension/Data/Library/ColorSync: no such file or directory
stat /Users/andrewdykema/Library/Containers/com.apple.CoreHapticsTools.QLThumbnailExtension/Data/Library/Components: no such file or directory
stat /Users/andrewdykema/Library/Containers/com.apple.CoreHapticsTools.QLThumbnailExtension/Data/Library/Filters: no such file or directory
stat /Users/andrewdykema/Library/Containers/com.apple.CoreHapticsTools.QLThumbnailExtension/Data/Library/KeyBindings: no such file or directory
stat /Users/andrewdykema/Library/Containers/com.apple.CoreHapticsTools.QLThumbnailExtension/Data/Library/PDF Services: no such file or directory
stat /Users/andrewdykema/Library/Containers/com.apple.CoreHapticsTools.QLThumbnailExtension/Data/Library/QuickLook: no such file or directory
stat /Users/andrewdykema/Library/Containers/com.apple.AirPlayUIAgent/Data/Library/ColorSync: no such file or directory
stat /Users/andrewdykema/Library/Containers/com.apple.AirPlayUIAgent/Data/Library/Components: no such file or directory
stat /Users/andrewdykema/Library/Containers/com.apple.AddressBook.ABPersonViewService/Data/Library/ColorSync: no such file or directory
stat /Users/andrewdykema/Library/Containers/com.apple.AddressBook.ABPersonViewService/Data/Library/Components: no such file or directory
stat /Users/andrewdykema/Library/Containers/com.apple.AddressBook.ABPersonViewService/Data/Library/Filters: no such file or directory
stat /Users/andrewdykema/Library/Containers/com.apple.AddressBook.ABPersonViewService/Data/Library/KeyBindings: no such file or directory
stat /Users/andrewdykema/Library/Containers/com.apple.AddressBook.ABPersonViewService/Data/Library/PDF Services: no such file or directory
stat /Users/andrewdykema/Library/Containers/com.apple.AddressBook.ABPersonViewService/Data/Library/QuickLook: no such file or directory
stat /Users/andrewdykema/Library/Containers/com.apple.appstore/Data/Library/ColorSync: no such file or directory
stat /Users/andrewdykema/Library/Containers/com.apple.appstore/Data/Library/Components: no such file or directory
stat /Users/andrewdykema/Library/Containers/com.apple.AirPlayUIAgent/Data/Library/Filters: no such file or directory
stat /Users/andrewdykema/Library/Containers/com.apple.AirPlayUIAgent/Data/Library/KeyBindings: no such file or directory
stat /Users/andrewdykema/Library/Containers/com.apple.AirPlayUIAgent/Data/Library/PDF Services: no such file or directory
stat /Users/andrewdykema/Library/Containers/com.apple.AirPlayUIAgent/Data/Library/QuickLook: no such file or directory
stat /Users/andrewdykema/Library/Containers/com.apple.appstore/Data/Library/Filters: no such file or directory
stat /Users/andrewdykema/Library/Containers/com.apple.appstore/Data/Library/KeyBindings: no such file or directory
stat /Users/andrewdykema/Library/Containers/com.apple.appstore/Data/Library/PDF Services: no such file or directory
stat /Users/andrewdykema/Library/Containers/com.apple.appstore/Data/Library/QuickLook: no such file or directory
stat /Users/andrewdykema/Library/Containers/com.apple.CalendarFileHandler/Data/Library/ColorSync: no such file or directory
stat /Users/andrewdykema/Library/Containers/com.apple.CalendarFileHandler/Data/Library/Components: no such file or directory
stat /Users/andrewdykema/Library/Containers/com.apple.CoreRoutine.RTDiagnosticExtension/Data/Library/ColorSync: no such file or directory
stat /Users/andrewdykema/Library/Containers/com.apple.CalendarFileHandler/Data/Library/Filters: no such file or directory
stat /Users/andrewdykema/Library/Containers/com.apple.CoreRoutine.RTDiagnosticExtension/Data/Library/Components: no such file or directory
stat /Users/andrewdykema/Library/Containers/com.apple.CoreRoutine.RTDiagnosticExtension/Data/Library/Filters: no such file or directory
stat /Users/andrewdykema/Library/Containers/com.apple.CalendarFileHandler/Data/Library/KeyBindings: no such file or directory
stat /Users/andrewdykema/Library/Containers/com.apple.AddressBook.ContactsAccountsService/Data/Documents/iChats: no such file or directory
stat /Users/andrewdykema/Library/Containers/com.apple.CalendarFileHandler/Data/Library/PDF Services: no such file or directory
stat /Users/andrewdykema/Library/Containers/com.apple.CoreRoutine.RTDiagnosticExtension/Data/Library/KeyBindings: no such file or directory
stat /Users/andrewdykema/Library/Containers/com.apple.CalendarFileHandler/Data/Library/QuickLook: no such file or directory
stat /Users/andrewdykema/Library/Containers/com.apple.appstore.PluginXPCService/Data/Documents/iChats: no such file or directory
stat /Users/andrewdykema/Library/Containers/com.apple.CoreRoutine.RTDiagnosticExtension/Data/Library/PDF Services: no such file or directory
stat /Users/andrewdykema/Library/Containers/com.apple.CoreRoutine.RTDiagnosticExtension/Data/Library/QuickLook: no such file or directory
stat /Users/andrewdykema/Library/Containers/com.apple.AmbientDisplayAgent/Data/Documents/iChats: no such file or directory
stat /Users/andrewdykema/Library/Containers/com.apple.appstore.PluginXPCService/Data/Library/ColorSync: no such file or directory
stat /Users/andrewdykema/Library/Containers/com.apple.appstore.PluginXPCService/Data/Library/Components: no such file or directory
stat /Users/andrewdykema/Library/Containers/com.apple.appstore.PluginXPCService/Data/Library/Filters: no such file or directory
stat /Users/andrewdykema/Library/Containers/com.apple.appstore.PluginXPCService/Data/Library/KeyBindings: no such file or directory
stat /Users/andrewdykema/Library/Containers/com.apple.AddressBook.ContactsAccountsService/Data/Library/ColorSync: no such file or directory
stat /Users/andrewdykema/Library/Containers/com.apple.AddressBook.ContactsAccountsService/Data/Library/Components: no such file or directory
stat /Users/andrewdykema/Library/Containers/com.apple.appstore.PluginXPCService/Data/Library/PDF Services: no such file or directory
stat /Users/andrewdykema/Library/Containers/com.apple.appstore.PluginXPCService/Data/Library/QuickLook: no such file or directory
stat /Users/andrewdykema/Library/Containers/com.apple.AddressBook.ContactsAccountsService/Data/Library/Filters: no such file or directory
stat /Users/andrewdykema/Library/Containers/com.apple.AddressBook.ContactsAccountsService/Data/Library/KeyBindings: no such file or directory
stat /Users/andrewdykema/Library/Containers/com.apple.AddressBook.ContactsAccountsService/Data/Library/PDF Services: no such file or directory
stat /Users/andrewdykema/Library/Containers/com.apple.AddressBook.ContactsAccountsService/Data/Library/QuickLook: no such file or directory
stat /Users/andrewdykema/Library/Containers/com.apple.AmbientDisplayAgent/Data/Library/ColorSync: no such file or directory
stat /Users/andrewdykema/Library/Containers/com.apple.AmbientDisplayAgent/Data/Library/Components: no such file or directory
stat /Users/andrewdykema/Library/Containers/com.apple.CoreRoutine.helperservice/Data/Library/ColorSync: no such file or directory
stat /Users/andrewdykema/Library/Containers/com.apple.CoreRoutine.helperservice/Data/Library/Components: no such file or directory
stat /Users/andrewdykema/Library/Containers/com.apple.AmbientDisplayAgent/Data/Library/Filters: no such file or directory
stat /Users/andrewdykema/Library/Containers/com.apple.CoreRoutine.helperservice/Data/Library/Filters: no such file or directory
stat /Users/andrewdykema/Library/Containers/com.apple.AmbientDisplayAgent/Data/Library/KeyBindings: no such file or directory
stat /Users/andrewdykema/Library/Containers/com.apple.CoreRoutine.helperservice/Data/Library/KeyBindings: no such file or directory
stat /Users/andrewdykema/Library/Containers/com.apple.archiveutility.auquarantineservice/Data/Library/ColorSync: no such file or directory
stat /Users/andrewdykema/Library/Containers/com.apple.AmbientDisplayAgent/Data/Library/PDF Services: no such file or directory
stat /Users/andrewdykema/Library/Containers/com.apple.CoreRoutine.helperservice/Data/Library/PDF Services: no such file or directory
stat /Users/andrewdykema/Library/Containers/com.apple.archiveutility.auquarantineservice/Data/Library/Components: no such file or directory
stat /Users/andrewdykema/Library/Containers/com.apple.AmbientDisplayAgent/Data/Library/QuickLook: no such file or directory
stat /Users/andrewdykema/Library/Containers/com.apple.CoreRoutine.helperservice/Data/Library/QuickLook: no such file or directory
stat /Users/andrewdykema/Library/Containers/com.apple.archiveutility.auquarantineservice/Data/Library/Filters: no such file or directory
stat /Users/andrewdykema/Library/Containers/com.apple.archiveutility.auquarantineservice/Data/Library/KeyBindings: no such file or directory
stat /Users/andrewdykema/Library/Containers/com.apple.archiveutility.auquarantineservice/Data/Library/PDF Services: no such file or directory
stat /Users/andrewdykema/Library/Containers/com.apple.archiveutility.auquarantineservice/Data/Library/QuickLook: no such file or directory
stat /Users/andrewdykema/Library/Containers/com.apple.CalendarNotification.CalNCService/Data/Library/ColorSync: no such file or directory
stat /Users/andrewdykema/Library/Containers/com.apple.CalendarNotification.CalNCService/Data/Library/Components: no such file or directory
stat /Users/andrewdykema/Library/Containers/com.apple.CalendarNotification.CalNCService/Data/Library/Filters: no such file or directory
stat /Users/andrewdykema/Library/Containers/com.apple.CalendarNotification.CalNCService/Data/Library/KeyBindings: no such file or directory
stat /Users/andrewdykema/Library/Containers/com.apple.CalendarNotification.CalNCService/Data/Library/PDF Services: no such file or directory
stat /Users/andrewdykema/Library/Containers/com.apple.CalendarNotification.CalNCService/Data/Library/QuickLook: no such file or directory
stat /Users/andrewdykema/Library/Containers/com.apple.AddressBook/Data/Library/ColorSync: no such file or directory
stat /Users/andrewdykema/Library/Containers/com.apple.AddressBook/Data/Library/Components: no such file or directory
stat /Users/andrewdykema/Library/Containers/com.apple.AddressBook/Data/Library/Filters: no such file or directory
stat /Users/andrewdykema/Library/Containers/com.apple.AddressBook/Data/Library/KeyBindings: no such file or directory
stat /Users/andrewdykema/Library/Containers/com.apple.AddressBook/Data/Library/PDF Services: no such file or directory
stat /Users/andrewdykema/Library/Containers/com.apple.AddressBook/Data/Library/QuickLook: no such file or directory
stat /Users/andrewdykema/Library/Containers/com.apple.DiscHelper/Data/Library/ColorSync: no such file or directory
stat /Users/andrewdykema/Library/Containers/com.apple.DiscHelper/Data/Library/Components: no such file or directory
stat /Users/andrewdykema/Library/Containers/com.apple.DiscHelper/Data/Library/Filters: no such file or directory
stat /Users/andrewdykema/Library/Containers/com.apple.DiscHelper/Data/Library/KeyBindings: no such file or directory
stat /Users/andrewdykema/Library/Containers/com.apple.DiscHelper/Data/Library/PDF Services: no such file or directory
stat /Users/andrewdykema/Library/Containers/com.apple.DiscHelper/Data/Library/QuickLook: no such file or directory
stat /Users/andrewdykema/Library/Containers/com.apple.CoreSpotlight.ImportExtension/Data/Library/ColorSync: no such file or directory
stat /Users/andrewdykema/Library/Containers/com.apple.CoreSpotlight.ImportExtension/Data/Library/Components: no such file or directory
stat /Users/andrewdykema/Library/Containers/com.apple.CoreSpotlight.ImportExtension/Data/Library/Filters: no such file or directory
stat /Users/andrewdykema/Library/Containers/com.apple.CalendarWeatherKitService/Data/Library/ColorSync: no such file or directory
stat /Users/andrewdykema/Library/Containers/com.apple.CalendarWeatherKitService/Data/Library/Components: no such file or directory
stat /Users/andrewdykema/Library/Containers/com.apple.CoreSpotlight.ImportExtension/Data/Library/KeyBindings: no such file or directory
stat /Users/andrewdykema/Library/Containers/com.apple.MobileSMS.spotlight/Data/Library/ColorSync: no such file or directory
stat /Users/andrewdykema/Library/Containers/com.apple.biome.BiomeStreams.BiomeLighthousePlugin/Data/Library/ColorSync: no such file or directory
stat /Users/andrewdykema/Library/Containers/com.apple.MobileSMS.spotlight/Data/Library/Components: no such file or directory
stat /Users/andrewdykema/Library/Containers/com.apple.CalendarWeatherKitService/Data/Library/Filters: no such file or directory
stat /Users/andrewdykema/Library/Containers/com.apple.biome.BiomeStreams.BiomeLighthousePlugin/Data/Library/Components: no such file or directory
stat /Users/andrewdykema/Library/Containers/com.apple.CoreSpotlight.ImportExtension/Data/Library/PDF Services: no such file or directory
stat /Users/andrewdykema/Library/Containers/com.apple.MobileSMS.spotlight/Data/Library/Filters: no such file or directory
stat /Users/andrewdykema/Library/Containers/com.apple.CoreSpotlight.ImportExtension/Data/Library/QuickLook: no such file or directory
stat /Users/andrewdykema/Library/Containers/com.apple.biome.BiomeStreams.BiomeLighthousePlugin/Data/Library/Filters: no such file or directory
stat /Users/andrewdykema/Library/Containers/com.apple.MobileSMS.spotlight/Data/Library/KeyBindings: no such file or directory
stat /Users/andrewdykema/Library/Containers/com.apple.biome.BiomeStreams.BiomeLighthousePlugin/Data/Library/KeyBindings: no such file or directory
stat /Users/andrewdykema/Library/Containers/com.apple.Animoji.StickersApp.MessagesExtension/Data/Library/ColorSync: no such file or directory
stat /Users/andrewdykema/Library/Containers/com.apple.Animoji.StickersApp.MessagesExtension/Data/Library/Components: no such file or directory
stat /Users/andrewdykema/Library/Containers/com.apple.MobileSMS.spotlight/Data/Library/PDF Services: no such file or directory
stat /Users/andrewdykema/Library/Containers/com.apple.MobileSMS.spotlight/Data/Library/QuickLook: no such file or directory
stat /Users/andrewdykema/Library/Containers/com.apple.biome.BiomeStreams.BiomeLighthousePlugin/Data/Library/PDF Services: no such file or directory
stat /Users/andrewdykema/Library/Containers/com.apple.CalendarWeatherKitService/Data/Library/KeyBindings: no such file or directory
stat /Users/andrewdykema/Library/Containers/com.apple.Animoji.StickersApp.MessagesExtension/Data/Library/Filters: no such file or directory
stat /Users/andrewdykema/Library/Containers/com.apple.biome.BiomeStreams.BiomeLighthousePlugin/Data/Library/QuickLook: no such file or directory
stat /Users/andrewdykema/Library/Containers/com.apple.CalendarWeatherKitService/Data/Library/PDF Services: no such file or directory
stat /Users/andrewdykema/Library/Containers/com.apple.Animoji.StickersApp.MessagesExtension/Data/Library/KeyBindings: no such file or directory
stat /Users/andrewdykema/Library/Containers/com.apple.CalendarWeatherKitService/Data/Library/QuickLook: no such file or directory
stat /Users/andrewdykema/Library/Containers/com.apple.Animoji.StickersApp.MessagesExtension/Data/Library/PDF Services: no such file or directory
stat /Users/andrewdykema/Library/Containers/com.apple.Animoji.StickersApp.MessagesExtension/Data/Library/QuickLook: no such file or directory
stat /Users/andrewdykema/Library/Containers/com.apple.CryptoTokenKit.pivtoken/Data/Library/ColorSync: no such file or directory
stat /Users/andrewdykema/Library/Containers/com.apple.CryptoTokenKit.pivtoken/Data/Library/Components: no such file or directory
stat /Users/andrewdykema/Library/Containers/com.apple.CryptoTokenKit.pivtoken/Data/Library/Filters: no such file or directory
stat /Users/andrewdykema/Library/Containers/com.apple.CryptoTokenKit.pivtoken/Data/Library/KeyBindings: no such file or directory
stat /Users/andrewdykema/Library/Containers/com.apple.CryptoTokenKit.pivtoken/Data/Library/PDF Services: no such file or directory
stat /Users/andrewdykema/Library/Containers/com.apple.CryptoTokenKit.pivtoken/Data/Library/QuickLook: no such file or directory
stat /Users/andrewdykema/Library/Containers/com.apple.calculator/Data/Library/ColorSync: no such file or directory
stat /Users/andrewdykema/Library/Containers/com.apple.AppSSOKerberos.KerberosExtension/Data/Library/ColorSync: no such file or directory
stat /Users/andrewdykema/Library/Containers/com.apple.calculator/Data/Library/Components: no such file or directory
stat /Users/andrewdykema/Library/Containers/com.apple.AppSSOKerberos.KerberosExtension/Data/Library/Components: no such file or directory
stat /Users/andrewdykema/Library/Containers/com.apple.AppSSOKerberos.KerberosExtension/Data/Library/Filters: no such file or directory
stat /Users/andrewdykema/Library/Containers/com.apple.calculator/Data/Library/Filters: no such file or directory
stat /Users/andrewdykema/Library/Containers/com.apple.AppSSOKerberos.KerberosExtension/Data/Library/KeyBindings: no such file or directory
stat /Users/andrewdykema/Library/Containers/com.apple.calculator/Data/Library/KeyBindings: no such file or directory
stat /Users/andrewdykema/Library/Containers/com.apple.calculator/Data/Library/PDF Services: no such file or directory
stat /Users/andrewdykema/Library/Containers/com.apple.CryptoTokenKit.setoken/Data/Documents/iChats: no such file or directory
stat /Users/andrewdykema/Library/Containers/com.apple.calculator/Data/Library/QuickLook: no such file or directory
stat /Users/andrewdykema/Library/Containers/com.apple.AppSSOKerberos.KerberosExtension/Data/Library/PDF Services: no such file or directory
stat /Users/andrewdykema/Library/Containers/com.apple.AppSSOKerberos.KerberosExtension/Data/Library/QuickLook: no such file or directory
stat /Users/andrewdykema/Library/Containers/com.apple.CalendarWidget.IntentsExtension/Data/Library/ColorSync: no such file or directory
stat /Users/andrewdykema/Library/Containers/com.apple.CalendarWidget.IntentsExtension/Data/Library/Components: no such file or directory
stat /Users/andrewdykema/Library/Containers/com.apple.CalendarWidget.IntentsExtension/Data/Library/Filters: no such file or directory
stat /Users/andrewdykema/Library/Containers/com.apple.CalendarWidget.IntentsExtension/Data/Library/KeyBindings: no such file or directory
stat /Users/andrewdykema/Library/Containers/com.apple.CalendarWidget.IntentsExtension/Data/Library/PDF Services: no such file or directory
stat /Users/andrewdykema/Library/Containers/com.apple.CalendarWidget.IntentsExtension/Data/Library/QuickLook: no such file or directory
stat /Users/andrewdykema/Library/Containers/com.apple.CryptoTokenKit.setoken/Data/Library/ColorSync: no such file or directory
stat /Users/andrewdykema/Library/Containers/com.apple.CryptoTokenKit.setoken/Data/Library/Components: no such file or directory
open /Users/andrewdykema/Library/Containers/com.apple.Notes: operation not permitted
stat /Users/andrewdykema/Library/Containers/com.apple.AppStoreDaemon.ASDAskPermissionExtension/Data/Library/ColorSync: no such file or directory
stat /Users/andrewdykema/Library/Containers/com.apple.CryptoTokenKit.setoken/Data/Library/Filters: no such file or directory
stat /Users/andrewdykema/Library/Containers/com.apple.AppStoreDaemon.ASDAskPermissionExtension/Data/Library/Components: no such file or directory
stat /Users/andrewdykema/Library/Containers/com.apple.CryptoTokenKit.setoken/Data/Library/KeyBindings: no such file or directory
stat /Users/andrewdykema/Library/Containers/com.apple.AppStoreDaemon.ASDAskPermissionExtension/Data/Library/Filters: no such file or directory
stat /Users/andrewdykema/Library/Containers/com.apple.AppStoreDaemon.ASDAskPermissionExtension/Data/Library/KeyBindings: no such file or directory
stat /Users/andrewdykema/Library/Containers/com.apple.CryptoTokenKit.setoken/Data/Library/PDF Services: no such file or directory
stat /Users/andrewdykema/Library/Containers/com.apple.CryptoTokenKit.setoken/Data/Library/QuickLook: no such file or directory
stat /Users/andrewdykema/Library/Containers/com.apple.AppStoreDaemon.ASDAskPermissionExtension/Data/Library/PDF Services: no such file or directory
stat /Users/andrewdykema/Library/Containers/com.apple.AppStoreDaemon.ASDAskPermissionExtension/Data/Library/QuickLook: no such file or directory
stat /Users/andrewdykema/Library/Containers/com.apple.contacts.donation-agent/Data/Library/ColorSync: no such file or directory
stat /Users/andrewdykema/Library/Containers/com.apple.contacts.donation-agent/Data/Library/Components: no such file or directory
stat /Users/andrewdykema/Library/Containers/com.apple.DoNotDisturb.Intents/Data/Library/ColorSync: no such file or directory
stat /Users/andrewdykema/Library/Containers/com.apple.DoNotDisturb.Intents/Data/Library/Components: no such file or directory
stat /Users/andrewdykema/Library/Containers/com.apple.contacts.donation-agent/Data/Library/Filters: no such file or directory
stat /Users/andrewdykema/Library/Containers/com.apple.DoNotDisturb.Intents/Data/Library/Filters: no such file or directory
stat /Users/andrewdykema/Library/Containers/com.apple.contacts.donation-agent/Data/Library/KeyBindings: no such file or directory
stat /Users/andrewdykema/Library/Containers/com.apple.DoNotDisturb.Intents/Data/Library/KeyBindings: no such file or directory
stat /Users/andrewdykema/Library/Containers/com.apple.contacts.donation-agent/Data/Library/PDF Services: no such file or directory
stat /Users/andrewdykema/Library/Containers/com.apple.CaptiveNetworkAssistant/Data/Library/ColorSync: no such file or directory
stat /Users/andrewdykema/Library/Containers/com.apple.contacts.donation-agent/Data/Library/QuickLook: no such file or directory
stat /Users/andrewdykema/Library/Containers/com.apple.DoNotDisturb.Intents/Data/Library/PDF Services: no such file or directory
stat /Users/andrewdykema/Library/Containers/com.apple.CaptiveNetworkAssistant/Data/Library/Components: no such file or directory
stat /Users/andrewdykema/Library/Containers/com.apple.DoNotDisturb.Intents/Data/Library/QuickLook: no such file or directory
stat /Users/andrewdykema/Library/Containers/com.apple.CaptiveNetworkAssistant/Data/Library/Filters: no such file or directory
stat /Users/andrewdykema/Library/Containers/com.apple.CaptiveNetworkAssistant/Data/Library/KeyBindings: no such file or directory
stat /Users/andrewdykema/Library/Containers/com.apple.CaptiveNetworkAssistant/Data/Library/PDF Services: no such file or directory
stat /Users/andrewdykema/Library/Containers/com.apple.CaptiveNetworkAssistant/Data/Library/QuickLook: no such file or directory
stat /Users/andrewdykema/Library/Containers/com.apple.AppleMediaServices.FollowUpExtension/Data/Library/ColorSync: no such file or directory
stat /Users/andrewdykema/Library/Containers/com.apple.AppleMediaServices.FollowUpExtension/Data/Library/Components: no such file or directory
stat /Users/andrewdykema/Library/Containers/com.apple.AppleMediaServices.FollowUpExtension/Data/Library/Filters: no such file or directory
stat /Users/andrewdykema/Library/Containers/com.apple.AppleMediaServices.FollowUpExtension/Data/Library/KeyBindings: no such file or directory
stat /Users/andrewdykema/Library/Containers/com.apple.AppleMediaServices.FollowUpExtension/Data/Library/PDF Services: no such file or directory
stat /Users/andrewdykema/Library/Containers/com.apple.DataDetectorsActionService/Data/Library/ColorSync: no such file or directory
stat /Users/andrewdykema/Library/Containers/com.apple.AppleMediaServices.FollowUpExtension/Data/Library/QuickLook: no such file or directory
stat /Users/andrewdykema/Library/Containers/com.apple.DataDetectorsActionService/Data/Library/Components: no such file or directory
stat /Users/andrewdykema/Library/Containers/com.apple.DataDetectorsActionService/Data/Library/Filters: no such file or directory
stat /Users/andrewdykema/Library/Containers/com.apple.DataDetectorsActionService/Data/Library/KeyBindings: no such file or directory
stat /Users/andrewdykema/Library/Containers/com.apple.DataDetectorsActionService/Data/Library/PDF Services: no such file or directory
stat /Users/andrewdykema/Library/Containers/com.apple.DataDetectorsActionService/Data/Library/QuickLook: no such file or directory
stat /Users/andrewdykema/Library/Containers/com.apple.coremedia.pluginformatreader/Data/Library/ColorSync: no such file or directory
stat /Users/andrewdykema/Library/Containers/com.apple.coremedia.pluginformatreader/Data/Library/Components: no such file or directory
stat /Users/andrewdykema/Library/Containers/com.apple.coremedia.pluginformatreader/Data/Library/Filters: no such file or directory
stat /Users/andrewdykema/Library/Containers/com.apple.coremedia.pluginformatreader/Data/Library/KeyBindings: no such file or directory
stat /Users/andrewdykema/Library/Containers/com.apple.coremedia.pluginformatreader/Data/Library/PDF Services: no such file or directory
stat /Users/andrewdykema/Library/Containers/com.apple.coremedia.pluginformatreader/Data/Library/QuickLook: no such file or directory
stat /Users/andrewdykema/Library/Containers/com.apple.Chess/Data/Library/ColorSync: no such file or directory
stat /Users/andrewdykema/Library/Containers/com.apple.DataDetectorsLocalSources/Data/Library/ColorSync: no such file or directory
stat /Users/andrewdykema/Library/Containers/com.apple.DataDetectorsLocalSources/Data/Library/Components: no such file or directory
stat /Users/andrewdykema/Library/Containers/com.apple.Chess/Data/Library/Components: no such file or directory
stat /Users/andrewdykema/Library/Containers/com.apple.Chess/Data/Library/Filters: no such file or directory
stat /Users/andrewdykema/Library/Containers/com.apple.DataDetectorsLocalSources/Data/Library/Filters: no such file or directory
stat /Users/andrewdykema/Library/Containers/com.apple.Chess/Data/Library/KeyBindings: no such file or directory
stat /Users/andrewdykema/Library/Containers/com.apple.DataDetectorsLocalSources/Data/Library/KeyBindings: no such file or directory
stat /Users/andrewdykema/Library/Containers/com.apple.Chess/Data/Library/PDF Services: no such file or directory
stat /Users/andrewdykema/Library/Containers/com.apple.Chess/Data/Library/QuickLook: no such file or directory
stat /Users/andrewdykema/Library/Containers/com.apple.coremedia.pluginformatreader.zonto/Data/Library/ColorSync: no such file or directory
stat /Users/andrewdykema/Library/Containers/com.apple.DataDetectorsLocalSources/Data/Library/PDF Services: no such file or directory
stat /Users/andrewdykema/Library/Containers/com.apple.coremedia.pluginformatreader.zonto/Data/Library/Components: no such file or directory
stat /Users/andrewdykema/Library/Containers/com.apple.DataDetectorsLocalSources/Data/Library/QuickLook: no such file or directory
stat /Users/andrewdykema/Library/Containers/com.apple.coremedia.pluginformatreader.zonto/Data/Library/Filters: no such file or directory
stat /Users/andrewdykema/Library/Containers/com.apple.coremedia.pluginformatreader.zonto/Data/Library/KeyBindings: no such file or directory
stat /Users/andrewdykema/Library/Containers/com.apple.coremedia.pluginformatreader.zonto/Data/Library/PDF Services: no such file or directory
stat /Users/andrewdykema/Library/Containers/com.apple.coremedia.pluginformatreader.zonto/Data/Library/QuickLook: no such file or directory
stat /Users/andrewdykema/Library/Containers/com.apple.AppleMediaServicesUI.EngagementViewExtension/Data/Library/ColorSync: no such file or directory
stat /Users/andrewdykema/Library/Containers/com.apple.AppleMediaServicesUI.EngagementViewExtension/Data/Library/Components: no such file or directory
stat /Users/andrewdykema/Library/Containers/com.apple.AppleMediaServicesUI.EngagementViewExtension/Data/Library/Filters: no such file or directory
stat /Users/andrewdykema/Library/Containers/com.apple.AppleMediaServicesUI.EngagementViewExtension/Data/Library/KeyBindings: no such file or directory
stat /Users/andrewdykema/Library/Containers/com.apple.AppleMediaServicesUI.EngagementViewExtension/Data/Library/PDF Services: no such file or directory
stat /Users/andrewdykema/Library/Containers/com.apple.AppleMediaServicesUI.EngagementViewExtension/Data/Library/QuickLook: no such file or directory
open /Users/andrewdykema/Library/Containers/com.apple.Home: operation not permitted
stat /Users/andrewdykema/Library/Containers/com.apple.DataDetectorsViewService/Data/Library/ColorSync: no such file or directory
stat /Users/andrewdykema/Library/Containers/com.apple.DataDetectorsViewService/Data/Library/Components: no such file or directory
stat /Users/andrewdykema/Library/Containers/com.apple.DataDetectorsViewService/Data/Library/Filters: no such file or directory
stat /Users/andrewdykema/Library/Containers/com.apple.DataDetectorsViewService/Data/Library/KeyBindings: no such file or directory
stat /Users/andrewdykema/Library/Containers/com.apple.ClassKit.diagnosticextension/Data/Library/ColorSync: no such file or directory
stat /Users/andrewdykema/Library/Containers/com.apple.DataDetectorsViewService/Data/Library/PDF Services: no such file or directory
stat /Users/andrewdykema/Library/Containers/com.apple.ClassKit.diagnosticextension/Data/Library/Components: no such file or directory
stat /Users/andrewdykema/Library/Containers/com.apple.DataDetectorsViewService/Data/Library/QuickLook: no such file or directory
stat /Users/andrewdykema/Library/Containers/com.apple.corerecents.recentsd/Data/Library/ColorSync: no such file or directory
stat /Users/andrewdykema/Library/Containers/com.apple.corerecents.recentsd/Data/Library/Components: no such file or directory
stat /Users/andrewdykema/Library/Containers/com.apple.ClassKit.diagnosticextension/Data/Library/Filters: no such file or directory
stat /Users/andrewdykema/Library/Containers/com.apple.corerecents.recentsd/Data/Library/Filters: no such file or directory
stat /Users/andrewdykema/Library/Containers/com.apple.ClassKit.diagnosticextension/Data/Library/KeyBindings: no such file or directory
stat /Users/andrewdykema/Library/Containers/com.apple.corerecents.recentsd/Data/Library/KeyBindings: no such file or directory
stat /Users/andrewdykema/Library/Containers/com.apple.ClassKit.diagnosticextension/Data/Library/PDF Services: no such file or directory
stat /Users/andrewdykema/Library/Containers/com.apple.AppleMediaServicesUI.SpyglassPurchases/Data/Library/ColorSync: no such file or directory
stat /Users/andrewdykema/Library/Containers/com.apple.ClassKit.diagnosticextension/Data/Library/QuickLook: no such file or directory
stat /Users/andrewdykema/Library/Containers/com.apple.AppleMediaServicesUI.SpyglassPurchases/Data/Library/Components: no such file or directory
stat /Users/andrewdykema/Library/Containers/com.apple.corerecents.recentsd/Data/Library/PDF Services: no such file or directory
stat /Users/andrewdykema/Library/Containers/com.apple.corerecents.recentsd/Data/Library/QuickLook: no such file or directory
stat /Users/andrewdykema/Library/Containers/com.apple.AppleMediaServicesUI.SpyglassPurchases/Data/Library/Filters: no such file or directory
stat /Users/andrewdykema/Library/Containers/com.apple.AppleMediaServicesUI.SpyglassPurchases/Data/Library/KeyBindings: no such file or directory
stat /Users/andrewdykema/Library/Containers/com.apple.AppleMediaServicesUI.SpyglassPurchases/Data/Library/PDF Services: no such file or directory
stat /Users/andrewdykema/Library/Containers/com.apple.AppleMediaServicesUI.SpyglassPurchases/Data/Library/QuickLook: no such file or directory
stat /Users/andrewdykema/Library/Containers/com.apple.das.DASDaemon.DuetDiagnosticExtension/Data/Library/ColorSync: no such file or directory
stat /Users/andrewdykema/Library/Containers/com.apple.das.DASDaemon.DuetDiagnosticExtension/Data/Library/Components: no such file or directory
stat /Users/andrewdykema/Library/Containers/com.apple.DiagnosticExtensions.AirPlay/Data/Library/ColorSync: no such file or directory
stat /Users/andrewdykema/Library/Containers/com.apple.das.DASDaemon.DuetDiagnosticExtension/Data/Library/Filters: no such file or directory
stat /Users/andrewdykema/Library/Containers/com.apple.DiagnosticExtensions.AirPlay/Data/Library/Components: no such file or directory
stat /Users/andrewdykema/Library/Containers/com.apple.DiagnosticExtensions.AirPlay/Data/Library/Filters: no such file or directory
stat /Users/andrewdykema/Library/Containers/com.apple.das.DASDaemon.DuetDiagnosticExtension/Data/Library/KeyBindings: no such file or directory
stat /Users/andrewdykema/Library/Containers/com.apple.das.DASDaemon.DuetDiagnosticExtension/Data/Library/PDF Services: no such file or directory
stat /Users/andrewdykema/Library/Containers/com.apple.das.DASDaemon.DuetDiagnosticExtension/Data/Library/QuickLook: no such file or directory
stat /Users/andrewdykema/Library/Containers/com.apple.AquaAppearanceHelper/Data/Library/ColorSync: no such file or directory
stat /Users/andrewdykema/Library/Containers/com.apple.AquaAppearanceHelper/Data/Library/Components: no such file or directory
stat /Users/andrewdykema/Library/Containers/com.apple.AquaAppearanceHelper/Data/Library/Filters: no such file or directory
stat /Users/andrewdykema/Library/Containers/com.apple.AquaAppearanceHelper/Data/Library/KeyBindings: no such file or directory
stat /Users/andrewdykema/Library/Containers/com.apple.AquaAppearanceHelper/Data/Library/PDF Services: no such file or directory
stat /Users/andrewdykema/Library/Containers/com.apple.AquaAppearanceHelper/Data/Library/QuickLook: no such file or directory
stat /Users/andrewdykema/Library/Containers/com.apple.DiagnosticExtensions.AirPlay/Data/Library/KeyBindings: no such file or directory
stat /Users/andrewdykema/Library/Containers/com.apple.CloudDocs.MobileDocumentsFileProviderManaged/Data/Library/ColorSync: no such file or directory
stat /Users/andrewdykema/Library/Containers/com.apple.CloudDocs.MobileDocumentsFileProviderManaged/Data/Library/Components: no such file or directory
stat /Users/andrewdykema/Library/Containers/com.apple.CloudDocs.MobileDocumentsFileProviderManaged/Data/Library/Filters: no such file or directory
stat /Users/andrewdykema/Library/Containers/com.apple.CloudDocs.MobileDocumentsFileProviderManaged/Data/Library/KeyBindings: no such file or directory
stat /Users/andrewdykema/Library/Containers/com.apple.CloudDocs.MobileDocumentsFileProviderManaged/Data/Library/PDF Services: no such file or directory
stat /Users/andrewdykema/Library/Containers/com.apple.CloudDocs.MobileDocumentsFileProviderManaged/Data/Library/QuickLook: no such file or directory
stat /Users/andrewdykema/Library/Containers/com.apple.DiagnosticExtensions.AirPlay/Data/Library/PDF Services: no such file or directory
stat /Users/andrewdykema/Library/Containers/com.apple.MessageUIMacHelperService/Data/Library/ColorSync: no such file or directory
stat /Users/andrewdykema/Library/Containers/com.apple.MessageUIMacHelperService/Data/Library/Components: no such file or directory
stat /Users/andrewdykema/Library/Containers/com.apple.DiagnosticExtensions.AirPlay/Data/Library/QuickLook: no such file or directory
stat /Users/andrewdykema/Library/Containers/com.apple.MessageUIMacHelperService/Data/Library/Filters: no such file or directory
stat /Users/andrewdykema/Library/Containers/com.apple.MessageUIMacHelperService/Data/Library/KeyBindings: no such file or directory
stat /Users/andrewdykema/Library/Containers/com.apple.MessageUIMacHelperService/Data/Library/PDF Services: no such file or directory
stat /Users/andrewdykema/Library/Containers/com.apple.MessageUIMacHelperService/Data/Library/QuickLook: no such file or directory
stat /Users/andrewdykema/Library/Containers/com.apple.AuthKitUI.AKAppSSOExtension/Data/Library/ColorSync: no such file or directory
stat /Users/andrewdykema/Library/Containers/com.apple.AuthKitUI.AKAppSSOExtension/Data/Library/Components: no such file or directory
stat /Users/andrewdykema/Library/Containers/com.apple.AuthKitUI.AKAppSSOExtension/Data/Library/Filters: no such file or directory
stat /Users/andrewdykema/Library/Containers/com.apple.AuthKitUI.AKAppSSOExtension/Data/Library/KeyBindings: no such file or directory
stat /Users/andrewdykema/Library/Containers/com.apple.AuthKitUI.AKAppSSOExtension/Data/Library/PDF Services: no such file or directory
stat /Users/andrewdykema/Library/Containers/com.apple.AuthKitUI.AKAppSSOExtension/Data/Library/QuickLook: no such file or directory
stat /Users/andrewdykema/Library/Containers/com.apple.CloudDocsDaemon.StorageManagement/Data/Library/ColorSync: no such file or directory
stat /Users/andrewdykema/Library/Containers/com.apple.CloudDocsDaemon.StorageManagement/Data/Library/Components: no such file or directory
stat /Users/andrewdykema/Library/Containers/com.apple.CloudDocsDaemon.StorageManagement/Data/Library/Filters: no such file or directory
stat /Users/andrewdykema/Library/Containers/com.apple.CloudDocsDaemon.StorageManagement/Data/Library/KeyBindings: no such file or directory
stat /Users/andrewdykema/Library/Containers/com.apple.CloudDocsDaemon.StorageManagement/Data/Library/PDF Services: no such file or directory
stat /Users/andrewdykema/Library/Containers/com.apple.CloudDocsDaemon.StorageManagement/Data/Library/QuickLook: no such file or directory
stat /Users/andrewdykema/Library/Containers/com.apple.RelativeMotion.TempestDiagnosticExtension/Data/Library/ColorSync: no such file or directory
stat /Users/andrewdykema/Library/Containers/com.apple.RelativeMotion.TempestDiagnosticExtension/Data/Library/Components: no such file or directory
stat /Users/andrewdykema/Library/Containers/com.apple.RelativeMotion.TempestDiagnosticExtension/Data/Library/Filters: no such file or directory
stat /Users/andrewdykema/Library/Containers/com.apple.RelativeMotion.TempestDiagnosticExtension/Data/Library/KeyBindings: no such file or directory
stat /Users/andrewdykema/Library/Containers/com.apple.RelativeMotion.TempestDiagnosticExtension/Data/Library/PDF Services: no such file or directory
stat /Users/andrewdykema/Library/Containers/com.apple.RelativeMotion.TempestDiagnosticExtension/Data/Library/QuickLook: no such file or directory
stat /Users/andrewdykema/Library/Containers/com.apple.AuthKitUI.AKFollowUpServerUIExtension/Data/Library/ColorSync: no such file or directory
stat /Users/andrewdykema/Library/Containers/com.apple.AuthKitUI.AKFollowUpServerUIExtension/Data/Library/Components: no such file or directory
stat /Users/andrewdykema/Library/Containers/com.apple.AuthKitUI.AKFollowUpServerUIExtension/Data/Library/Filters: no such file or directory
stat /Users/andrewdykema/Library/Containers/com.apple.AuthKitUI.AKFollowUpServerUIExtension/Data/Library/KeyBindings: no such file or directory
stat /Users/andrewdykema/Library/Containers/com.apple.AuthKitUI.AKFollowUpServerUIExtension/Data/Library/PDF Services: no such file or directory
stat /Users/andrewdykema/Library/Containers/com.apple.AuthKitUI.AKFollowUpServerUIExtension/Data/Library/QuickLook: no such file or directory
stat /Users/andrewdykema/Library/Containers/com.apple.CloudDocsDaemon.telemetry-disk-checker/Data/Library/ColorSync: no such file or directory
stat /Users/andrewdykema/Library/Containers/com.apple.CloudDocsDaemon.telemetry-disk-checker/Data/Library/Components: no such file or directory
stat /Users/andrewdykema/Library/Containers/com.apple.CloudDocsDaemon.telemetry-disk-checker/Data/Library/Filters: no such file or directory
stat /Users/andrewdykema/Library/Containers/com.apple.CloudDocsDaemon.telemetry-disk-checker/Data/Library/KeyBindings: no such file or directory
open /Users/andrewdykema/Library/HomeKit: operation not permitted
stat /Users/andrewdykema/Library/Containers/com.apple.CloudDocsDaemon.telemetry-disk-checker/Data/Library/PDF Services: no such file or directory
open /Users/andrewdykema/Library/IdentityServices: operation not permitted
stat /Users/andrewdykema/Library/Containers/com.apple.CloudDocsDaemon.telemetry-disk-checker/Data/Library/QuickLook: no such file or directory
stat /Users/andrewdykema/Library/Containers/com.apple.AvatarUI.AvatarPickerMemojiEditor/Data/Library/ColorSync: no such file or directory
stat /Users/andrewdykema/Library/Containers/com.apple.AvatarUI.AvatarPickerMemojiEditor/Data/Library/Components: no such file or directory
stat /Users/andrewdykema/Library/Containers/com.apple.AvatarUI.AvatarPickerMemojiEditor/Data/Library/Filters: no such file or directory
stat /Users/andrewdykema/Library/Containers/com.apple.AvatarUI.AvatarPickerMemojiEditor/Data/Library/KeyBindings: no such file or directory
stat /Users/andrewdykema/Library/Containers/com.apple.AvatarUI.AvatarPickerMemojiEditor/Data/Library/PDF Services: no such file or directory
stat /Users/andrewdykema/Library/Containers/com.apple.AvatarUI.AvatarPickerMemojiEditor/Data/Library/QuickLook: no such file or directory
stat /Users/andrewdykema/Library/Containers/com.apple.AvatarUI.AvatarPickerMemojiPicker/Data/Library/ColorSync: no such file or directory
stat /Users/andrewdykema/Library/Containers/com.apple.AvatarUI.AvatarPickerMemojiPicker/Data/Library/Components: no such file or directory
stat /Users/andrewdykema/Library/Containers/com.apple.AvatarUI.AvatarPickerMemojiPicker/Data/Library/Filters: no such file or directory
stat /Users/andrewdykema/Library/Containers/com.apple.AvatarUI.AvatarPickerMemojiPicker/Data/Library/KeyBindings: no such file or directory
stat /Users/andrewdykema/Library/Containers/com.apple.AvatarUI.AvatarPickerMemojiPicker/Data/Library/PDF Services: no such file or directory
stat /Users/andrewdykema/Library/Containers/com.apple.AvatarUI.AvatarPickerMemojiPicker/Data/Library/QuickLook: no such file or directory
stat /Users/andrewdykema/Library/Containers/com.apple.PassXPCService/Data/Library/ColorSync: no such file or directory
stat /Users/andrewdykema/Library/Containers/com.apple.PassXPCService/Data/Library/Components: no such file or directory
stat /Users/andrewdykema/Library/Containers/com.apple.PassXPCService/Data/Library/Filters: no such file or directory
stat /Users/andrewdykema/Library/Containers/com.apple.PassXPCService/Data/Library/KeyBindings: no such file or directory
stat /Users/andrewdykema/Library/Containers/com.apple.PassXPCService/Data/Library/PDF Services: no such file or directory
stat /Users/andrewdykema/Library/Containers/com.apple.PassXPCService/Data/Library/QuickLook: no such file or directory
open /Users/andrewdykema/Library/Mail: operation not permitted
open /Users/andrewdykema/Library/Metadata/CoreSpotlight: operation not permitted
stat /Users/andrewdykema/Library/Containers/com.apple.PassbookUIService.PeerPaymentMessagesExtension/Data/Library/ColorSync: no such file or directory
stat /Users/andrewdykema/Library/Containers/com.apple.PassbookUIService.PeerPaymentMessagesExtension/Data/Library/Components: no such file or directory
stat /Users/andrewdykema/Library/Containers/com.apple.PassbookUIService.PeerPaymentMessagesExtension/Data/Library/Filters: no such file or directory
stat /Users/andrewdykema/Library/Containers/com.apple.PassbookUIService.PeerPaymentMessagesExtension/Data/Library/KeyBindings: no such file or directory
stat /Users/andrewdykema/Library/Containers/com.apple.PassbookUIService.PeerPaymentMessagesExtension/Data/Library/PDF Services: no such file or directory
stat /Users/andrewdykema/Library/Containers/com.apple.PassbookUIService.PeerPaymentMessagesExtension/Data/Library/QuickLook: no such file or directory
open /Users/andrewdykema/Library/PersonalizationPortrait: operation not permitted
stat /Users/andrewdykema/Library/Containers/com.apple.PhotoBooth/Data/Library/ColorSync: no such file or directory
open /Users/andrewdykema/Library/Photos/Libraries/Syndication.photoslibrary: operation not permitted
stat /Users/andrewdykema/Library/Containers/com.apple.PhotoBooth/Data/Library/Components: no such file or directory
stat /Users/andrewdykema/Library/Containers/com.apple.NewDeviceOutreachMac.Extension/Data/Library/ColorSync: no such file or directory
stat /Users/andrewdykema/Library/Containers/com.apple.NewDeviceOutreachMac.Extension/Data/Library/Components: no such file or directory
stat /Users/andrewdykema/Library/Containers/com.apple.NewDeviceOutreachMac.Extension/Data/Library/Filters: no such file or directory
stat /Users/andrewdykema/Library/Containers/com.apple.NewDeviceOutreachMac.Extension/Data/Library/KeyBindings: no such file or directory
stat /Users/andrewdykema/Library/Containers/com.apple.NewDeviceOutreachMac.Extension/Data/Library/PDF Services: no such file or directory
stat /Users/andrewdykema/Library/Containers/com.apple.NewDeviceOutreachMac.Extension/Data/Library/QuickLook: no such file or directory
stat /Users/andrewdykema/Library/Containers/com.apple.DiagnosticExtensions.PICSDiagnosticExtension/Data/Library/ColorSync: no such file or directory
stat /Users/andrewdykema/Library/Containers/com.apple.DiagnosticExtensions.PICSDiagnosticExtension/Data/Library/Components: no such file or directory
stat /Users/andrewdykema/Library/Containers/com.apple.DiagnosticExtensions.PICSDiagnosticExtension/Data/Library/Filters: no such file or directory
stat /Users/andrewdykema/Library/Containers/com.apple.DiagnosticExtensions.PICSDiagnosticExtension/Data/Library/KeyBindings: no such file or directory
stat /Users/andrewdykema/Library/Containers/com.apple.DiagnosticExtensions.PICSDiagnosticExtension/Data/Library/PDF Services: no such file or directory
stat /Users/andrewdykema/Library/Containers/com.apple.DiagnosticExtensions.PICSDiagnosticExtension/Data/Library/QuickLook: no such file or directory
stat /Users/andrewdykema/Library/Containers/com.apple.Notes.HTMLConverter/Data/Library/ColorSync: no such file or directory
stat /Users/andrewdykema/Library/Containers/com.apple.Notes.HTMLConverter/Data/Library/Components: no such file or directory
stat /Users/andrewdykema/Library/Containers/com.apple.Notes.HTMLConverter/Data/Library/Filters: no such file or directory
stat /Users/andrewdykema/Library/Containers/com.apple.Notes.HTMLConverter/Data/Library/KeyBindings: no such file or directory
stat /Users/andrewdykema/Library/Containers/com.apple.Notes.HTMLConverter/Data/Library/PDF Services: no such file or directory
stat /Users/andrewdykema/Library/Containers/com.apple.Notes.HTMLConverter/Data/Library/QuickLook: no such file or directory
stat /Users/andrewdykema/Library/Containers/com.apple.Notes.LPPreviewGenerator/Data/Library/ColorSync: no such file or directory
stat /Users/andrewdykema/Library/Containers/com.apple.Notes.LPPreviewGenerator/Data/Library/Components: no such file or directory
stat /Users/andrewdykema/Library/Containers/com.apple.Notes.NotesImporter/Data/Library/ColorSync: no such file or directory
stat /Users/andrewdykema/Library/Containers/com.apple.Notes.NotesImporter/Data/Library/Components: no such file or directory
stat /Users/andrewdykema/Library/Containers/com.apple.Notes.NotesImporter/Data/Library/Filters: no such file or directory
stat /Users/andrewdykema/Library/Containers/com.apple.Notes.SharingExtension/Data/Library/ColorSync: no such file or directory
stat /Users/andrewdykema/Library/Containers/com.apple.CloudPhotosConfiguration/Data/Library/ColorSync: no such file or directory
stat /Users/andrewdykema/Library/Containers/com.apple.CloudPhotosConfiguration/Data/Library/Components: no such file or directory
stat /Users/andrewdykema/Library/Containers/com.apple.Notes.WidgetExtension/Data/Library/ColorSync: no such file or directory
stat /Users/andrewdykema/Library/Containers/com.apple.Notes.WidgetExtension/Data/Library/Components: no such file or directory
stat /Users/andrewdykema/Library/Containers/com.apple.Notes.WidgetExtension/Data/Library/Filters: no such file or directory
stat /Users/andrewdykema/Library/Containers/com.apple.Notes.WidgetExtension/Data/Library/KeyBindings: no such file or directory
stat /Users/andrewdykema/Library/Containers/com.apple.Notes.WidgetExtension/Data/Library/PDF Services: no such file or directory
stat /Users/andrewdykema/Library/Containers/com.apple.Notes.WidgetExtension/Data/Library/QuickLook: no such file or directory
stat /Users/andrewdykema/Library/Containers/com.apple.PhotoIngestService/Data/Documents/iChats: no such file or directory
stat /Users/andrewdykema/Library/Containers/com.apple.Notes.IntentsExtension/Data/Library/ColorSync: no such file or directory
stat /Users/andrewdykema/Library/Containers/com.apple.Notes.IntentsExtension/Data/Library/Components: no such file or directory
stat /Users/andrewdykema/Library/Containers/com.apple.Notes.IntentsExtension/Data/Library/Filters: no such file or directory
stat /Users/andrewdykema/Library/Containers/com.apple.Notes.IntentsExtension/Data/Library/KeyBindings: no such file or directory
stat /Users/andrewdykema/Library/Containers/com.apple.Notes.IntentsExtension/Data/Library/PDF Services: no such file or directory
stat /Users/andrewdykema/Library/Containers/com.apple.Notes.IntentsExtension/Data/Library/QuickLook: no such file or directory
stat /Users/andrewdykema/Library/Containers/com.apple.Notes.NotesImporter/Data/Library/KeyBindings: no such file or directory
stat /Users/andrewdykema/Library/Containers/com.apple.Notes.LPPreviewGenerator/Data/Library/Filters: no such file or directory
stat /Users/andrewdykema/Library/Containers/com.apple.Notes.LPPreviewGenerator/Data/Library/KeyBindings: no such file or directory
stat /Users/andrewdykema/Library/Containers/com.apple.RemoteManagement.ManagementTestExtension/Data/Library/ColorSync: no such file or directory
stat /Users/andrewdykema/Library/Containers/com.apple.RemoteManagement.ManagementTestExtension/Data/Library/Components: no such file or directory
stat /Users/andrewdykema/Library/Containers/com.apple.iBooksX-SecureUserDefaults/Data/Documents/iChats: no such file or directory
stat /Users/andrewdykema/Library/Containers/com.apple.Notes.SharingExtension/Data/Library/Components: no such file or directory
stat /Users/andrewdykema/Library/Containers/com.apple.Notes.SharingExtension/Data/Library/Filters: no such file or directory
stat /Users/andrewdykema/Library/Containers/com.apple.Notes.QuickLookExtension/Data/Library/ColorSync: no such file or directory
stat /Users/andrewdykema/Library/Containers/com.apple.Notes.QuickLookExtension/Data/Library/Components: no such file or directory
stat /Users/andrewdykema/Library/Containers/com.apple.Notes.QuickLookExtension/Data/Library/Filters: no such file or directory
stat /Users/andrewdykema/Library/Containers/com.apple.Notes.QuickLookExtension/Data/Library/KeyBindings: no such file or directory
stat /Users/andrewdykema/Library/Containers/com.apple.Notes.QuickLookExtension/Data/Library/PDF Services: no such file or directory
stat /Users/andrewdykema/Library/Containers/com.apple.Notes.QuickLookExtension/Data/Library/QuickLook: no such file or directory
stat /Users/andrewdykema/Library/Containers/com.apple.CloudPhotosConfiguration/Data/Library/Filters: no such file or directory
stat /Users/andrewdykema/Library/Containers/com.apple.CloudPhotosConfiguration/Data/Library/KeyBindings: no such file or directory
stat /Users/andrewdykema/Library/Containers/com.apple.AMPDeviceDiscoveryAgent/Data/Library/ColorSync: no such file or directory
stat /Users/andrewdykema/Library/Containers/com.apple.AMPDeviceDiscoveryAgent/Data/Library/Components: no such file or directory
stat /Users/andrewdykema/Library/Containers/com.apple.SocialPushAgent/Data/Library/ColorSync: no such file or directory
stat /Users/andrewdykema/Library/Containers/com.apple.SocialPushAgent/Data/Library/Components: no such file or directory
stat /Users/andrewdykema/Library/Containers/com.apple.StorageManagementLauncher/Data/Library/ColorSync: no such file or directory
stat /Users/andrewdykema/Library/Containers/com.apple.StorageManagementLauncher/Data/Library/Components: no such file or directory
stat /Users/andrewdykema/Library/Containers/com.apple.StorageManagementLauncher/Data/Library/Filters: no such file or directory
stat /Users/andrewdykema/Library/Containers/com.apple.StorageManagementLauncher/Data/Library/KeyBindings: no such file or directory
stat /Users/andrewdykema/Library/Containers/com.apple.StorageManagementLauncher/Data/Library/PDF Services: no such file or directory
stat /Users/andrewdykema/Library/Containers/com.apple.StorageManagementLauncher/Data/Library/QuickLook: no such file or directory
stat /Users/andrewdykema/Library/Containers/com.apple.Notes.LPPreviewGenerator/Data/Library/PDF Services: no such file or directory
stat /Users/andrewdykema/Library/Containers/com.apple.Notes.LPPreviewGenerator/Data/Library/QuickLook: no such file or directory
stat /Users/andrewdykema/Library/Containers/com.apple.ScreenSaver.Computer-Name/Data/Library/ColorSync: no such file or directory
stat /Users/andrewdykema/Library/Containers/com.apple.ScreenSaver.Computer-Name/Data/Library/Components: no such file or directory
stat /Users/andrewdykema/Library/Containers/com.apple.ScreenSaver.Computer-Name/Data/Library/Filters: no such file or directory
stat /Users/andrewdykema/Library/Containers/com.apple.ScreenSaver.Computer-Name/Data/Library/KeyBindings: no such file or directory
stat /Users/andrewdykema/Library/Containers/com.apple.ScreenSaver.Computer-Name/Data/Library/PDF Services: no such file or directory
stat /Users/andrewdykema/Library/Containers/com.apple.ScreenSaver.Computer-Name/Data/Library/QuickLook: no such file or directory
stat /Users/andrewdykema/Library/Containers/com.apple.CloudPhotosConfiguration/Data/Library/PDF Services: no such file or directory
stat /Users/andrewdykema/Library/Containers/com.apple.Notes.SharingExtension/Data/Library/KeyBindings: no such file or directory
stat /Users/andrewdykema/Library/Containers/com.apple.Notes.SharingExtension/Data/Library/PDF Services: no such file or directory
stat /Users/andrewdykema/Library/Containers/com.apple.Notes.SharingExtension/Data/Library/QuickLook: no such file or directory
stat /Users/andrewdykema/Library/Containers/com.apple.CloudPhotosConfiguration/Data/Library/QuickLook: no such file or directory
stat /Users/andrewdykema/Library/Containers/com.apple.AMPDeviceDiscoveryAgent/Data/Library/Filters: no such file or directory
stat /Users/andrewdykema/Library/Containers/com.apple.MailShareExtension/Data/Library/ColorSync: no such file or directory
stat /Users/andrewdykema/Library/Containers/com.apple.AMPDeviceDiscoveryAgent/Data/Library/KeyBindings: no such file or directory
stat /Users/andrewdykema/Library/Containers/com.apple.MailShareExtension/Data/Library/Components: no such file or directory
stat /Users/andrewdykema/Library/Containers/com.apple.MailShareExtension/Data/Library/Filters: no such file or directory
stat /Users/andrewdykema/Library/Containers/com.apple.AMPDeviceDiscoveryAgent/Data/Library/PDF Services: no such file or directory
stat /Users/andrewdykema/Library/Containers/com.apple.AMPDeviceDiscoveryAgent/Data/Library/QuickLook: no such file or directory
stat /Users/andrewdykema/Library/Containers/com.apple.MailShareExtension/Data/Library/KeyBindings: no such file or directory
stat /Users/andrewdykema/Library/Containers/com.apple.MailShareExtension/Data/Library/PDF Services: no such file or directory
stat /Users/andrewdykema/Library/Containers/com.apple.MailShareExtension/Data/Library/QuickLook: no such file or directory
stat /Users/andrewdykema/Library/Containers/com.apple.KerberosMenuExtra/Data/Library/ColorSync: no such file or directory
stat /Users/andrewdykema/Library/Containers/com.apple.iBooksX.SharingExtension/Data/Library/ColorSync: no such file or directory
stat /Users/andrewdykema/Library/Containers/com.apple.iBooksX.SharingExtension/Data/Library/Components: no such file or directory
stat /Users/andrewdykema/Library/Containers/com.apple.iCal.CalendarNC/Data/Documents/iChats: no such file or directory
stat /Users/andrewdykema/Library/Containers/com.apple.SocialPushAgent/Data/Library/Filters: no such file or directory
stat /Users/andrewdykema/Library/Containers/com.apple.ScreenTimeAgent/Data/Library/ColorSync: no such file or directory
stat /Users/andrewdykema/Library/Containers/com.apple.ScreenTime.ScreenTimeWebExtension/Data/Library/ColorSync: no such file or directory
stat /Users/andrewdykema/Library/Containers/com.apple.ScreenTime.ScreenTimeWebExtension/Data/Library/Components: no such file or directory
stat /Users/andrewdykema/Library/Containers/com.apple.SocialPushAgent/Data/Library/KeyBindings: no such file or directory
stat /Users/andrewdykema/Library/Containers/com.apple.ScreenTime.ScreenTimeWebExtension/Data/Library/Filters: no such file or directory
stat /Users/andrewdykema/Library/Containers/com.apple.SocialPushAgent/Data/Library/PDF Services: no such file or directory
stat /Users/andrewdykema/Library/Containers/com.apple.ScreenTime.ScreenTimeWebExtension/Data/Library/KeyBindings: no such file or directory
stat /Users/andrewdykema/Library/Containers/com.apple.SocialPushAgent/Data/Library/QuickLook: no such file or directory
stat /Users/andrewdykema/Library/Containers/com.apple.ScreenTime.ScreenTimeWebExtension/Data/Library/PDF Services: no such file or directory
stat /Users/andrewdykema/Library/Containers/com.apple.ScreenTime.ScreenTimeWebExtension/Data/Library/QuickLook: no such file or directory
stat /Users/andrewdykema/Library/Containers/com.apple.Notes.NotesImporter/Data/Library/PDF Services: no such file or directory
stat /Users/andrewdykema/Library/Containers/com.apple.Notes.NotesImporter/Data/Library/QuickLook: no such file or directory
stat /Users/andrewdykema/Library/Containers/com.apple.CommerceKit.AskPermissionExtension/Data/Library/ColorSync: no such file or directory
stat /Users/andrewdykema/Library/Containers/com.apple.iBooksX/Data/Library/ColorSync: no such file or directory
stat /Users/andrewdykema/Library/Containers/com.apple.iBooksX/Data/Library/Components: no such file or directory
stat /Users/andrewdykema/Library/Containers/com.apple.iBooksX/Data/Library/Filters: no such file or directory
stat /Users/andrewdykema/Library/Containers/com.apple.iBooksX.CacheDelete/Data/Library/ColorSync: no such file or directory
stat /Users/andrewdykema/Library/Containers/com.apple.iBooksX/Data/Library/KeyBindings: no such file or directory
stat /Users/andrewdykema/Library/Containers/com.apple.iBooksX/Data/Library/PDF Services: no such file or directory
open /Users/andrewdykema/Library/Reminders: operation not permitted
open /Users/andrewdykema/Library/Safari: operation not permitted
stat /Users/andrewdykema/Library/Containers/com.apple.RemoteManagement.ManagementTestExtension/Data/Library/Filters: no such file or directory
stat /Users/andrewdykema/Library/Containers/com.apple.RemoteManagement.ManagementTestExtension/Data/Library/KeyBindings: no such file or directory
stat /Users/andrewdykema/Library/Containers/com.apple.SiriUI.SiriUISetupXPC/Data/Library/ColorSync: no such file or directory
stat /Users/andrewdykema/Library/Containers/com.apple.SiriUI.SiriUISetupXPC/Data/Library/Components: no such file or directory
stat /Users/andrewdykema/Library/Containers/com.apple.RemoteManagement.ManagementTestExtension/Data/Library/PDF Services: no such file or directory
stat /Users/andrewdykema/Library/Containers/com.apple.RemoteManagement.ManagementTestExtension/Data/Library/QuickLook: no such file or directory
stat /Users/andrewdykema/Library/Containers/com.apple.SiriUI.SiriUISetupXPC/Data/Library/Filters: no such file or directory
open /Users/andrewdykema/Library/Sharing: operation not permitted
open /Users/andrewdykema/Library/Shortcuts: operation not permitted
stat /Users/andrewdykema/Library/Containers/com.apple.SiriUI.SiriUISetupXPC/Data/Library/KeyBindings: no such file or directory
stat /Users/andrewdykema/Library/Containers/com.apple.SiriUI.SiriUISetupXPC/Data/Library/PDF Services: no such file or directory
stat /Users/andrewdykema/Library/Containers/com.apple.SiriUI.SiriUISetupXPC/Data/Library/QuickLook: no such file or directory
stat /Users/andrewdykema/Library/Saved Application State/com.apple.AppStore.savedState: no such file or directory
stat /Users/andrewdykema/Library/Containers/com.apple.ImageKit.RecentPictureService/Data/Library/ColorSync: no such file or directory
stat /Users/andrewdykema/Library/Containers/com.apple.ImageKit.RecentPictureService/Data/Library/Components: no such file or directory
stat /Users/andrewdykema/Library/Containers/com.apple.ImageKit.RecentPictureService/Data/Library/Filters: no such file or directory
stat /Users/andrewdykema/Library/Containers/com.apple.ImageKit.RecentPictureService/Data/Library/KeyBindings: no such file or directory
stat /Users/andrewdykema/Library/Containers/com.apple.ImageKit.RecentPictureService/Data/Library/PDF Services: no such file or directory
stat /Users/andrewdykema/Library/Containers/com.apple.ImageKit.RecentPictureService/Data/Library/QuickLook: no such file or directory
open /Users/andrewdykema/Library/Suggestions: operation not permitted
stat /Users/andrewdykema/Library/Saved Application State/com.apple.Notes.savedState: no such file or directory
stat /Users/andrewdykema/Library/Containers/com.apple.SiriNCService/Data/Library/ColorSync: no such file or directory
stat /Users/andrewdykema/Library/Containers/com.apple.SiriNCService/Data/Library/Components: no such file or directory
stat /Users/andrewdykema/Library/Containers/com.apple.SiriNCService/Data/Library/Filters: no such file or directory
stat /Users/andrewdykema/Library/Containers/com.apple.Notes.SpotlightIndexExtension/Data/Library/ColorSync: no such file or directory
stat /Users/andrewdykema/Library/Containers/com.apple.SiriNCService/Data/Library/KeyBindings: no such file or directory
stat /Users/andrewdykema/Library/Containers/com.apple.Notes.SpotlightIndexExtension/Data/Library/Components: no such file or directory
stat /Users/andrewdykema/Library/Containers/com.apple.SiriNCService/Data/Library/PDF Services: no such file or directory
stat /Users/andrewdykema/Library/Containers/com.apple.Notes.SpotlightIndexExtension/Data/Library/Filters: no such file or directory
stat /Users/andrewdykema/Library/Containers/com.apple.SiriNCService/Data/Library/QuickLook: no such file or directory
stat /Users/andrewdykema/Library/Containers/com.apple.Notes.SpotlightIndexExtension/Data/Library/KeyBindings: no such file or directory
stat /Users/andrewdykema/Library/Containers/com.apple.Notes.SpotlightIndexExtension/Data/Library/PDF Services: no such file or directory
stat /Users/andrewdykema/Library/Containers/com.apple.Notes.SpotlightIndexExtension/Data/Library/QuickLook: no such file or directory
stat /Users/andrewdykema/Library/Containers/com.apple.helpviewer/Data/Library/ColorSync: no such file or directory
stat /Users/andrewdykema/Library/Containers/com.apple.MailCacheDelete/Data/Library/ColorSync: no such file or directory
stat /Users/andrewdykema/Library/Containers/com.apple.helpviewer/Data/Library/Components: no such file or directory
stat /Users/andrewdykema/Library/Containers/com.apple.MailCacheDelete/Data/Library/Components: no such file or directory
stat /Users/andrewdykema/Library/Containers/com.apple.helpviewer/Data/Library/Filters: no such file or directory
stat /Users/andrewdykema/Library/Containers/com.apple.KerberosMenuExtra/Data/Library/Components: no such file or directory
stat /Users/andrewdykema/Library/Containers/com.apple.iBooksX.SharingExtension/Data/Library/Filters: no such file or directory
stat /Users/andrewdykema/Library/Containers/com.apple.iBooksX.SharingExtension/Data/Library/KeyBindings: no such file or directory
stat /Users/andrewdykema/Library/Containers/com.apple.iBooksX.SharingExtension/Data/Library/PDF Services: no such file or directory
stat /Users/andrewdykema/Library/Containers/com.apple.iBooksX.SharingExtension/Data/Library/QuickLook: no such file or directory
stat /Users/andrewdykema/Library/Containers/com.apple.LookupViewService/Data/Library/ColorSync: no such file or directory
stat /Users/andrewdykema/Library/Containers/com.apple.LookupViewService/Data/Library/Components: no such file or directory
stat /Users/andrewdykema/Library/Containers/com.apple.iBooksX.CacheDelete/Data/Library/Components: no such file or directory
open /Users/andrewdykema/Library/StatusKit: operation not permitted
stat /Users/andrewdykema/Library/Containers/com.apple.diagnosticextensions.osx.bluetooth/Data/Documents/iChats: no such file or directory
stat /Users/andrewdykema/Library/Containers/com.apple.CommerceKit.AskPermissionExtension/Data/Library/Components: no such file or directory
stat /Users/andrewdykema/Library/Containers/com.apple.CommerceKit.AskPermissionExtension/Data/Library/Filters: no such file or directory
stat /Users/andrewdykema/Library/Containers/com.apple.CommerceKit.AskPermissionExtension/Data/Library/KeyBindings: no such file or directory
stat /Users/andrewdykema/Library/Containers/com.apple.CommerceKit.AskPermissionExtension/Data/Library/PDF Services: no such file or directory
stat /Users/andrewdykema/Library/Containers/com.apple.CommerceKit.AskPermissionExtension/Data/Library/QuickLook: no such file or directory
stat /Users/andrewdykema/Library/Containers/com.apple.ScreenTimeWidgetApplication.ScreenTimeWidgetExtension/Data/Library/ColorSync: no such file or directory
stat /Users/andrewdykema/Library/Containers/com.apple.ScreenTimeWidgetApplication.ScreenTimeWidgetExtension/Data/Library/Components: no such file or directory
stat /Users/andrewdykema/Library/Containers/com.apple.ScreenTimeWidgetApplication.ScreenTimeWidgetExtension/Data/Library/Filters: no such file or directory
stat /Users/andrewdykema/Library/Containers/com.apple.ScreenTimeWidgetApplication.ScreenTimeWidgetExtension/Data/Library/KeyBindings: no such file or directory
stat /Users/andrewdykema/Library/Containers/com.apple.ScreenTimeWidgetApplication.ScreenTimeWidgetExtension/Data/Library/PDF Services: no such file or directory
stat /Users/andrewdykema/Library/Containers/com.apple.ScreenTimeWidgetApplication.ScreenTimeWidgetExtension/Data/Library/QuickLook: no such file or directory
stat /Users/andrewdykema/Library/Containers/com.apple.iBooksX.BooksThumbnail/Data/Library/ColorSync: no such file or directory
stat /Users/andrewdykema/Library/Containers/com.apple.iBooksX.BooksThumbnail/Data/Library/Components: no such file or directory
stat /Users/andrewdykema/Library/Containers/com.apple.iBooksX.BooksThumbnail/Data/Library/Filters: no such file or directory
stat /Users/andrewdykema/Library/Containers/com.apple.iBooksX/Data/Library/QuickLook: no such file or directory
stat /Users/andrewdykema/Library/Containers/com.apple.iBooksX.BooksThumbnail/Data/Library/KeyBindings: no such file or directory
stat /Users/andrewdykema/Library/Containers/com.apple.AvatarUI.AvatarPickerPosePicker/Data/Library/ColorSync: no such file or directory
stat /Users/andrewdykema/Library/Containers/com.apple.AvatarUI.AvatarPickerPosePicker/Data/Library/Components: no such file or directory
stat /Users/andrewdykema/Library/Containers/com.apple.AvatarUI.AvatarPickerPosePicker/Data/Library/Filters: no such file or directory
stat /Users/andrewdykema/Library/Containers/com.apple.MailCacheDelete/Data/Library/Filters: no such file or directory
stat /Users/andrewdykema/Library/Saved Application State/com.apple.iCal.savedState: no such file or directory
stat /Users/andrewdykema/Library/Containers/com.apple.AvatarUI.AvatarPickerPosePicker/Data/Library/KeyBindings: no such file or directory
stat /Users/andrewdykema/Library/Containers/com.apple.Localization.SetDefaultsService/Data/Documents/iChats: no such file or directory
stat /Users/andrewdykema/Library/Containers/com.apple.AvatarUI.AvatarPickerPosePicker/Data/Library/PDF Services: no such file or directory
stat /Users/andrewdykema/Library/Containers/com.apple.MailCacheDelete/Data/Library/KeyBindings: no such file or directory
stat /Users/andrewdykema/Library/Containers/com.apple.AvatarUI.AvatarPickerPosePicker/Data/Library/QuickLook: no such file or directory
stat /Users/andrewdykema/Library/Containers/com.apple.RemoteManagement.InteractiveLegacyProfilesExtension/Data/Library/ColorSync: no such file or directory
stat /Users/andrewdykema/Library/Containers/com.apple.RemoteManagement.InteractiveLegacyProfilesExtension/Data/Library/Components: no such file or directory
stat /Users/andrewdykema/Library/Containers/com.apple.MailCacheDelete/Data/Library/PDF Services: no such file or directory
stat /Users/andrewdykema/Library/Containers/com.apple.MailCacheDelete/Data/Library/QuickLook: no such file or directory
stat /Users/andrewdykema/Library/Containers/com.apple.RemoteManagement.InteractiveLegacyProfilesExtension/Data/Library/Filters: no such file or directory
stat /Users/andrewdykema/Library/Containers/com.apple.Maps/Data/Library/ColorSync: no such file or directory
stat /Users/andrewdykema/Library/Containers/com.apple.Maps/Data/Library/Components: no such file or directory
stat /Users/andrewdykema/Library/Containers/com.apple.Maps/Data/Library/Filters: no such file or directory
stat /Users/andrewdykema/Library/Containers/com.apple.Maps/Data/Library/KeyBindings: no such file or directory
stat /Users/andrewdykema/Library/Containers/com.apple.ScreenTimeAgent/Data/Library/Components: no such file or directory
stat /Users/andrewdykema/Library/Containers/com.apple.ScreenTimeAgent/Data/Library/Filters: no such file or directory
stat /Users/andrewdykema/Library/Containers/com.apple.ScreenTimeAgent/Data/Library/KeyBindings: no such file or directory
stat /Users/andrewdykema/Library/Containers/com.apple.ScreenTimeAgent/Data/Library/PDF Services: no such file or directory
stat /Users/andrewdykema/Library/Containers/com.apple.ScreenTimeAgent/Data/Library/QuickLook: no such file or directory
stat /Users/andrewdykema/Library/Containers/com.apple.Siri/Data/Library/ColorSync: no such file or directory
stat /Users/andrewdykema/Library/Containers/com.apple.Siri/Data/Library/Components: no such file or directory
stat /Users/andrewdykema/Library/Containers/com.apple.Siri/Data/Library/Filters: no such file or directory
stat /Users/andrewdykema/Library/Containers/com.apple.LookupViewService/Data/Library/Filters: no such file or directory
stat /Users/andrewdykema/Library/Containers/com.apple.LookupViewService/Data/Library/KeyBindings: no such file or directory
stat /Users/andrewdykema/Library/Containers/com.apple.LookupViewService/Data/Library/PDF Services: no such file or directory
stat /Users/andrewdykema/Library/Containers/com.apple.LookupViewService/Data/Library/QuickLook: no such file or directory
stat /Users/andrewdykema/Library/Containers/com.apple.iBooksX.CacheDelete/Data/Library/Filters: no such file or directory
stat /Users/andrewdykema/Library/Containers/com.apple.iBooksX.BooksThumbnail/Data/Library/PDF Services: no such file or directory
stat /Users/andrewdykema/Library/Containers/com.apple.Localization.SetDefaultsService/Data/Library/ColorSync: no such file or directory
stat /Users/andrewdykema/Library/Containers/com.apple.Localization.SetDefaultsService/Data/Library/Components: no such file or directory
stat /Users/andrewdykema/Library/Containers/com.apple.Localization.SetDefaultsService/Data/Library/Filters: no such file or directory
stat /Users/andrewdykema/Library/Containers/com.apple.Localization.SetDefaultsService/Data/Library/KeyBindings: no such file or directory
stat /Users/andrewdykema/Library/Containers/com.apple.Localization.SetDefaultsService/Data/Library/PDF Services: no such file or directory
stat /Users/andrewdykema/Library/Containers/com.apple.Localization.SetDefaultsService/Data/Library/QuickLook: no such file or directory
stat /Users/andrewdykema/Library/Containers/com.apple.RemoteManagement.InteractiveLegacyProfilesExtension/Data/Library/KeyBindings: no such file or directory
stat /Users/andrewdykema/Library/Containers/com.apple.RemoteManagement.InteractiveLegacyProfilesExtension/Data/Library/PDF Services: no such file or directory
stat /Users/andrewdykema/Library/Containers/com.apple.RemoteManagement.InteractiveLegacyProfilesExtension/Data/Library/QuickLook: no such file or directory
stat /Users/andrewdykema/Library/Containers/com.apple.helpviewer/Data/Library/KeyBindings: no such file or directory
stat /Users/andrewdykema/Library/Containers/com.apple.KerberosMenuExtra/Data/Library/Filters: no such file or directory
stat /Users/andrewdykema/Library/Containers/com.apple.helpviewer/Data/Library/PDF Services: no such file or directory
stat /Users/andrewdykema/Library/Saved Application State/com.apple.iWork.Keynote.savedState: no such file or directory
stat /Users/andrewdykema/Library/Containers/com.apple.helpviewer/Data/Library/QuickLook: no such file or directory
stat /Users/andrewdykema/Library/Containers/com.apple.KerberosMenuExtra/Data/Library/KeyBindings: no such file or directory
stat /Users/andrewdykema/Library/Containers/com.apple.KerberosMenuExtra/Data/Library/PDF Services: no such file or directory
stat /Users/andrewdykema/Library/Containers/com.apple.iBooksX.CacheDelete/Data/Library/KeyBindings: no such file or directory
stat /Users/andrewdykema/Library/Containers/com.apple.Siri/Data/Library/KeyBindings: no such file or directory
stat /Users/andrewdykema/Library/Containers/com.apple.Siri/Data/Library/PDF Services: no such file or directory
stat /Users/andrewdykema/Library/Containers/com.apple.Siri/Data/Library/QuickLook: no such file or directory
stat /Users/andrewdykema/Library/Containers/com.apple.iBooksX.BooksThumbnail/Data/Library/QuickLook: no such file or directory
open /Users/andrewdykema/Library/Saved Application State/com.apple.iChat.savedState: operation not permitted
stat /Users/andrewdykema/Library/Containers/com.apple.StoreKit.SKAskPermissionExtension/Data/Library/ColorSync: no such file or directory
stat /Users/andrewdykema/Library/Containers/com.apple.StoreKit.SKAskPermissionExtension/Data/Library/Components: no such file or directory
stat /Users/andrewdykema/Library/Containers/com.apple.StoreKit.SKAskPermissionExtension/Data/Library/Filters: no such file or directory
stat /Users/andrewdykema/Library/Containers/com.apple.LoginUserService/Data/Library/ColorSync: no such file or directory
stat /Users/andrewdykema/Library/Containers/com.apple.LoginUserService/Data/Library/Components: no such file or directory
stat /Users/andrewdykema/Library/Containers/com.apple.StoreKit.SKAskPermissionExtension/Data/Library/KeyBindings: no such file or directory
stat /Users/andrewdykema/Library/Containers/com.apple.LoginUserService/Data/Library/Filters: no such file or directory
stat /Users/andrewdykema/Library/Containers/com.apple.StoreKit.SKAskPermissionExtension/Data/Library/PDF Services: no such file or directory
stat /Users/andrewdykema/Library/Containers/com.apple.StoreKit.SKAskPermissionExtension/Data/Library/QuickLook: no such file or directory
stat /Users/andrewdykema/Library/Containers/com.apple.LoginUserService/Data/Library/KeyBindings: no such file or directory
stat /Users/andrewdykema/Library/Containers/com.apple.LoginUserService/Data/Library/PDF Services: no such file or directory
stat /Users/andrewdykema/Library/Containers/com.apple.LoginUserService/Data/Library/QuickLook: no such file or directory
stat /Users/andrewdykema/Library/Containers/com.apple.KerberosMenuExtra/Data/Library/QuickLook: no such file or directory
stat /Users/andrewdykema/Library/Containers/com.apple.diagnosticextensions.osx.bluetooth/Data/Library/ColorSync: no such file or directory
stat /Users/andrewdykema/Library/Containers/com.apple.diagnosticextensions.osx.bluetooth/Data/Library/Components: no such file or directory
stat /Users/andrewdykema/Library/Containers/com.apple.diagnosticextensions.osx.bluetooth/Data/Library/Filters: no such file or directory
stat /Users/andrewdykema/Library/Containers/com.apple.iBooksX.CacheDelete/Data/Library/PDF Services: no such file or directory
stat /Users/andrewdykema/Library/Containers/com.apple.diagnosticextensions.osx.bluetooth/Data/Library/KeyBindings: no such file or directory
open /Users/andrewdykema/Library/Saved Application State/com.apple.mail.savedState: operation not permitted
stat /Users/andrewdykema/Library/Containers/com.apple.diagnosticextensions.osx.bluetooth/Data/Library/PDF Services: no such file or directory
stat /Users/andrewdykema/Library/Containers/com.apple.diagnosticextensions.osx.bluetooth/Data/Library/QuickLook: no such file or directory
stat /Users/andrewdykema/Library/Containers/com.apple.Maps/Data/Library/PDF Services: no such file or directory
stat /Users/andrewdykema/Library/Containers/com.apple.Maps/Data/Library/QuickLook: no such file or directory
stat /Users/andrewdykema/Library/Containers/com.apple.iBooksX.CacheDelete/Data/Library/QuickLook: no such file or directory
stat /Users/andrewdykema/Library/Containers/com.apple.HydraQLPreviewExtension/Data/Library/ColorSync: no such file or directory
stat /Users/andrewdykema/Library/Containers/com.apple.HydraQLPreviewExtension/Data/Library/Components: no such file or directory
stat /Users/andrewdykema/Library/Containers/com.apple.HydraQLPreviewExtension/Data/Library/Filters: no such file or directory
stat /Users/andrewdykema/Library/Containers/com.apple.HydraQLPreviewExtension/Data/Library/KeyBindings: no such file or directory
stat /Users/andrewdykema/Library/Containers/com.apple.HydraQLPreviewExtension/Data/Library/PDF Services: no such file or directory
stat /Users/andrewdykema/Library/Containers/com.apple.HydraQLPreviewExtension/Data/Library/QuickLook: no such file or directory
stat /Users/andrewdykema/Library/Containers/com.apple.Safari.CacheDeleteExtension/Data/Library/ColorSync: no such file or directory
stat /Users/andrewdykema/Library/Containers/com.apple.STMExtension.CloudFiles/Data/Library/ColorSync: no such file or directory
open /Users/andrewdykema/Library/Containers/com.apple.Safari: operation not permitted
stat /Users/andrewdykema/Library/Containers/com.apple.STMExtension.CloudFiles/Data/Library/Components: no such file or directory
stat /Users/andrewdykema/Library/Containers/com.apple.STMExtension.CloudFiles/Data/Library/Filters: no such file or directory
stat /Users/andrewdykema/Library/Containers/com.apple.STMExtension.CloudFiles/Data/Library/KeyBindings: no such file or directory
stat /Users/andrewdykema/Library/Containers/com.apple.Safari.CacheDeleteExtension/Data/Library/Components: no such file or directory
stat /Users/andrewdykema/Library/Containers/com.apple.Safari.CacheDeleteExtension/Data/Library/Filters: no such file or directory
stat /Users/andrewdykema/Library/Containers/com.apple.STMExtension.Applications/Data/Library/ColorSync: no such file or directory
stat /Users/andrewdykema/Library/Containers/com.apple.STMExtension.Applications/Data/Library/Components: no such file or directory
stat /Users/andrewdykema/Library/Containers/com.apple.STMExtension.Trash/Data/Library/ColorSync: no such file or directory
stat /Users/andrewdykema/Library/Containers/com.apple.STMExtension.Applications/Data/Library/Filters: no such file or directory
stat /Users/andrewdykema/Library/Containers/com.apple.STMExtension.Applications/Data/Library/KeyBindings: no such file or directory
stat /Users/andrewdykema/Library/Containers/com.apple.STMExtension.Applications/Data/Library/PDF Services: no such file or directory
stat /Users/andrewdykema/Library/Containers/com.apple.STMExtension.Applications/Data/Library/QuickLook: no such file or directory
stat /Users/andrewdykema/Library/Containers/com.apple.STMExtension.Trash/Data/Library/Components: no such file or directory
stat /Users/andrewdykema/Library/Containers/com.apple.STMExtension.Trash/Data/Library/Filters: no such file or directory
stat /Users/andrewdykema/Library/Containers/com.apple.Safari.CacheDeleteExtension/Data/Library/KeyBindings: no such file or directory
stat /Users/andrewdykema/Library/Containers/com.apple.STMExtension.GarageBand/Data/Library/ColorSync: no such file or directory
stat /Users/andrewdykema/Library/Containers/com.apple.STMExtension.CloudFiles/Data/Library/PDF Services: no such file or directory
stat /Users/andrewdykema/Library/Containers/com.apple.STMExtension.OtherUsers/Data/Library/ColorSync: no such file or directory
stat /Users/andrewdykema/Library/Containers/com.apple.STMExtension.GarageBand/Data/Library/Components: no such file or directory
stat /Users/andrewdykema/Library/Containers/com.apple.Safari.CacheDeleteExtension/Data/Library/PDF Services: no such file or directory
stat /Users/andrewdykema/Library/Containers/com.apple.STMExtension.CloudFiles/Data/Library/QuickLook: no such file or directory
stat /Users/andrewdykema/Library/Containers/com.apple.Safari.CacheDeleteExtension/Data/Library/QuickLook: no such file or directory
stat /Users/andrewdykema/Library/Containers/com.apple.STMExtension.GarageBand/Data/Library/Filters: no such file or directory
stat /Users/andrewdykema/Library/Containers/com.apple.STMExtension.GarageBand/Data/Library/KeyBindings: no such file or directory
stat /Users/andrewdykema/Library/Containers/com.apple.STMExtension.GarageBand/Data/Library/PDF Services: no such file or directory
stat /Users/andrewdykema/Library/Containers/com.apple.STMExtension.GarageBand/Data/Library/QuickLook: no such file or directory
stat /Users/andrewdykema/Library/Containers/com.apple.STMExtension.Trash/Data/Library/KeyBindings: no such file or directory
stat /Users/andrewdykema/Library/Containers/com.apple.STMExtension.AppleInternal/Data/Library/ColorSync: no such file or directory
stat /Users/andrewdykema/Library/Containers/com.apple.STMExtension.AppleInternal/Data/Library/Components: no such file or directory
stat /Users/andrewdykema/Library/Containers/com.apple.STMExtension.AppleInternal/Data/Library/Filters: no such file or directory
stat /Users/andrewdykema/Library/Containers/com.apple.STMExtension.AppleInternal/Data/Library/KeyBindings: no such file or directory
stat /Users/andrewdykema/Library/Containers/com.apple.STMExtension.AppleInternal/Data/Library/PDF Services: no such file or directory
stat /Users/andrewdykema/Library/Containers/com.apple.STMExtension.AppleInternal/Data/Library/QuickLook: no such file or directory
stat /Users/andrewdykema/Library/Containers/com.apple.STMExtension.Trash/Data/Library/PDF Services: no such file or directory
stat /Users/andrewdykema/Library/Containers/com.apple.STMExtension.Developer/Data/Library/ColorSync: no such file or directory
stat /Users/andrewdykema/Library/Containers/com.apple.STMExtension.Trash/Data/Library/QuickLook: no such file or directory
stat /Users/andrewdykema/Library/Containers/com.apple.STMExtension.Developer/Data/Library/Components: no such file or directory
stat /Users/andrewdykema/Library/Containers/com.apple.STMExtension.Developer/Data/Library/Filters: no such file or directory
stat /Users/andrewdykema/Library/Containers/com.apple.STMExtension.Developer/Data/Library/KeyBindings: no such file or directory
stat /Users/andrewdykema/Library/Containers/com.apple.STMExtension.iOSFiles/Data/Library/ColorSync: no such file or directory
stat /Users/andrewdykema/Library/Containers/com.apple.STMExtension.iOSFiles/Data/Library/Components: no such file or directory
stat /Users/andrewdykema/Library/Containers/com.apple.STMExtension.iOSFiles/Data/Library/Filters: no such file or directory
stat /Users/andrewdykema/Library/Containers/com.apple.STMExtension.iOSFiles/Data/Library/KeyBindings: no such file or directory
stat /Users/andrewdykema/Library/Containers/com.apple.STMExtension.iOSFiles/Data/Library/PDF Services: no such file or directory
stat /Users/andrewdykema/Library/Containers/com.apple.STMExtension.iOSFiles/Data/Library/QuickLook: no such file or directory
stat /Users/andrewdykema/Library/Containers/com.apple.STMExtension.Mail/Data/Library/ColorSync: no such file or directory
stat /Users/andrewdykema/Library/Containers/com.apple.STMExtension.Mail/Data/Library/Components: no such file or directory
stat /Users/andrewdykema/Library/Containers/com.apple.STMExtension.Mail/Data/Library/Filters: no such file or directory
stat /Users/andrewdykema/Library/Containers/com.apple.STMExtension.Developer/Data/Library/PDF Services: no such file or directory
stat /Users/andrewdykema/Library/Containers/com.apple.STMExtension.Developer/Data/Library/QuickLook: no such file or directory
stat /Users/andrewdykema/Library/Containers/com.apple.STMExtension.Mail/Data/Library/KeyBindings: no such file or directory
stat /Users/andrewdykema/Library/Containers/com.apple.STMExtension.Mail/Data/Library/PDF Services: no such file or directory
stat /Users/andrewdykema/Library/Containers/com.apple.STMExtension.Mail/Data/Library/QuickLook: no such file or directory
stat /Users/andrewdykema/Library/Containers/com.apple.STMExtension.OtherUsers/Data/Library/Components: no such file or directory
stat /Users/andrewdykema/Library/Containers/com.apple.STMExtension.OtherUsers/Data/Library/Filters: no such file or directory
stat /Users/andrewdykema/Library/Containers/com.apple.Safari.BrowserDataImportingService/Data/Library/ColorSync: no such file or directory
stat /Users/andrewdykema/Library/Containers/com.apple.Safari.BrowserDataImportingService/Data/Library/Components: no such file or directory
stat /Users/andrewdykema/Library/Containers/com.apple.Safari.BrowserDataImportingService/Data/Library/Filters: no such file or directory
stat /Users/andrewdykema/Library/Containers/com.apple.STMFramework.UIHelper/Data/Library/ColorSync: no such file or directory
stat /Users/andrewdykema/Library/Containers/com.apple.Safari.BrowserDataImportingService/Data/Library/KeyBindings: no such file or directory
stat /Users/andrewdykema/Library/Containers/com.apple.STMFramework.UIHelper/Data/Library/Components: no such file or directory
stat /Users/andrewdykema/Library/Containers/com.apple.Safari.BrowserDataImportingService/Data/Library/PDF Services: no such file or directory
stat /Users/andrewdykema/Library/Containers/com.apple.Safari.BrowserDataImportingService/Data/Library/QuickLook: no such file or directory
stat /Users/andrewdykema/Library/Containers/com.apple.STMExtension.OtherUsers/Data/Library/KeyBindings: no such file or directory
stat /Users/andrewdykema/Library/Containers/com.apple.STMExtension.OtherUsers/Data/Library/PDF Services: no such file or directory
stat /Users/andrewdykema/Library/Containers/com.apple.STMExtension.OtherUsers/Data/Library/QuickLook: no such file or directory
stat /Users/andrewdykema/Library/Containers/com.apple.STMFramework.UIHelper/Data/Library/Filters: no such file or directory
stat /Users/andrewdykema/Library/Containers/com.apple.STMFramework.UIHelper/Data/Library/KeyBindings: no such file or directory
stat /Users/andrewdykema/Library/Containers/com.apple.STMFramework.UIHelper/Data/Library/PDF Services: no such file or directory
stat /Users/andrewdykema/Library/Containers/com.apple.STMFramework.UIHelper/Data/Library/QuickLook: no such file or directory
stat /Users/andrewdykema/Library/Containers/com.apple.Safari.DiagnosticExtension/Data/Library/ColorSync: no such file or directory
stat /Users/andrewdykema/Library/Containers/com.apple.Safari.DiagnosticExtension/Data/Library/Components: no such file or directory
stat /Users/andrewdykema/Library/Containers/com.apple.Safari.DiagnosticExtension/Data/Library/Filters: no such file or directory
stat /Users/andrewdykema/Library/Containers/com.apple.Safari.DiagnosticExtension/Data/Library/KeyBindings: no such file or directory
stat /Users/andrewdykema/Library/Containers/com.apple.PhotoIngestService/Data/Library/ColorSync: no such file or directory
stat /Users/andrewdykema/Library/Containers/com.apple.PhotoIngestService/Data/Library/Components: no such file or directory
stat /Users/andrewdykema/Library/Containers/com.apple.Safari.DiagnosticExtension/Data/Library/PDF Services: no such file or directory
stat /Users/andrewdykema/Library/Containers/com.apple.Safari.DiagnosticExtension/Data/Library/QuickLook: no such file or directory
stat /Users/andrewdykema/Library/Containers/com.apple.PhotoIngestService/Data/Library/KeyBindings: no such file or directory
stat /Users/andrewdykema/Library/Containers/com.apple.PhotoIngestService/Data/Library/PDF Services: no such file or directory
stat /Users/andrewdykema/Library/Containers/com.apple.PhotoIngestService/Data/Library/QuickLook: no such file or directory
stat /Users/andrewdykema/Library/Containers/com.apple.RemoteManagementMCXService/Data/Library/ColorSync: no such file or directory
stat /Users/andrewdykema/Library/Containers/com.apple.Dictionary/Data/Library/ColorSync: no such file or directory
stat /Users/andrewdykema/Library/Containers/com.apple.RemoteManagementMCXService/Data/Library/Components: no such file or directory
stat /Users/andrewdykema/Library/Containers/com.apple.RemoteManagementMCXService/Data/Library/Filters: no such file or directory
stat /Users/andrewdykema/Library/Containers/com.apple.PhotoLibraryMigrationUtility/Data/Library/ColorSync: no such file or directory
stat /Users/andrewdykema/Library/Containers/com.apple.PhotoLibraryMigrationUtility/Data/Library/Components: no such file or directory
stat /Users/andrewdykema/Library/Containers/com.apple.RemoteManagementMCXService/Data/Library/KeyBindings: no such file or directory
stat /Users/andrewdykema/Library/Containers/com.apple.Photos.Migration/Data/Library/ColorSync: no such file or directory
stat /Users/andrewdykema/Library/Containers/com.apple.PhotoLibraryMigrationUtility/Data/Library/Filters: no such file or directory
stat /Users/andrewdykema/Library/Containers/com.apple.SafariFoundation.CredentialProviderExtensionHelper/Data/Library/ColorSync: no such file or directory
stat /Users/andrewdykema/Library/Containers/com.apple.Photos.Migration/Data/Library/Components: no such file or directory
stat /Users/andrewdykema/Library/Containers/com.apple.SafariFoundation.CredentialProviderExtensionHelper/Data/Library/Components: no such file or directory
stat /Users/andrewdykema/Library/Containers/com.apple.RemoteManagementMCXService/Data/Library/PDF Services: no such file or directory
stat /Users/andrewdykema/Library/Containers/com.apple.RemoteManagementMCXService/Data/Library/QuickLook: no such file or directory
stat /Users/andrewdykema/Library/Containers/com.apple.PhotoLibraryMigrationUtility/Data/Library/KeyBindings: no such file or directory
stat /Users/andrewdykema/Library/Containers/com.apple.Photos.Migration/Data/Library/Filters: no such file or directory
stat /Users/andrewdykema/Library/Containers/com.apple.SafariFoundation.CredentialProviderExtensionHelper/Data/Library/Filters: no such file or directory
stat /Users/andrewdykema/Library/Containers/com.apple.PhotoLibraryMigrationUtility/Data/Library/PDF Services: no such file or directory
stat /Users/andrewdykema/Library/Containers/com.apple.Photos.Migration/Data/Library/KeyBindings: no such file or directory
stat /Users/andrewdykema/Library/Containers/com.apple.SafariFoundation.CredentialProviderExtensionHelper/Data/Library/KeyBindings: no such file or directory
stat /Users/andrewdykema/Library/Containers/com.apple.PhotoLibraryMigrationUtility/Data/Library/QuickLook: no such file or directory
stat /Users/andrewdykema/Library/Containers/com.apple.Photos.Migration/Data/Library/PDF Services: no such file or directory
stat /Users/andrewdykema/Library/Containers/com.apple.Photos.Migration/Data/Library/QuickLook: no such file or directory
stat /Users/andrewdykema/Library/Containers/com.apple.Safari.SafariQuickLookPreview/Data/Library/ColorSync: no such file or directory
stat /Users/andrewdykema/Library/Containers/com.apple.Dictionary/Data/Library/Components: no such file or directory
stat /Users/andrewdykema/Library/Containers/com.apple.SafariFoundation.CredentialProviderExtensionHelper/Data/Library/PDF Services: no such file or directory
stat /Users/andrewdykema/Library/Containers/com.apple.SafariFoundation.CredentialProviderExtensionHelper/Data/Library/QuickLook: no such file or directory
stat /Users/andrewdykema/Library/Containers/com.apple.SafariPlatformSupport.Helper/Data/Library/ColorSync: no such file or directory
stat /Users/andrewdykema/Library/Containers/com.apple.SafariPlatformSupport.Helper/Data/Library/Components: no such file or directory
stat /Users/andrewdykema/Library/Containers/com.apple.SafariPlatformSupport.Helper/Data/Library/Filters: no such file or directory
stat /Users/andrewdykema/Library/Containers/com.apple.SafariPlatformSupport.Helper/Data/Library/KeyBindings: no such file or directory
stat /Users/andrewdykema/Library/Containers/com.apple.SafariPlatformSupport.Helper/Data/Library/PDF Services: no such file or directory
stat /Users/andrewdykema/Library/Containers/com.apple.SafariPlatformSupport.Helper/Data/Library/QuickLook: no such file or directory
stat /Users/andrewdykema/Library/Containers/com.apple.Dictionary/Data/Library/Filters: no such file or directory
stat /Users/andrewdykema/Library/Containers/com.apple.Dictionary/Data/Library/KeyBindings: no such file or directory
stat /Users/andrewdykema/Library/Containers/com.apple.Dictionary/Data/Library/PDF Services: no such file or directory
stat /Users/andrewdykema/Library/Containers/com.apple.Dictionary/Data/Library/QuickLook: no such file or directory
stat /Users/andrewdykema/Library/Containers/com.apple.Safari.SafariQuickLookPreview/Data/Library/Components: no such file or directory
stat /Users/andrewdykema/Library/Containers/com.apple.Safari.SafariQuickLookPreview/Data/Library/Filters: no such file or directory
stat /Users/andrewdykema/Library/Containers/com.apple.Safari.SafariQuickLookPreview/Data/Library/KeyBindings: no such file or directory
stat /Users/andrewdykema/Library/Containers/com.apple.Photos.Migration.Reader/Data/Library/ColorSync: no such file or directory
stat /Users/andrewdykema/Library/Containers/com.apple.Photos.Migration.Reader/Data/Library/Components: no such file or directory
stat /Users/andrewdykema/Library/Containers/com.apple.Safari.SafariQuickLookPreview/Data/Library/PDF Services: no such file or directory
stat /Users/andrewdykema/Library/Containers/com.apple.PhotoLibraryServices.PhotosDiagnostics/Data/Library/ColorSync: no such file or directory
stat /Users/andrewdykema/Library/Containers/com.apple.Safari.SafariQuickLookPreview/Data/Library/QuickLook: no such file or directory
stat /Users/andrewdykema/Library/Containers/com.apple.Photos.Migration.Reader/Data/Library/Filters: no such file or directory
stat /Users/andrewdykema/Library/Containers/com.apple.PhotoLibraryServices.PhotosDiagnostics/Data/Library/Components: no such file or directory
stat /Users/andrewdykema/Library/Containers/com.apple.Photos.Migration.Reader/Data/Library/KeyBindings: no such file or directory
stat /Users/andrewdykema/Library/Containers/com.apple.PhotoLibraryServices.PhotosDiagnostics/Data/Library/Filters: no such file or directory
stat /Users/andrewdykema/Library/Containers/com.apple.Photos.Migration.Reader/Data/Library/PDF Services: no such file or directory
stat /Users/andrewdykema/Library/Containers/com.apple.PhotoLibraryServices.PhotosDiagnostics/Data/Library/KeyBindings: no such file or directory
stat /Users/andrewdykema/Library/Containers/com.apple.MobileSMS/Data/Library/ColorSync: no such file or directory
stat /Users/andrewdykema/Library/Containers/com.apple.accessibility.mediaaccessibilityd/Data/Library/ColorSync: no such file or directory
stat /Users/andrewdykema/Library/Containers/com.apple.MobileSMS/Data/Library/Components: no such file or directory
stat /Users/andrewdykema/Library/Containers/com.apple.accessibility.mediaaccessibilityd/Data/Library/Components: no such file or directory
stat /Users/andrewdykema/Library/Containers/com.apple.accessibility.mediaaccessibilityd/Data/Library/Filters: no such file or directory
stat /Users/andrewdykema/Library/Containers/com.apple.OFDPreview/Data/Library/ColorSync: no such file or directory
stat /Users/andrewdykema/Library/Containers/com.apple.OFDPreview/Data/Library/Components: no such file or directory
stat /Users/andrewdykema/Library/Containers/com.apple.OFDPreview/Data/Library/Filters: no such file or directory
stat /Users/andrewdykema/Library/Containers/com.apple.OFDPreview/Data/Library/KeyBindings: no such file or directory
stat /Users/andrewdykema/Library/Containers/com.apple.OSDUIHelper/Data/Library/ColorSync: no such file or directory
stat /Users/andrewdykema/Library/Containers/com.apple.OSDUIHelper/Data/Library/Components: no such file or directory
stat /Users/andrewdykema/Library/Containers/com.apple.OSDUIHelper/Data/Library/Filters: no such file or directory
stat /Users/andrewdykema/Library/Containers/com.apple.OSDUIHelper/Data/Library/KeyBindings: no such file or directory
stat /Users/andrewdykema/Library/Containers/com.apple.OSDUIHelper/Data/Library/PDF Services: no such file or directory
stat /Users/andrewdykema/Library/Containers/com.apple.OSDUIHelper/Data/Library/QuickLook: no such file or directory
stat /Users/andrewdykema/Library/Containers/com.apple.OFDPreview/Data/Library/PDF Services: no such file or directory
stat /Users/andrewdykema/Library/Containers/com.apple.OFDPreview/Data/Library/QuickLook: no such file or directory
stat /Users/andrewdykema/Library/Containers/com.apple.accessibility.mediaaccessibilityd/Data/Library/KeyBindings: no such file or directory
stat /Users/andrewdykema/Library/Containers/com.apple.accessibility.mediaaccessibilityd/Data/Library/PDF Services: no such file or directory
stat /Users/andrewdykema/Library/Containers/com.apple.accessibility.mediaaccessibilityd/Data/Library/QuickLook: no such file or directory
stat /Users/andrewdykema/Library/Containers/com.apple.RAQLThumbnailExtension/Data/Library/ColorSync: no such file or directory
stat /Users/andrewdykema/Library/Containers/com.apple.RAQLThumbnailExtension/Data/Library/Components: no such file or directory
stat /Users/andrewdykema/Library/Containers/com.apple.RAQLThumbnailExtension/Data/Library/Filters: no such file or directory
stat /Users/andrewdykema/Library/Containers/com.apple.OFDThumbnail/Data/Library/ColorSync: no such file or directory
stat /Users/andrewdykema/Library/Containers/com.apple.RAQLThumbnailExtension/Data/Library/KeyBindings: no such file or directory
stat /Users/andrewdykema/Library/Containers/com.apple.OFDThumbnail/Data/Library/Components: no such file or directory
stat /Users/andrewdykema/Library/Containers/com.apple.RAQLThumbnailExtension/Data/Library/PDF Services: no such file or directory
stat /Users/andrewdykema/Library/Containers/com.apple.OFDThumbnail/Data/Library/Filters: no such file or directory
stat /Users/andrewdykema/Library/Containers/com.apple.RAQLThumbnailExtension/Data/Library/QuickLook: no such file or directory
stat /Users/andrewdykema/Library/Containers/com.apple.mail.SpotlightIndexExtension/Data/Library/ColorSync: no such file or directory
stat /Users/andrewdykema/Library/Containers/com.apple.OFDThumbnail/Data/Library/KeyBindings: no such file or directory
stat /Users/andrewdykema/Library/Containers/com.apple.mail.SpotlightIndexExtension/Data/Library/Components: no such file or directory
stat /Users/andrewdykema/Library/Containers/com.apple.mail.SpotlightIndexExtension/Data/Library/Filters: no such file or directory
stat /Users/andrewdykema/Library/Containers/com.apple.OFDThumbnail/Data/Library/PDF Services: no such file or directory
stat /Users/andrewdykema/Library/Containers/com.apple.OFDThumbnail/Data/Library/QuickLook: no such file or directory
stat /Users/andrewdykema/Library/Containers/com.apple.mail.SpotlightIndexExtension/Data/Library/KeyBindings: no such file or directory
stat /Users/andrewdykema/Library/Containers/com.apple.mail.SpotlightIndexExtension/Data/Library/PDF Services: no such file or directory
stat /Users/andrewdykema/Library/Containers/com.apple.mail.SpotlightIndexExtension/Data/Library/QuickLook: no such file or directory
stat /Users/andrewdykema/Library/Containers/com.apple.UsageTrackingAgent/Data/Library/ColorSync: no such file or directory
stat /Users/andrewdykema/Library/Containers/com.apple.UsageTrackingAgent/Data/Library/Components: no such file or directory
stat /Users/andrewdykema/Library/Containers/com.apple.UsageTrackingAgent/Data/Library/Filters: no such file or directory
stat /Users/andrewdykema/Library/Containers/com.apple.UsageTrackingAgent/Data/Library/KeyBindings: no such file or directory
stat /Users/andrewdykema/Library/Containers/com.apple.UsageTrackingAgent/Data/Library/PDF Services: no such file or directory
stat /Users/andrewdykema/Library/Containers/com.apple.UsageTrackingAgent/Data/Library/QuickLook: no such file or directory
stat /Users/andrewdykema/Library/Containers/com.apple.QuickLookUIFramework.QLPreviewGenerationExtension/Data/Library/ColorSync: no such file or directory
stat /Users/andrewdykema/Library/Containers/com.apple.QuickLookUIFramework.QLPreviewGenerationExtension/Data/Library/Components: no such file or directory
stat /Users/andrewdykema/Library/Containers/com.apple.mail.MailQuickLookExtension/Data/Library/ColorSync: no such file or directory
stat /Users/andrewdykema/Library/Containers/com.apple.mail.MailQuickLookExtension/Data/Library/Components: no such file or directory
stat /Users/andrewdykema/Library/Containers/com.apple.QuickLookUIFramework.QLPreviewGenerationExtension/Data/Library/Filters: no such file or directory
stat /Users/andrewdykema/Library/Containers/com.apple.mail.MailQuickLookExtension/Data/Library/Filters: no such file or directory
stat /Users/andrewdykema/Library/Containers/com.apple.Photos.StorageManagementExtension/Data/Library/ColorSync: no such file or directory
stat /Users/andrewdykema/Library/Containers/com.apple.Photos.StorageManagementExtension/Data/Library/Components: no such file or directory
stat /Users/andrewdykema/Library/Containers/com.apple.mail.MailQuickLookExtension/Data/Library/KeyBindings: no such file or directory
stat /Users/andrewdykema/Library/Containers/com.apple.inputmethod.EmojiFunctionRowItem/Data/Library/ColorSync: no such file or directory
stat /Users/andrewdykema/Library/Containers/com.apple.inputmethod.EmojiFunctionRowItem/Data/Library/Components: no such file or directory
stat /Users/andrewdykema/Library/Containers/com.apple.mail.MailQuickLookExtension/Data/Library/PDF Services: no such file or directory
stat /Users/andrewdykema/Library/Containers/com.apple.Photos.StorageManagementExtension/Data/Library/Filters: no such file or directory
stat /Users/andrewdykema/Library/Containers/com.apple.mail.MailQuickLookExtension/Data/Library/QuickLook: no such file or directory
stat /Users/andrewdykema/Library/Containers/com.apple.QuickLookUIFramework.QLPreviewGenerationExtension/Data/Library/KeyBindings: no such file or directory
stat /Users/andrewdykema/Library/Containers/com.apple.inputmethod.EmojiFunctionRowItem/Data/Library/Filters: no such file or directory
stat /Users/andrewdykema/Library/Containers/com.apple.QuickLookUIFramework.QLPreviewGenerationExtension/Data/Library/PDF Services: no such file or directory
stat /Users/andrewdykema/Library/Containers/com.apple.QuickLookUIFramework.QLPreviewGenerationExtension/Data/Library/QuickLook: no such file or directory
stat /Users/andrewdykema/Library/Containers/com.apple.inputmethod.EmojiFunctionRowItem/Data/Library/KeyBindings: no such file or directory
stat /Users/andrewdykema/Library/Containers/com.apple.inputmethod.EmojiFunctionRowItem/Data/Library/PDF Services: no such file or directory
stat /Users/andrewdykema/Library/Containers/com.apple.ScreenTimeWidgetApplication.ScreenTimeWidgetIntentsExtension/Data/Library/ColorSync: no such file or directory
stat /Users/andrewdykema/Library/Containers/com.apple.inputmethod.EmojiFunctionRowItem/Data/Library/QuickLook: no such file or directory
stat /Users/andrewdykema/Library/Containers/com.apple.ScreenTimeWidgetApplication.ScreenTimeWidgetIntentsExtension/Data/Library/Components: no such file or directory
stat /Users/andrewdykema/Library/Containers/com.apple.ScreenTimeWidgetApplication.ScreenTimeWidgetIntentsExtension/Data/Library/Filters: no such file or directory
stat /Users/andrewdykema/Library/Containers/com.apple.ScreenTimeWidgetApplication.ScreenTimeWidgetIntentsExtension/Data/Library/KeyBindings: no such file or directory
stat /Users/andrewdykema/Library/Containers/com.apple.ScreenTimeWidgetApplication.ScreenTimeWidgetIntentsExtension/Data/Library/PDF Services: no such file or directory
stat /Users/andrewdykema/Library/Containers/com.apple.ScreenTimeWidgetApplication.ScreenTimeWidgetIntentsExtension/Data/Library/QuickLook: no such file or directory
stat /Users/andrewdykema/Library/Containers/com.apple.Photos.StorageManagementExtension/Data/Library/KeyBindings: no such file or directory
stat /System/Library/Frameworks/Tk.framework/tkConfig.sh: no such file or directory
stat /Users/andrewdykema/Library/Containers/com.apple.Photos.StorageManagementExtension/Data/Library/PDF Services: no such file or directory
stat /Users/andrewdykema/Library/Containers/com.apple.Photos.StorageManagementExtension/Data/Library/QuickLook: no such file or directory
stat /Users/andrewdykema/Library/Containers/com.apple.QuickTimePlayerX/Data/Library/ColorSync: no such file or directory
stat /Users/andrewdykema/Library/Containers/com.apple.QuickTimePlayerX/Data/Library/Components: no such file or directory
stat /Users/andrewdykema/Library/Containers/com.apple.QuickTimePlayerX/Data/Library/Filters: no such file or directory
open /Users/andrewdykema/Library/Containers/com.apple.iChat: operation not permitted
stat /Users/andrewdykema/Library/Containers/com.apple.iWork.Numbers/Data/Library/ColorSync: no such file or directory
stat /Users/andrewdykema/Library/Containers/com.apple.ContactsUI.ContactPickerService/Data/Library/ColorSync: no such file or directory
stat /Users/andrewdykema/Library/Containers/com.apple.ContactsUI.ContactPickerService/Data/Library/Components: no such file or directory
stat /Users/andrewdykema/Library/Containers/com.apple.diagnosticextensions.osx.installlog/Data/Library/ColorSync: no such file or directory
stat /Users/andrewdykema/Library/Containers/com.apple.diagnosticextensions.osx.installlog/Data/Library/Components: no such file or directory
stat /Users/andrewdykema/Library/Containers/com.apple.QuickTimePlayerX/Data/Library/KeyBindings: no such file or directory
stat /Users/andrewdykema/Library/Containers/com.apple.diagnosticextensions.osx.installlog/Data/Library/Filters: no such file or directory
stat /Users/andrewdykema/Library/Containers/com.apple.diagnosticextensions.osx.installlog/Data/Library/KeyBindings: no such file or directory
stat /Users/andrewdykema/Library/Containers/com.apple.diagnosticextensions.osx.installlog/Data/Library/PDF Services: no such file or directory
stat /Users/andrewdykema/Library/Containers/com.apple.diagnosticextensions.osx.installlog/Data/Library/QuickLook: no such file or directory
stat /Users/andrewdykema/Library/Containers/com.apple.WeatherKitService/Data/Documents/iChats: no such file or directory
stat /Users/andrewdykema/Library/Containers/com.apple.iWork.Numbers/Data/Library/Components: no such file or directory
stat /Users/andrewdykema/Library/Containers/com.apple.iWork.Numbers/Data/Library/Filters: no such file or directory
stat /Users/andrewdykema/Library/Containers/com.apple.diagnosticextensions.osx.spotlight/Data/Library/ColorSync: no such file or directory
stat /Users/andrewdykema/Library/Containers/com.apple.diagnosticextensions.osx.spotlight/Data/Library/Components: no such file or directory
stat /Users/andrewdykema/Library/Containers/com.apple.iWork.Numbers/Data/Library/KeyBindings: no such file or directory
stat /Users/andrewdykema/Library/Containers/com.apple.iWork.Numbers/Data/Library/PDF Services: no such file or directory
stat /Users/andrewdykema/Library/Containers/com.apple.iWork.Numbers/Data/Library/QuickLook: no such file or directory
stat /Users/andrewdykema/Library/Containers/com.apple.ContactsUI.ContactPickerService/Data/Library/Filters: no such file or directory
stat /Users/andrewdykema/Library/Containers/com.apple.ContactsUI.ContactPickerService/Data/Library/KeyBindings: no such file or directory
stat /Users/andrewdykema/Library/Containers/com.apple.ContactsUI.ContactPickerService/Data/Library/PDF Services: no such file or directory
stat /Users/andrewdykema/Library/Containers/com.apple.ContactsUI.ContactPickerService/Data/Library/QuickLook: no such file or directory
stat /Users/andrewdykema/Library/Containers/com.apple.QuickTimePlayerX/Data/Library/PDF Services: no such file or directory
stat /Users/andrewdykema/Library/Containers/com.apple.diagnosticextensions.osx.spotlight/Data/Library/Filters: no such file or directory
stat /Users/andrewdykema/Library/Containers/com.apple.QuickTimePlayerX/Data/Library/QuickLook: no such file or directory
stat /Users/andrewdykema/Library/Containers/com.apple.diagnosticextensions.osx.spotlight/Data/Library/KeyBindings: no such file or directory
stat /Users/andrewdykema/Library/Containers/com.apple.WeatherKitService/Data/Library/ColorSync: no such file or directory
stat /Users/andrewdykema/Library/Containers/com.apple.diagnosticextensions.osx.spotlight/Data/Library/PDF Services: no such file or directory
stat /Users/andrewdykema/Library/Containers/com.apple.WeatherKitService/Data/Library/Components: no such file or directory
stat /Users/andrewdykema/Library/Containers/com.apple.diagnosticextensions.osx.spotlight/Data/Library/QuickLook: no such file or directory
stat /Users/andrewdykema/Library/Containers/com.apple.WeatherKitService/Data/Library/Filters: no such file or directory
stat /Users/andrewdykema/Library/Containers/com.apple.WeatherKitService/Data/Library/KeyBindings: no such file or directory
stat /Users/andrewdykema/Library/Containers/com.apple.WeatherKitService/Data/Library/PDF Services: no such file or directory
stat /Users/andrewdykema/Library/Containers/com.apple.WeatherKitService/Data/Library/QuickLook: no such file or directory
stat /Users/andrewdykema/Library/Containers/com.apple.iWork.ExternalResourceAccessor/Data/Library/ColorSync: no such file or directory
stat /Users/andrewdykema/Library/Containers/com.apple.iWork.ExternalResourceAccessor/Data/Library/Components: no such file or directory
stat /Users/andrewdykema/Library/Containers/com.apple.iWork.ExternalResourceAccessor/Data/Library/Filters: no such file or directory
stat /Users/andrewdykema/Library/Containers/com.apple.iWork.ExternalResourceValidator/Data/Library/ColorSync: no such file or directory
stat /Users/andrewdykema/Library/Containers/com.apple.iWork.ExternalResourceValidator/Data/Library/Components: no such file or directory
stat /Users/andrewdykema/Library/Containers/com.apple.iWork.ExternalResourceValidator/Data/Library/Filters: no such file or directory
stat /Users/andrewdykema/Library/Containers/com.apple.iWork.ExternalResourceValidator/Data/Library/KeyBindings: no such file or directory
stat /Users/andrewdykema/Library/Containers/com.apple.iWork.ExternalResourceValidator/Data/Library/PDF Services: no such file or directory
stat /Users/andrewdykema/Library/Containers/com.apple.iWork.ExternalResourceValidator/Data/Library/QuickLook: no such file or directory
stat /Users/andrewdykema/Library/Containers/com.apple.diagnosticextensions.osx.systemprofile/Data/Library/ColorSync: no such file or directory
stat /Users/andrewdykema/Library/Containers/com.apple.diagnosticextensions.osx.systemprofile/Data/Library/Components: no such file or directory
stat /Users/andrewdykema/Library/Containers/com.apple.diagnosticextensions.osx.systemprofile/Data/Library/Filters: no such file or directory
stat /Users/andrewdykema/Library/Containers/com.apple.diagnosticextensions.osx.systemprofile/Data/Library/KeyBindings: no such file or directory
stat /Users/andrewdykema/Library/Containers/com.apple.diagnosticextensions.osx.systemprofile/Data/Library/PDF Services: no such file or directory
stat /Users/andrewdykema/Library/Containers/com.apple.diagnosticextensions.osx.systemprofile/Data/Library/QuickLook: no such file or directory
stat /Users/andrewdykema/Library/Containers/com.apple.iWork.ExternalResourceAccessor/Data/Library/KeyBindings: no such file or directory
stat /Users/andrewdykema/Library/Containers/com.apple.iWork.Keynote/Data/Library/ColorSync: no such file or directory
stat /Users/andrewdykema/Library/Containers/com.apple.iWork.Keynote/Data/Library/Components: no such file or directory
stat /Users/andrewdykema/Library/Containers/com.apple.iWork.Keynote/Data/Library/Filters: no such file or directory
stat /Users/andrewdykema/Library/Containers/com.apple.iWork.Keynote/Data/Library/KeyBindings: no such file or directory
stat /Users/andrewdykema/Library/Containers/com.apple.iWork.Keynote/Data/Library/PDF Services: no such file or directory
stat /Users/andrewdykema/Library/Containers/com.apple.iWork.ExternalResourceAccessor/Data/Library/PDF Services: no such file or directory
stat /Users/andrewdykema/Library/Containers/com.apple.iWork.ExternalResourceAccessor/Data/Library/QuickLook: no such file or directory
stat /Users/andrewdykema/Library/Containers/com.apple.iWork.Keynote/Data/Library/QuickLook: no such file or directory
stat /Users/andrewdykema/Library/Containers/com.apple.HydraQLThumbnailExtension/Data/Library/ColorSync: no such file or directory
stat /Users/andrewdykema/Library/Containers/com.apple.HydraQLThumbnailExtension/Data/Library/Components: no such file or directory
stat /Users/andrewdykema/Library/Containers/com.apple.HydraQLThumbnailExtension/Data/Library/Filters: no such file or directory
open /Volumes/Macintosh HD/private/var/db/accessoryupdater: permission denied
open /Volumes/Macintosh HD/private/var/db/analyticsd: permission denied
open /var/folders/zz/zyxvpxvq6csfxvn_n00000yh00007m/C: permission denied
open /var/folders/zz/zyxvpxvq6csfxvn_n00000yh00007m/T: permission denied
open /var/folders/zz/zyxvpxvq6csfxvn_n00000z000007r/T: permission denied
stat /var/folders/zz/zyxvpxvq6csfxvn_n00000z000007r/0/com.apple.nsurlsessiond: operation not permitted
stat /var/folders/zz/zyxvpxvq6csfxvn_n00000z000007r/0/com.apple.routined: operation not permitted
open /var/folders/zz/zyxvpxvq6csfxvn_n00000z000007r/0/com.apple.pluginkit: permission denied
open /var/folders/zz/zyxvpxvq6csfxvn_n00000z000007r/C: permission denied
open /var/folders/zz/zyxvpxvq6csfxvn_n0000104000081/T: permission denied
open /var/folders/zz/zyxvpxvq6csfxvn_n0000104000081/C: permission denied
open /var/folders/zz/zyxvpxvq6csfxvn_n00000z000007r/0/com.apple.notificationcenter: permission denied
open /var/folders/zz/zyxvpxvq6csfxvn_n000010c000083/C: permission denied
stat /Volumes/Macintosh HD/Volumes/Macintosh HD/System/Library/PrivateFrameworks/MobileStoreDemoKit.framework: no such file or directory
open /System/Library/Templates/Data/private/var/root: permission denied
stat /System/Library/Frameworks/vecLib.framework/libBigNum.dylib: no such file or directory
stat /System/Library/Templates/Data/private/etc/resolv.conf: no such file or directory
open /System/Library/Templates/Data/private/var/agentx: permission denied
open /System/Library/Templates/Data/private/var/audit: permission denied
open /System/Library/Templates/Data/private/var/backups: permission denied
open /System/Library/Templates/Data/private/var/install: permission denied
open /System/Library/Templates/Data/private/var/jabberd: permission denied
open /System/Library/Templates/Data/Library/Application Support/com.apple.TCC: operation not permitted
open /System/Library/Templates/Data/private/var/ma: permission denied
stat /System/Library/Templates/Data/System/Library/Caches/com.apple.factorydata: no such file or directory
stat /Users/andrewdykema/Library/Containers/com.apple.HydraQLThumbnailExtension/Data/Library/KeyBindings: no such file or directory
stat /Users/andrewdykema/Library/Containers/com.apple.HydraQLThumbnailExtension/Data/Library/PDF Services: no such file or directory
stat /Users/andrewdykema/Library/Containers/com.apple.HydraQLThumbnailExtension/Data/Library/QuickLook: no such file or directory
stat /Users/andrewdykema/Library/Containers/com.apple.MobileSMS/Data/Library/Filters: no such file or directory
stat /Users/andrewdykema/Library/Containers/com.apple.PDFKit.PDFExtensionView/Data/Library/ColorSync: no such file or directory
stat /Users/andrewdykema/Library/Containers/com.apple.PDFKit.PDFExtensionView/Data/Library/Components: no such file or directory
stat /Users/andrewdykema/Library/Containers/com.apple.MobileSMS/Data/Library/KeyBindings: no such file or directory
stat /Users/andrewdykema/Library/Containers/com.apple.PDFKit.PDFExtensionView/Data/Library/Filters: no such file or directory
stat /Users/andrewdykema/Library/Containers/com.apple.PDFKit.PDFExtensionView/Data/Library/KeyBindings: no such file or directory
stat /Users/andrewdykema/Library/Containers/com.apple.DiagnosticExtensions.HIDSensingDiagnosticExtension/Data/Library/ColorSync: no such file or directory
stat /Users/andrewdykema/Library/Containers/com.apple.DiagnosticExtensions.HIDSensingDiagnosticExtension/Data/Library/Components: no such file or directory
stat /Users/andrewdykema/Library/Containers/com.apple.MobileSMS/Data/Library/PDF Services: no such file or directory
stat /Users/andrewdykema/Library/Containers/com.apple.DiagnosticExtensions.HIDSensingDiagnosticExtension/Data/Library/Filters: no such file or directory
stat /Users/andrewdykema/Library/Containers/com.apple.MobileSMS/Data/Library/QuickLook: no such file or directory
stat /Users/andrewdykema/Library/Containers/com.apple.DiagnosticExtensions.HIDSensingDiagnosticExtension/Data/Library/KeyBindings: no such file or directory
stat /Users/andrewdykema/Library/Containers/com.apple.DiagnosticExtensions.HIDSensingDiagnosticExtension/Data/Library/PDF Services: no such file or directory
stat /Users/andrewdykema/Library/Containers/com.apple.DiagnosticExtensions.HIDSensingDiagnosticExtension/Data/Library/QuickLook: no such file or directory
stat /Users/andrewdykema/Library/Containers/com.apple.PDFKit.PDFExtensionView/Data/Library/PDF Services: no such file or directory
stat /Users/andrewdykema/Library/Containers/com.apple.PDFKit.PDFExtensionView/Data/Library/QuickLook: no such file or directory
stat /System/Library/Frameworks/Accelerate.framework/Frameworks/vecLib.framework/libBigNum.dylib: no such file or directory
stat /System/Library/Frameworks/AddressBook.framework/Versions/Current/Resources/AddressBookSourceSyncScheduleHelper: no such file or directory
stat /System/Library/Frameworks/AddressBook.framework/Versions/A/Resources/AddressBookSourceSyncScheduleHelper: no such file or directory
stat /System/Library/Frameworks/AddressBook.framework/Resources/AddressBookSourceSyncScheduleHelper: no such file or directory
open /var/folders/zz/zyxvpxvq6csfxvn_n0000108000082/T: permission denied
open /var/folders/zz/zyxvpxvq6csfxvn_n0000108000082/C: permission denied
open /var/folders/zz/zyxvpxvq6csfxvn_n000011m00008d/T: permission denied
open /var/folders/zz/zyxvpxvq6csfxvn_n000011m00008d/C: permission denied
open /Volumes/Macintosh HD/private/etc/cups/certs: permission denied
stat /System/Library/Frameworks/ExternalAccessory.framework/ExternalAccessory: no such file or directory
stat /System/Library/Frameworks/Ruby.framework/Ruby: no such file or directory
stat /System/Library/PrivateFrameworks/InputContext.framework/InputContext: no such file or directory
stat /System/Library/PrivateFrameworks/LocationSupport.framework/Support: no such file or directory
stat /System/Library/PrivateFrameworks/MobileStoreDemoKit.framework: no such file or directory
stat /System/Library/CoreServices/Photo Library Migration Utility.app/Contents/Frameworks/iLifePageLayout.framework/Frameworks: no such file or directory
stat /System/Library/PrivateFrameworks/OfficeImport.framework/PlugIns: no such file or directory
stat /System/Library/PrivateFrameworks/Symptoms.framework/Frameworks/ManagedEvent.framework/ManagedEvent: no such file or directory
stat /System/Library/PrivateFrameworks/Symptoms.framework/Frameworks/SymptomPresentationFeed.framework/SymptomPresentationFeed: no such file or directory
stat /System/Library/PrivateFrameworks/Symptoms.framework/Frameworks/SymptomEvaluator.framework/SymptomEvaluator: no such file or directory
stat /System/Library/PrivateFrameworks/Symptoms.framework/Frameworks/SymptomAnalytics.framework/SymptomAnalytics: no such file or directory
stat /System/Library/PrivateFrameworks/Symptoms.framework/Frameworks/SymptomNetworkUsage.framework/SymptomNetworkUsage: no such file or directory
stat /System/Library/PrivateFrameworks/Symptoms.framework/Frameworks/SymptomPresentationLite.framework/SymptomPresentationLite: no such file or directory
open /var/db/hidd: permission denied
stat /Volumes/Macintosh HD/var/db/DifferentialPrivacy: operation not permitted
stat /Volumes/Macintosh HD/var/db/ConfigurationProfiles/Store: operation not permitted
open /Volumes/Macintosh HD/var/db/ConfigurationProfiles/Setup: permission denied
open /Volumes/Macintosh HD/var/db/CoreDuet: operation not permitted
open /Volumes/Macintosh HD/var/db/DumpPanic: operation not permitted
stat /Volumes/Macintosh HD/var/db/GPURestartReporter/current.gpuRestart: no such file or directory
open /Volumes/Macintosh HD/var/db/KernelExtensionManagement/Staging: operation not permitted
open /Volumes/Macintosh HD/var/db/MobileIdentityService: operation not permitted
open /Volumes/Macintosh HD/var/db/Sandbox: operation not permitted
open /Volumes/Macintosh HD/var/db/Spotlight: operation not permitted
open /Volumes/Macintosh HD/var/db/Spotlight-V100: operation not permitted
open /Volumes/Macintosh HD/var/db/TokenCache: permission denied
open /Volumes/Macintosh HD/var/db/accessoryupdater: permission denied
open /Volumes/Macintosh HD/var/db/analyticsd: permission denied
open /Volumes/Macintosh HD/var/db/appinstalld: operation not permitted
open /Volumes/Macintosh HD/var/db/applepay: permission denied
open /Volumes/Macintosh HD/var/db/caches/opendirectory: permission denied
open /Volumes/Macintosh HD/var/db/cmiodalassistants: permission denied
open /Volumes/Macintosh HD/var/db/com.apple.xpc.roleaccountd.staging: permission denied
open /Volumes/Macintosh HD/var/db/darwindaemon: permission denied
open /Volumes/Macintosh HD/var/db/datadetectors: permission denied
open /Volumes/Macintosh HD/var/db/dhcpclient: permission denied
open /Volumes/Macintosh HD/var/db/diskimagesiod: permission denied
open /Volumes/Macintosh HD/var/db/dslocal/nodes/Default: permission denied
open /Volumes/Macintosh HD/var/db/fpsd: permission denied
open /Volumes/Macintosh HD/var/db/geod: permission denied
open /Volumes/Macintosh HD/var/db/hidd: permission denied
open /Volumes/Macintosh HD/var/db/installcoordinationd: operation not permitted
open /Volumes/Macintosh HD/var/db/knowledgegraphd: permission denied
open /Volumes/Macintosh HD/var/db/locationd: permission denied
open /Volumes/Macintosh HD/var/db/lockdown: operation not permitted
open /Volumes/Macintosh HD/var/db/nearbyd: permission denied
open /Volumes/Macintosh HD/var/db/nsurlsessiond: permission denied
open /Volumes/Macintosh HD/var/db/oah: operation not permitted
open /Volumes/Macintosh HD/var/db/reportmemoryexception: permission denied
open /Volumes/Macintosh HD/var/db/rmd: permission denied
open /Volumes/Macintosh HD/var/db/searchparty: operation not permitted
open /Volumes/Macintosh HD/var/db/securityagent: permission denied
open /Volumes/Macintosh HD/var/db/softwareupdate/Library: permission denied
open /Volumes/Macintosh HD/var/db/sudo: permission denied
open /Volumes/Macintosh HD/var/db/sysdiagnose/com.apple.sysdiagnose: operation not permitted
open /Volumes/Macintosh HD/var/db/timed: permission denied
stat /Volumes/Macintosh HD/var/db/xcode_select_link/usr/bin/crashlog: no such file or directory
open /var/run/mds: permission denied
open /Library/Application Support/Apple/ParentalControls/Users: permission denied
open /Volumes/Macintosh HD/var/protected/sfanalytics/FFFFEEEE-DDDD-CCCC-BBBB-AAAA00000059: permission denied
open /Volumes/Macintosh HD/var/protected/sfanalytics/FFFFEEEE-DDDD-CCCC-BBBB-AAAA000000CD: permission denied
open /Volumes/Macintosh HD/var/folders/zz/zyxvpxvq6csfxvn_n0000000000000/C: permission denied
stat /Volumes/Macintosh HD/var/folders/zz/zyxvpxvq6csfxvn_n0000000000000/0/com.apple.LaunchServices.dv: operation not permitted
open /Volumes/Macintosh HD/var/folders/zz/zyxvpxvq6csfxvn_n0000000000000/T: permission denied
open /var/folders/zz/zyxvpxvq6csfxvn_n00000xc00007b/C: permission denied
stat /dev/fd/21/AssetCacheLocatorUtil: no such file or directory
stat /dev/fd/21/AssetCacheManagerUtil: no such file or directory
stat /dev/fd/21/AssetCacheTetheratorUtil: no such file or directory
stat /dev/fd/21/DeRez: no such file or directory
stat /dev/fd/21/IOAccelMemory: no such file or directory
stat /dev/fd/21/IOMFB_FDR_Loader: no such file or directory
stat /dev/fd/21/ResMerger: no such file or directory
stat /dev/fd/21/SplitForks: no such file or directory
stat /dev/fd/21/aa: no such file or directory
stat /dev/fd/21/actool: no such file or directory
stat /dev/fd/21/addftinfo: no such file or directory
stat /dev/fd/21/afhash: no such file or directory
stat /dev/fd/21/afktool: no such file or directory
stat /dev/fd/21/afmtodit: no such file or directory
stat /dev/fd/21/afplay: no such file or directory
stat /dev/fd/21/agentxtrap: no such file or directory
stat /dev/fd/21/agvtool: no such file or directory
stat /dev/fd/21/apropos: no such file or directory
stat /dev/fd/21/apt: no such file or directory
stat /dev/fd/21/ar: no such file or directory
stat /dev/fd/21/arch: no such file or directory
stat /dev/fd/21/as: no such file or directory
stat /dev/fd/21/asa: no such file or directory
stat /dev/fd/21/assetutil: no such file or directory
stat /dev/fd/21/at: no such file or directory
stat /dev/fd/21/atos: no such file or directory
stat /dev/fd/21/atq: no such file or directory
stat /dev/fd/21/atrm: no such file or directory
stat /dev/fd/21/atsutil: no such file or directory
stat /dev/fd/21/automationmodetool: no such file or directory
stat /dev/fd/21/automator: no such file or directory
stat /dev/fd/21/avconvert: no such file or directory
stat /dev/fd/21/base64: no such file or directory
stat /dev/fd/21/bashbug: no such file or directory
stat /dev/fd/21/batch: no such file or directory
stat /dev/fd/21/bg: no such file or directory
stat /dev/fd/21/biff: no such file or directory
stat /dev/fd/21/binhex.pl: no such file or directory
stat /dev/fd/21/binhex5.30.pl: no such file or directory
stat /dev/fd/21/bitesize.d: no such file or directory
stat /dev/fd/21/bputil: no such file or directory
stat /dev/fd/21/bsdtar: no such file or directory
stat /dev/fd/21/bundle: no such file or directory
stat /dev/fd/21/bzcat: no such file or directory
stat /dev/fd/21/bzcmp: no such file or directory
stat /dev/fd/21/bzless: no such file or directory
stat /dev/fd/21/cal: no such file or directory
stat /dev/fd/21/cd: no such file or directory
stat /dev/fd/21/certtool: no such file or directory
stat /dev/fd/21/checknr: no such file or directory
stat /dev/fd/21/chflags: no such file or directory
stat /dev/fd/21/chfn: no such file or directory
stat /dev/fd/21/chgrp: no such file or directory
stat /dev/fd/21/chpass: no such file or directory
stat /dev/fd/21/cksum: no such file or directory
stat /dev/fd/21/clang++: no such file or directory
stat /dev/fd/21/clear: no such file or directory
stat /dev/fd/21/codecctl: no such file or directory
stat /dev/fd/21/codesign: no such file or directory
stat /dev/fd/21/codesign_allocate: no such file or directory
stat /dev/fd/21/colldef: no such file or directory
stat /dev/fd/21/colrm: no such file or directory
stat /dev/fd/21/column: no such file or directory
stat /dev/fd/21/comm: no such file or directory
stat /dev/fd/21/command: no such file or directory
stat /dev/fd/21/compression_tool: no such file or directory
stat /dev/fd/21/config_data: no such file or directory
stat /dev/fd/21/config_data5.30: no such file or directory
stat /dev/fd/21/cpan2dist: no such file or directory
stat /dev/fd/21/cpanp: no such file or directory
stat /dev/fd/21/cpp: no such file or directory
stat /dev/fd/21/crc32: no such file or directory
stat /dev/fd/21/crlrefresh: no such file or directory
stat /dev/fd/21/crontab: no such file or directory
stat /dev/fd/21/csreq: no such file or directory
stat /dev/fd/21/csrutil: no such file or directory
stat /dev/fd/21/cu: no such file or directory
stat /dev/fd/21/curl: no such file or directory
stat /dev/fd/21/curl-config: no such file or directory
stat /dev/fd/21/cut: no such file or directory
stat /dev/fd/21/db_checkpoint: no such file or directory
stat /dev/fd/21/db_codegen: no such file or directory
stat /dev/fd/21/db_load: no such file or directory
stat /dev/fd/21/db_stat: no such file or directory
stat /dev/fd/21/db_verify: no such file or directory
stat /dev/fd/21/dbicadmin: no such file or directory
stat /dev/fd/21/dbicadmin5.18: no such file or directory
stat /dev/fd/21/dbicadmin5.30: no such file or directory
stat /dev/fd/21/dbilogstrip: no such file or directory
stat /dev/fd/21/dbilogstrip5.18: no such file or directory
stat /dev/fd/21/dbiproxy: no such file or directory
stat /dev/fd/21/dbiproxy5.18: no such file or directory
stat /dev/fd/21/dbiproxy5.30: no such file or directory
stat /dev/fd/21/dc: no such file or directory
stat /dev/fd/21/debinhex5.18.pl: no such file or directory
stat /dev/fd/21/defaults: no such file or directory
stat /dev/fd/21/delv: no such file or directory
stat /dev/fd/21/derq: no such file or directory
stat /dev/fd/21/diff: no such file or directory
stat /dev/fd/21/dig: no such file or directory
stat /dev/fd/21/dirname: no such file or directory
stat /dev/fd/21/ditto: no such file or directory
stat /dev/fd/21/dmc: no such file or directory
stat /dev/fd/21/dns-sd: no such file or directory
stat /dev/fd/21/dscl: no such file or directory
stat /dev/fd/21/dserr: no such file or directory
stat /dev/fd/21/dsexport: no such file or directory
stat /dev/fd/21/dsimport: no such file or directory
stat /dev/fd/21/dsymutil: no such file or directory
stat /dev/fd/21/dtruss: no such file or directory
stat /dev/fd/21/dwarfdump: no such file or directory
stat /dev/fd/21/egrep: no such file or directory
stat /dev/fd/21/enc2xs: no such file or directory
stat /dev/fd/21/encode_keychange: no such file or directory
stat /dev/fd/21/env: no such file or directory
stat /dev/fd/21/eqn: no such file or directory
stat /dev/fd/21/ex: no such file or directory
stat /dev/fd/21/execsnoop: no such file or directory
stat /dev/fd/21/eyapp: no such file or directory
stat /dev/fd/21/eyapp5.18: no such file or directory
stat /dev/fd/21/eyapp5.30: no such file or directory
stat /dev/fd/21/fc: no such file or directory
stat /dev/fd/21/fg: no such file or directory
stat /dev/fd/21/fileproviderctl: no such file or directory
stat /dev/fd/21/filtercalltree: no such file or directory
stat /dev/fd/21/find2perl: no such file or directory
stat /dev/fd/21/findrule: no such file or directory
stat /dev/fd/21/flex++: no such file or directory
stat /dev/fd/21/fmt: no such file or directory
stat /dev/fd/21/fold: no such file or directory
stat /dev/fd/21/footprint: no such file or directory
stat /dev/fd/21/format-sql: no such file or directory
stat /dev/fd/21/format-sql5.18: no such file or directory
stat /dev/fd/21/from: no such file or directory
stat /dev/fd/21/funzip: no such file or directory
stat /dev/fd/21/fuser: no such file or directory
stat /dev/fd/21/fwkdp: no such file or directory
stat /dev/fd/21/fwkpfv: no such file or directory
stat /dev/fd/21/gcc: no such file or directory
stat /dev/fd/21/gcore: no such file or directory
stat /dev/fd/21/gdiffmk: no such file or directory
stat /dev/fd/21/gencat: no such file or directory
stat /dev/fd/21/genstrings: no such file or directory
stat /dev/fd/21/getconf: no such file or directory
stat /dev/fd/21/getopts: no such file or directory
stat /dev/fd/21/git-shell: no such file or directory
stat /dev/fd/3/GetFileInfo: no such file or directory
stat /dev/fd/3/SetFile: no such file or directory
stat /dev/fd/3/a2p: no such file or directory
stat /dev/fd/3/aea: no such file or directory
stat /dev/fd/3/afida: no such file or directory
stat /dev/fd/3/afinfo: no such file or directory
stat /dev/fd/3/afscexpand: no such file or directory
stat /dev/fd/3/auval: no such file or directory
stat /dev/fd/3/avmediainfo: no such file or directory
stat /dev/fd/3/avmetareadwrite: no such file or directory
stat /dev/fd/3/banner: no such file or directory
stat /dev/fd/3/bioutil: no such file or directory
stat /dev/fd/3/bison: no such file or directory
stat /dev/fd/3/bspatch: no such file or directory
stat /dev/fd/3/bundler: no such file or directory
stat /dev/fd/3/bzip2: no such file or directory
stat /dev/fd/3/c89: no such file or directory
stat /dev/fd/3/cc: no such file or directory
stat /dev/fd/3/cmpdylib: no such file or directory
stat /dev/fd/3/col: no such file or directory
stat /dev/fd/3/corelist5.30: no such file or directory
stat /dev/fd/3/cpan5.18: no such file or directory
stat /dev/fd/3/cpio: no such file or directory
stat /dev/fd/3/cpu_profiler.d: no such file or directory
stat /dev/fd/3/cpuctl: no such file or directory
stat /dev/fd/3/crc325.30: no such file or directory
stat /dev/fd/3/creatbyproc.d: no such file or directory
stat /dev/fd/3/cvaffinity: no such file or directory
stat /dev/fd/3/cvcp: no such file or directory
stat /dev/fd/3/dappprof: no such file or directory
stat /dev/fd/3/dapptrace: no such file or directory
stat /dev/fd/3/db_deadlock: no such file or directory
stat /dev/fd/3/db_dump: no such file or directory
stat /dev/fd/3/db_recover: no such file or directory
stat /dev/fd/3/dbiprof5.18: no such file or directory
stat /dev/fd/3/debinhex.pl: no such file or directory
stat /dev/fd/3/diffstat: no such file or directory
stat /dev/fd/3/drutil: no such file or directory
stat /dev/fd/3/dscacheutil: no such file or directory
stat /dev/fd/3/dsmemberutil: no such file or directory
stat /dev/fd/3/enc2xs5.30: no such file or directory
stat /dev/fd/3/erb: no such file or directory
stat /dev/fd/3/expect: no such file or directory
stat /dev/fd/3/false: no such file or directory
stat /dev/fd/3/fdesetup: no such file or directory
stat /dev/fd/3/fgrep: no such file or directory
stat /dev/fd/3/filebyproc.d: no such file or directory
stat /dev/fd/3/find: no such file or directory
stat /dev/fd/3/findrule5.18: no such file or directory
stat /dev/fd/3/finger: no such file or directory
stat /dev/fd/3/fixproc: no such file or directory
stat /dev/fd/3/flex: no such file or directory
stat /dev/fd/3/gatherheaderdoc: no such file or directory
stat /dev/fd/3/gem: no such file or directory
stat /dev/fd/3/gen_bridge_metadata: no such file or directory
stat /dev/fd/3/git: no such file or directory
stat /dev/fd/3/git-upload-pack: no such file or directory
stat /dev/fd/3/grn: no such file or directory
stat /dev/fd/3/grog: no such file or directory
stat /dev/fd/3/grolj4: no such file or directory
stat /dev/fd/3/gunzip: no such file or directory
stat /dev/fd/3/h2xs5.18: no such file or directory
stat /dev/fd/3/hidutil: no such file or directory
stat /dev/fd/3/hostinfo: no such file or directory
stat /dev/fd/3/hotspot.d: no such file or directory
stat /dev/fd/3/htmltree: no such file or directory
stat /dev/fd/3/htmltree5.18: no such file or directory
stat /dev/fd/3/install-info: no such file or directory
stat /dev/fd/3/install_name_tool: no such file or directory
stat /dev/fd/3/instmodsh5.18: no such file or directory
stat /dev/fd/3/iopattern: no such file or directory
stat /dev/fd/3/ip2cc5.18: no such file or directory
stat /dev/fd/3/iptab5.30: no such file or directory
stat /dev/fd/3/javadoc: no such file or directory
stat /dev/fd/3/jconsole: no such file or directory
stat /dev/fd/3/jcontrol: no such file or directory
stat /dev/fd/3/jdeps: no such file or directory
stat /dev/fd/3/jimage: no such file or directory
stat /dev/fd/3/jinfo: no such file or directory
stat /dev/fd/3/jlink: no such file or directory
stat /dev/fd/3/jobs: no such file or directory
stat /dev/fd/3/jpackage: no such file or directory
stat /dev/fd/3/json_pp5.18: no such file or directory
stat /dev/fd/3/jstat: no such file or directory
stat /dev/fd/3/jstatd: no such file or directory
stat /dev/fd/3/kcc: no such file or directory
stat /dev/fd/3/klist: no such file or directory
stat /dev/fd/3/kmutil: no such file or directory
stat /dev/fd/3/kswitch: no such file or directory
stat /dev/fd/3/layerutil: no such file or directory
stat /dev/fd/3/ldapadd: no such file or directory
stat /dev/fd/3/ldapcompare: no such file or directory
stat /dev/fd/3/leave: no such file or directory
stat /dev/fd/3/lessecho: no such file or directory
stat /dev/fd/3/libnetcfg5.18: no such file or directory
stat /dev/fd/3/llvm-g++: no such file or directory
stat /dev/fd/3/localedef: no such file or directory
stat /dev/fd/3/lockstat: no such file or directory
stat /dev/fd/3/login: no such file or directory
stat /dev/fd/3/look: no such file or directory
stat /dev/fd/3/lorder: no such file or directory
stat /dev/fd/3/lpr: no such file or directory
stat /dev/fd/3/lpstat: no such file or directory
stat /dev/fd/3/lwp-download5.30: no such file or directory
stat /dev/fd/3/lwp-mirror: no such file or directory
stat /dev/fd/3/lwp-mirror5.18: no such file or directory
stat /dev/fd/3/lwp-request: no such file or directory
stat /dev/fd/3/lwp-request5.30: no such file or directory
stat /dev/fd/3/macerror5.30: no such file or directory
stat /dev/fd/3/makeinfo: no such file or directory
stat /dev/fd/3/malloc_history: no such file or directory
stat /dev/fd/3/memory_pressure: no such file or directory
stat /dev/fd/3/mib2c-update: no such file or directory
stat /dev/fd/3/mig: no such file or directory
stat /dev/fd/3/moo-outdated5.18: no such file or directory
stat /dev/fd/3/ncurses5.4-config: no such file or directory
stat /dev/fd/3/nmedit: no such file or directory
stat /dev/fd/3/nohup: no such file or directory
stat /dev/fd/3/nroff: no such file or directory
stat /dev/fd/3/open: no such file or directory
stat /dev/fd/3/opendiff: no such file or directory
stat /dev/fd/3/openssl: no such file or directory
stat /dev/fd/3/package-stash-conflicts5.18: no such file or directory
stat /dev/fd/3/par.pl: no such file or directory
stat /dev/fd/3/passwd: no such file or directory
stat /dev/fd/3/paste: no such file or directory
stat /dev/fd/3/pcap-config: no such file or directory
stat /dev/fd/3/perlivp5.30: no such file or directory
stat /dev/fd/3/pgrep: no such file or directory
stat /dev/fd/3/pidpersec.d: no such file or directory
stat /dev/fd/3/pl2pm5.18: no such file or directory
stat /dev/fd/3/plockstat: no such file or directory
stat /dev/fd/3/pmset: no such file or directory
stat /dev/fd/3/pod2html: no such file or directory
stat /dev/fd/3/pod2html5.18: no such file or directory
stat /dev/fd/3/pod2usage5.18: no such file or directory
stat /dev/fd/3/podselect: no such file or directory
stat /dev/fd/3/pp5.30: no such file or directory
stat /dev/fd/3/ppdhtml: no such file or directory
stat /dev/fd/3/ppdi: no such file or directory
stat /dev/fd/3/pridist.d: no such file or directory
stat /dev/fd/3/productbuild: no such file or directory
stat /dev/fd/3/profiles: no such file or directory
stat /dev/fd/3/prove5.30: no such file or directory
stat /dev/fd/3/psed: no such file or directory
stat /dev/fd/3/pstruct: no such file or directory
stat /dev/fd/3/ptar5.18: no such file or directory
stat /dev/fd/3/ptargrep5.18: no such file or directory
stat /dev/fd/3/pwpolicy: no such file or directory
stat /dev/fd/3/rails: no such file or directory
stat /dev/fd/3/ranlib: no such file or directory
stat /dev/fd/3/rdoc: no such file or directory
stat /dev/fd/3/ruby: no such file or directory
stat /dev/fd/3/rwsnoop: no such file or directory
stat /dev/fd/3/s2p: no such file or directory
stat /dev/fd/3/sampleproc: no such file or directory
stat /dev/fd/3/schemagen: no such file or directory
stat /dev/fd/3/scp: no such file or directory
stat /dev/fd/3/sdiff: no such file or directory
stat /dev/fd/3/serialver: no such file or directory
stat /dev/fd/3/sigdist.d: no such file or directory
stat /dev/fd/3/size: no such file or directory
stat /dev/fd/3/snfsdefrag: no such file or directory
stat /dev/fd/3/snmptest: no such file or directory
stat /dev/fd/3/snmpwalk: no such file or directory
stat /dev/fd/3/sntp: no such file or directory
stat /dev/fd/3/spfd5.30: no such file or directory
stat /dev/fd/3/spfquery5.30: no such file or directory
stat /dev/fd/3/splain: no such file or directory
stat /dev/fd/3/ssh-copy-id: no such file or directory
stat /dev/fd/3/stringdups: no such file or directory
stat /dev/fd/3/sudo: no such file or directory
stat /dev/fd/3/syscapturediags: no such file or directory
stat /dev/fd/3/talk: no such file or directory
stat /dev/fd/3/tar: no such file or directory
stat /dev/fd/3/tccutil: no such file or directory
stat /dev/fd/3/tclsh8.5: no such file or directory
stat /dev/fd/3/test-yaml5.30: no such file or directory
stat /dev/fd/3/timesyncanalyse: no such file or directory
stat /dev/fd/3/tkpp5.30: no such file or directory
stat /dev/fd/3/tmdiagnose: no such file or directory
stat /dev/fd/3/tnameserv: no such file or directory
stat /dev/fd/3/tput: no such file or directory
stat /dev/fd/3/tr: no such file or directory
stat /dev/fd/3/treereg5.18: no such file or directory
stat /dev/fd/3/true: no such file or directory
stat /dev/fd/3/ulimit: no such file or directory
stat /dev/fd/3/uncompress: no such file or directory
stat /dev/fd/3/unexpand: no such file or directory
stat /dev/fd/3/unifdefall: no such file or directory
stat /dev/fd/3/update_mcdp29xx: no such file or directory
stat /dev/fd/3/uptime: no such file or directory
stat /dev/fd/3/uttype: no such file or directory
stat /dev/fd/3/uucp: no such file or directory
stat /dev/fd/3/uuidgen: no such file or directory
stat /dev/fd/3/uustat: no such file or directory
stat /dev/fd/3/w: no such file or directory
stat /dev/fd/3/whereis: no such file or directory
stat /dev/fd/3/which: no such file or directory
stat /dev/fd/3/xattr: no such file or directory
stat /dev/fd/3/xcodebuild: no such file or directory
stat /dev/fd/3/xgettext5.18.pl: no such file or directory
stat /dev/fd/3/xmlcatalog: no such file or directory
stat /dev/fd/3/xpath5.18: no such file or directory
stat /dev/fd/3/yacc: no such file or directory
stat /dev/fd/3/yamlpp-load: no such file or directory
stat /dev/fd/3/yes: no such file or directory
stat /dev/fd/3/zcat: no such file or directory
stat /dev/fd/3/zcmp: no such file or directory
stat /dev/fd/3/zegrep: no such file or directory
stat /dev/fd/3/zfgrep: no such file or directory
stat /dev/fd/3/zforce: no such file or directory
stat /dev/fd/3/zipdetails: no such file or directory
stat /dev/fd/3/zipinfo: no such file or directory
open /Library/Application Support/Apple/AssetCache/Data: permission denied
stat /dev/fd/21/git-upload-archive: no such file or directory
stat /dev/fd/21/gnumake: no such file or directory
stat /dev/fd/21/gperf: no such file or directory
stat /dev/fd/21/grep: no such file or directory
stat /dev/fd/21/grodvi: no such file or directory
stat /dev/fd/21/grops: no such file or directory
stat /dev/fd/21/grotty: no such file or directory
stat /dev/fd/21/groups: no such file or directory
stat /dev/fd/21/gzcat: no such file or directory
stat /dev/fd/21/gzexe: no such file or directory
stat /dev/fd/21/gzip: no such file or directory
stat /dev/fd/21/h2ph: no such file or directory
stat /dev/fd/21/h2ph5.18: no such file or directory
stat /dev/fd/21/h2ph5.30: no such file or directory
stat /dev/fd/21/h2xs: no such file or directory
stat /dev/fd/21/hdid: no such file or directory
stat /dev/fd/21/hdxml2manxml: no such file or directory
stat /dev/fd/21/head: no such file or directory
stat /dev/fd/21/headerdoc2html: no such file or directory
stat /dev/fd/21/heap: no such file or directory
stat /dev/fd/21/hpftodit: no such file or directory
stat /dev/fd/21/hpmdiagnose: no such file or directory
stat /dev/fd/21/iconutil: no such file or directory
stat /dev/fd/21/id: no such file or directory
stat /dev/fd/21/imptrace: no such file or directory
stat /dev/fd/21/indxbib: no such file or directory
stat /dev/fd/21/info: no such file or directory
stat /dev/fd/21/infocmp: no such file or directory
stat /dev/fd/21/infokey: no such file or directory
stat /dev/fd/21/iopending: no such file or directory
stat /dev/fd/21/iosnoop: no such file or directory
stat /dev/fd/21/ipcount: no such file or directory
stat /dev/fd/21/ipcount5.18: no such file or directory
stat /dev/fd/21/ipcount5.30: no such file or directory
stat /dev/fd/21/ipcrm: no such file or directory
stat /dev/fd/21/ipcs: no such file or directory
stat /dev/fd/21/ippeveprinter: no such file or directory
stat /dev/fd/21/ippfind: no such file or directory
stat /dev/fd/21/ipptool: no such file or directory
stat /dev/fd/21/iptab: no such file or directory
stat /dev/fd/21/irb: no such file or directory
stat /dev/fd/21/jar: no such file or directory
stat /dev/fd/21/java: no such file or directory
stat /dev/fd/21/javac: no such file or directory
stat /dev/fd/21/javap: no such file or directory
stat /dev/fd/21/javaws: no such file or directory
stat /dev/fd/21/jcmd: no such file or directory
stat /dev/fd/21/jdb: no such file or directory
stat /dev/fd/21/jhat: no such file or directory
stat /dev/fd/21/jhsdb: no such file or directory
stat /dev/fd/21/jjs: no such file or directory
stat /dev/fd/21/jmap: no such file or directory
stat /dev/fd/21/jmc: no such file or directory
stat /dev/fd/21/jps: no such file or directory
stat /dev/fd/21/jrunscript: no such file or directory
stat /dev/fd/21/jsadebugd: no such file or directory
stat /dev/fd/21/jshell: no such file or directory
stat /dev/fd/21/json_pp: no such file or directory
stat /dev/fd/21/json_xs5.30: no such file or directory
stat /dev/fd/21/jstack: no such file or directory
stat /dev/fd/21/jvisualvm: no such file or directory
stat /dev/fd/21/kdestroy: no such file or directory
stat /dev/fd/21/kextutil: no such file or directory
stat /dev/fd/21/keytool: no such file or directory
stat /dev/fd/21/kgetcred: no such file or directory
stat /dev/fd/21/kill.d: no such file or directory
stat /dev/fd/21/killall: no such file or directory
stat /dev/fd/21/kinit: no such file or directory
stat /dev/fd/21/kpasswd: no such file or directory
stat /dev/fd/21/ktrace: no such file or directory
stat /dev/fd/21/lam: no such file or directory
stat /dev/fd/21/lastcomm: no such file or directory
stat /dev/fd/21/latency: no such file or directory
stat /dev/fd/21/ldapdelete: no such file or directory
stat /dev/fd/21/ldapexop: no such file or directory
stat /dev/fd/21/ldappasswd: no such file or directory
stat /dev/fd/21/ldapsearch: no such file or directory
stat /dev/fd/21/ldapwhoami: no such file or directory
stat /dev/fd/21/leaks: no such file or directory
stat /dev/fd/21/lipo: no such file or directory
stat /dev/fd/21/lkbib: no such file or directory
stat /dev/fd/21/lldb: no such file or directory
stat /dev/fd/21/llvm-gcc: no such file or directory
stat /dev/fd/21/log: no such file or directory
stat /dev/fd/21/logname: no such file or directory
stat /dev/fd/21/lookbib: no such file or directory
stat /dev/fd/21/lp: no such file or directory
stat /dev/fd/21/lpq: no such file or directory
stat /dev/fd/21/lsappinfo: no such file or directory
stat /dev/fd/21/lskq: no such file or directory
stat /dev/fd/21/lsm: no such file or directory
stat /dev/fd/21/lwp-download: no such file or directory
stat /dev/fd/21/lwp-dump: no such file or directory
stat /dev/fd/21/lwp-dump5.18: no such file or directory
stat /dev/fd/21/lwp-dump5.30: no such file or directory
stat /dev/fd/21/m4: no such file or directory
stat /dev/fd/21/macbinary: no such file or directory
stat /dev/fd/21/macerror: no such file or directory
stat /dev/fd/21/machine: no such file or directory
stat /dev/fd/21/mail: no such file or directory
stat /dev/fd/21/mailq: no such file or directory
stat /dev/fd/21/mailx: no such file or directory
stat /dev/fd/21/make: no such file or directory
stat /dev/fd/21/mandoc: no such file or directory
stat /dev/fd/21/manpath: no such file or directory
stat /dev/fd/21/mcxquery: no such file or directory
stat /dev/fd/21/mcxrefresh: no such file or directory
stat /dev/fd/21/mddiagnose: no such file or directory
stat /dev/fd/21/mdfind: no such file or directory
stat /dev/fd/21/mdimport: no such file or directory
stat /dev/fd/21/mdls: no such file or directory
stat /dev/fd/21/mdutil: no such file or directory
stat /dev/fd/21/mib2c: no such file or directory
stat /dev/fd/21/mklocale: no such file or directory
stat /dev/fd/21/mktemp: no such file or directory
stat /dev/fd/21/mnthome: no such file or directory
stat /dev/fd/21/moo-outdated: no such file or directory
stat /dev/fd/21/moose-outdated5.18: no such file or directory
stat /dev/fd/21/moose-outdated5.30: no such file or directory
stat /dev/fd/21/more: no such file or directory
stat /dev/fd/21/msgs: no such file or directory
stat /dev/fd/21/nano: no such file or directory
stat /dev/fd/21/nbdst: no such file or directory
stat /dev/fd/21/nc: no such file or directory
stat /dev/fd/21/ncal: no such file or directory
stat /dev/fd/21/ncctl: no such file or directory
stat /dev/fd/21/ncdestroy: no such file or directory
stat /dev/fd/21/ncinit: no such file or directory
stat /dev/fd/21/net-server5.18: no such file or directory
stat /dev/fd/21/net-server5.30: no such file or directory
stat /dev/fd/21/net-snmp-config: no such file or directory
stat /dev/fd/21/networkQuality: no such file or directory
stat /dev/fd/21/newaliases: no such file or directory
stat /dev/fd/21/newgrp: no such file or directory
stat /dev/fd/21/newproc.d: no such file or directory
stat /dev/fd/21/nfsstat: no such file or directory
stat /dev/fd/21/nl: no such file or directory
stat /dev/fd/21/nm: no such file or directory
stat /dev/fd/21/notifyutil: no such file or directory
stat /dev/fd/21/nsupdate: no such file or directory
stat /dev/fd/21/od: no such file or directory
stat /dev/fd/21/odutil: no such file or directory
stat /dev/fd/21/opensnoop: no such file or directory
stat /dev/fd/21/orbd: no such file or directory
stat /dev/fd/21/osacompile: no such file or directory
stat /dev/fd/21/osadecompile: no such file or directory
stat /dev/fd/21/osalang: no such file or directory
stat /dev/fd/21/otool: no such file or directory
stat /dev/fd/21/pack200: no such file or directory
stat /dev/fd/21/pagesize: no such file or directory
stat /dev/fd/21/pagestuff: no such file or directory
stat /dev/fd/21/par5.30.pl: no such file or directory
stat /dev/fd/21/parl: no such file or directory
stat /dev/fd/21/parl5.30: no such file or directory
stat /dev/fd/21/parldyn: no such file or directory
stat /dev/fd/21/parldyn5.30: no such file or directory
stat /dev/fd/21/patch: no such file or directory
stat /dev/fd/21/pathopens.d: no such file or directory
stat /dev/fd/21/pbpaste: no such file or directory
stat /dev/fd/21/pcsctest: no such file or directory
stat /dev/fd/21/perl: no such file or directory
stat /dev/fd/21/perl5.18: no such file or directory
stat /dev/fd/21/perl5.30: no such file or directory
stat /dev/fd/21/perlbug: no such file or directory
stat /dev/fd/21/perlbug5.18: no such file or directory
stat /dev/fd/21/perlbug5.30: no such file or directory
stat /dev/fd/21/perldoc: no such file or directory
stat /dev/fd/21/perldoc5.18: no such file or directory
stat /dev/fd/21/perldoc5.30: no such file or directory
stat /dev/fd/21/perlthanks: no such file or directory
stat /dev/fd/21/perlthanks5.18: no such file or directory
stat /dev/fd/21/perlthanks5.30: no such file or directory
stat /dev/fd/21/pfbtops: no such file or directory
stat /dev/fd/21/pic: no such file or directory
stat /dev/fd/21/pico: no such file or directory
stat /dev/fd/21/piconv: no such file or directory
stat /dev/fd/21/piconv5.18: no such file or directory
stat /dev/fd/21/piconv5.30: no such file or directory
stat /dev/fd/21/pl2pm: no such file or directory
stat /dev/fd/21/pluginkit: no such file or directory
stat /dev/fd/21/pod2man: no such file or directory
stat /dev/fd/21/pod2man5.18: no such file or directory
stat /dev/fd/21/pod2man5.30: no such file or directory
stat /dev/fd/21/pod2readme5.18: no such file or directory
stat /dev/fd/21/pod2readme5.30: no such file or directory
stat /dev/fd/21/pod2text: no such file or directory
stat /dev/fd/21/pod2text5.18: no such file or directory
stat /dev/fd/21/pod2text5.30: no such file or directory
stat /dev/fd/21/podchecker: no such file or directory
stat /dev/fd/21/podchecker5.30: no such file or directory
stat /dev/fd/21/podselect5.18: no such file or directory
stat /dev/fd/21/podselect5.30: no such file or directory
stat /dev/fd/21/policytool: no such file or directory
stat /dev/fd/21/post-grohtml: no such file or directory
stat /dev/fd/21/power_report.sh: no such file or directory
stat /dev/fd/21/ppdc: no such file or directory
stat /dev/fd/21/ppdpo: no such file or directory
stat /dev/fd/21/pr: no such file or directory
stat /dev/fd/21/priclass.d: no such file or directory
stat /dev/fd/21/printenv: no such file or directory
stat /dev/fd/21/printf: no such file or directory
stat /dev/fd/21/procsystime: no such file or directory
stat /dev/fd/21/productsign: no such file or directory
stat /dev/fd/21/prove: no such file or directory
stat /dev/fd/21/psm: no such file or directory
stat /dev/fd/21/pstopdf: no such file or directory
stat /dev/fd/21/ptar: no such file or directory
stat /dev/fd/21/ptardiff: no such file or directory
stat /dev/fd/21/ptardiff5.18: no such file or directory
stat /dev/fd/21/ptardiff5.30: no such file or directory
stat /dev/fd/21/ptargrep: no such file or directory
stat /dev/fd/21/pwhich: no such file or directory
stat /dev/fd/21/quota: no such file or directory
stat /dev/fd/21/rake: no such file or directory
stat /dev/fd/21/read: no such file or directory
stat /dev/fd/21/readlink: no such file or directory
stat /dev/fd/21/reset: no such file or directory
stat /dev/fd/21/resolveLinks: no such file or directory
stat /dev/fd/21/rev: no such file or directory
stat /dev/fd/21/ri: no such file or directory
stat /dev/fd/21/rmiregistry: no such file or directory
stat /dev/fd/21/rpcgen: no such file or directory
stat /dev/fd/21/rs: no such file or directory
stat /dev/fd/21/rsync: no such file or directory
stat /dev/fd/21/rvim: no such file or directory
stat /dev/fd/21/rwbypid.d: no such file or directory
stat /dev/fd/21/rwbytype.d: no such file or directory
stat /dev/fd/21/sample: no such file or directory
stat /dev/fd/21/sandbox-exec: no such file or directory
stat /dev/fd/21/scandeps5.18.pl: no such file or directory
stat /dev/fd/21/screen: no such file or directory
stat /dev/fd/21/script: no such file or directory
stat /dev/fd/21/sdef: no such file or directory
stat /dev/fd/21/sdp: no such file or directory
stat /dev/fd/21/sdx: no such file or directory
stat /dev/fd/21/seeksize.d: no such file or directory
stat /dev/fd/21/segedit: no such file or directory
stat /dev/fd/21/seq: no such file or directory
stat /dev/fd/21/servertool: no such file or directory
stat /dev/fd/21/setuids.d: no such file or directory
stat /dev/fd/21/sftp: no such file or directory
stat /dev/fd/21/shar: no such file or directory
stat /dev/fd/21/shasum: no such file or directory
stat /dev/fd/21/shasum5.18: no such file or directory
stat /dev/fd/21/shasum5.30: no such file or directory
stat /dev/fd/21/shlock: no such file or directory
stat /dev/fd/21/shortcuts: no such file or directory
stat /dev/fd/21/showmount: no such file or directory
stat /dev/fd/21/sips: no such file or directory
stat /dev/fd/21/slogin: no such file or directory
stat /dev/fd/21/smbutil: no such file or directory
stat /dev/fd/21/snmp-bridge-mib: no such file or directory
stat /dev/fd/21/snmpbulkget: no such file or directory
stat /dev/fd/21/snmpbulkwalk: no such file or directory
stat /dev/fd/21/snmpget: no such file or directory
stat /dev/fd/21/snmpgetnext: no such file or directory
stat /dev/fd/21/snmpnetstat: no such file or directory
stat /dev/fd/21/snmptable: no such file or directory
stat /dev/fd/21/snmptrap: no such file or directory
stat /dev/fd/21/snmpusm: no such file or directory
stat /dev/fd/21/snmpvacm: no such file or directory
stat /dev/fd/21/soelim: no such file or directory
stat /dev/fd/21/spfd: no such file or directory
stat /dev/fd/21/spfquery: no such file or directory
stat /dev/fd/21/splain5.18: no such file or directory
stat /dev/fd/21/sqlite3: no such file or directory
stat /dev/fd/21/ssh: no such file or directory
stat /dev/fd/21/ssh-add: no such file or directory
stat /dev/fd/21/ssh-agent: no such file or directory
stat /dev/fd/21/ssh-keygen: no such file or directory
stat /dev/fd/21/stapler: no such file or directory
stat /dev/fd/21/stat: no such file or directory
stat /dev/fd/21/stty5.18.pl: no such file or directory
stat /dev/fd/21/su: no such file or directory
stat /dev/fd/21/sum: no such file or directory
stat /dev/fd/21/swcutil: no such file or directory
stat /dev/fd/21/swift: no such file or directory
stat /dev/fd/21/swiftc: no such file or directory
stat /dev/fd/21/symbols: no such file or directory
stat /dev/fd/21/syscallbysysc.d: no such file or directory
stat /dev/fd/21/sysdiagnose: no such file or directory
stat /dev/fd/21/tab2space: no such file or directory
stat /dev/fd/21/tail: no such file or directory
stat /dev/fd/21/tailspin: no such file or directory
stat /dev/fd/21/taskinfo: no such file or directory
stat /dev/fd/21/tbl: no such file or directory
stat /dev/fd/21/tbtdiagnose: no such file or directory
stat /dev/fd/21/tclsh: no such file or directory
stat /dev/fd/21/test-yaml: no such file or directory
stat /dev/fd/21/texi2dvi: no such file or directory
stat /dev/fd/21/texindex: no such file or directory
stat /dev/fd/21/textutil: no such file or directory
stat /dev/fd/21/tftp: no such file or directory
stat /dev/fd/21/thermal: no such file or directory
stat /dev/fd/21/tic: no such file or directory
stat /dev/fd/21/tidy: no such file or directory
stat /dev/fd/21/tiff2icns: no such file or directory
stat /dev/fd/21/time: no such file or directory
stat /dev/fd/21/timer_analyser.d: no such file or directory
stat /dev/fd/21/timerfires: no such file or directory
stat /dev/fd/21/tkcon: no such file or directory
stat /dev/fd/21/tkmib: no such file or directory
stat /dev/fd/21/tkpp: no such file or directory
stat /dev/fd/21/tmutil: no such file or directory
stat /dev/fd/21/topsysproc: no such file or directory
stat /dev/fd/21/traptoemail: no such file or directory
stat /dev/fd/21/treereg: no such file or directory
stat /dev/fd/21/trimforce: no such file or directory
stat /dev/fd/21/tset: no such file or directory
stat /dev/fd/21/tsort: no such file or directory
stat /dev/fd/21/type: no such file or directory
stat /dev/fd/21/ul: no such file or directory
stat /dev/fd/21/uname: no such file or directory
stat /dev/fd/21/unifdef: no such file or directory
stat /dev/fd/21/uniq: no such file or directory
stat /dev/fd/21/units: no such file or directory
stat /dev/fd/21/unvis: no such file or directory
stat /dev/fd/21/unzip: no such file or directory
stat /dev/fd/21/unzipsfx: no such file or directory
stat /dev/fd/21/usbcfwflasher: no such file or directory
stat /dev/fd/21/users: no such file or directory
stat /dev/fd/21/uudecode: no such file or directory
stat /dev/fd/21/uuencode: no such file or directory
stat /dev/fd/21/uulog: no such file or directory
stat /dev/fd/21/uuname: no such file or directory
stat /dev/fd/21/uupick: no such file or directory
stat /dev/fd/21/uuto: no such file or directory
stat /dev/fd/21/view: no such file or directory
stat /dev/fd/21/vimtutor: no such file or directory
stat /dev/fd/21/vis: no such file or directory
stat /dev/fd/21/vmmap: no such file or directory
stat /dev/fd/21/vtool: no such file or directory
stat /dev/fd/21/wc: no such file or directory
stat /dev/fd/21/wdutil: no such file or directory
stat /dev/fd/21/what: no such file or directory
stat /dev/fd/21/whatis: no such file or directory
stat /dev/fd/21/who: no such file or directory
stat /dev/fd/21/whois: no such file or directory
stat /dev/fd/21/wish: no such file or directory
stat /dev/fd/21/wish8.5: no such file or directory
stat /dev/fd/21/wsgen: no such file or directory
stat /dev/fd/21/xar: no such file or directory
stat /dev/fd/21/xargs: no such file or directory
stat /dev/fd/21/xcdebug: no such file or directory
stat /dev/fd/21/xcrun: no such file or directory
stat /dev/fd/21/xcsdiagnose: no such file or directory
stat /dev/fd/21/xctrace: no such file or directory
stat /dev/fd/21/xed: no such file or directory
stat /dev/fd/21/xgettext.pl: no such file or directory
stat /dev/fd/21/xgettext5.30.pl: no such file or directory
stat /dev/fd/21/xml2-config: no such file or directory
stat /dev/fd/21/xslt-config: no such file or directory
stat /dev/fd/21/xsubpp: no such file or directory
stat /dev/fd/21/xsubpp5.18: no such file or directory
stat /dev/fd/21/xsubpp5.30: no such file or directory
stat /dev/fd/21/yaa: no such file or directory
stat /dev/fd/21/yamlpp-events5.30: no such file or directory
stat /dev/fd/21/yamlpp-load-dump5.30: no such file or directory
stat /dev/fd/21/yamlpp-load5.30: no such file or directory
stat /dev/fd/21/yamlpp-parse-emit5.30: no such file or directory
stat /dev/fd/21/yapp5.30: no such file or directory
stat /dev/fd/21/zip: no such file or directory
stat /dev/fd/21/zipcloak: no such file or directory
stat /dev/fd/21/zipdetails5.18: no such file or directory
stat /dev/fd/21/zipdetails5.30: no such file or directory
stat /dev/fd/21/zipnote: no such file or directory
stat /dev/fd/21/zipsplit: no such file or directory
stat /dev/fd/21/zless: no such file or directory
stat /dev/fd/21/znew: no such file or directory
stat /dev/fd/21/zprint: no such file or directory
open /private/etc/cups/certs: permission denied
open /Users/andrewdykema/Pictures/Photos Library.photoslibrary: operation not permitted
open /var/folders/zz/zyxvpxvq6csfxvn_n00000y400007j/T: permission denied
open /var/folders/zz/zyxvpxvq6csfxvn_n000010m000085/T: permission denied
open /private/var/protected/sfanalytics/FFFFEEEE-DDDD-CCCC-BBBB-AAAA00000059: permission denied
open /private/var/protected/sfanalytics/FFFFEEEE-DDDD-CCCC-BBBB-AAAA000000CD: permission denied
open /var/folders/zz/zyxvpxvq6csfxvn_n00000y000007h/C: permission denied
open /var/folders/zz/zyxvpxvq6csfxvn_n00000y000007h/T: permission denied
open /private/var/spool/postfix/trace: permission denied
open /private/var/spool/postfix/incoming: permission denied
open /private/var/spool/postfix/maildrop: permission denied
open /private/var/spool/postfix/private: permission denied
open /private/var/spool/postfix/public: permission denied
open /private/var/spool/postfix/saved: permission denied
stat /usr/sbin/weakpass_edit: permission denied
stat /System/Library/CoreServices/CoreTypes.bundle/Contents/Library/_.bundle: no such file or directory
open /var/folders/zz/zyxvpxvq6csfxvn_n00000sm00006d/C: operation not permitted
open /var/folders/zz/zyxvpxvq6csfxvn_n00000th00006m/C: permission denied
open /var/folders/zz/zyxvpxvq6csfxvn_n00000tm00006n/C: permission denied
open /var/folders/zz/zyxvpxvq6csfxvn_n00000tm00006n/T: permission denied
open /var/folders/zz/zyxvpxvq6csfxvn_n00000vr00006y/C: permission denied
open /var/folders/zz/zyxvpxvq6csfxvn_n00000vr00006y/T: permission denied
open /System/Volumes/Data/Volumes/Macintosh HD/var/audit: permission denied
open /System/Volumes/Data/Volumes/Macintosh HD/var/backups: permission denied
open /System/Volumes/Data/Volumes/Macintosh HD/var/root: permission denied
stat /System/Volumes/Data/Volumes/Macintosh HD/var/db/DifferentialPrivacy: operation not permitted
stat /System/Volumes/Data/Volumes/Macintosh HD/Library/python: no such file or directory
stat /System/Volumes/Data/Volumes/Macintosh HD/Applications/Riot Client ().app: no such file or directory
open /System/Volumes/Data/home: operation not permitted
open /System/Volumes/Data/Volumes/Macintosh HD/var/dirs_cleaner: permission denied
open /System/Volumes/Data/Volumes/Macintosh HD/var/install: permission denied
open /System/Volumes/Data/Volumes/Macintosh HD/var/jabberd: permission denied
open /System/Volumes/Data/Volumes/Macintosh HD/home: operation not permitted
stat /System/Volumes/Data/Volumes/Macintosh HD/Library/Caches/com.apple.aned: operation not permitted
stat /System/Volumes/Data/Volumes/Macintosh HD/usr/X11: no such file or directory
open /System/Volumes/Data/private/var/agentx: permission denied
stat /System/Volumes/Data/Volumes/Macintosh HD/usr/X11R6: no such file or directory
open /System/Volumes/Data/private/var/at/tmp: permission denied
open /System/Volumes/Data/private/var/audit: permission denied
open /System/Volumes/Data/private/var/backups: permission denied
open /System/Volumes/Data/private/var/dirs_cleaner: permission denied
open /System/Volumes/Data/private/var/install: permission denied
open /System/Volumes/Data/private/var/jabberd: permission denied
open /System/Volumes/Data/private/var/lib/postfix: permission denied
open /System/Volumes/Data/Volumes/Macintosh HD/var/ma: permission denied
open /System/Volumes/Data/Volumes/Macintosh HD/var/agentx: permission denied
open /System/Volumes/Data/private/var/ma: permission denied
open /System/Volumes/Data/private/var/networkd/db: operation not permitted
open /System/Volumes/Data/private/var/root: permission denied
open /System/Volumes/Data/private/var/run/mds: permission denied
stat /System/Volumes/Data/Applications/Riot Client ().app: no such file or directory
open /System/Volumes/Data/Users/andrewdykema/Pictures/Photos Library.photoslibrary: operation not permitted
stat /System/Volumes/Data/private/var/db/DifferentialPrivacy: operation not permitted
open /System/Volumes/Data/private/var/at/tabs: permission denied
open /System/Volumes/Data/private/var/networkd/Library: permission denied
stat /System/Volumes/Data/private/var/db/ConfigurationProfiles/Store: operation not permitted
open /System/Volumes/Data/private/var/db/CoreDuet: operation not permitted
open /System/Volumes/Data/private/var/db/DumpPanic: operation not permitted
stat /System/Volumes/Data/private/var/db/GPURestartReporter/current.gpuRestart: no such file or directory
open /System/Volumes/Data/private/var/db/MobileIdentityService: operation not permitted
open /System/Volumes/Data/private/var/db/Sandbox: operation not permitted
open /System/Volumes/Data/private/etc/cups/certs: permission denied
open /System/Volumes/Data/private/var/db/Spotlight: operation not permitted
open /System/Volumes/Data/private/var/db/Spotlight-V100: operation not permitted
open /System/Volumes/Data/private/var/db/TokenCache: permission denied
open /System/Volumes/Data/private/var/db/accessoryupdater: permission denied
open /System/Volumes/Data/private/var/spool/cups: permission denied
open /System/Volumes/Data/private/var/db/analyticsd: permission denied
open /System/Volumes/Data/private/var/spool/mqueue: permission denied
open /System/Volumes/Data/private/var/db/appinstalld: operation not permitted
open /System/Volumes/Data/private/var/db/applepay: permission denied
open /System/Volumes/Data/private/var/db/cmiodalassistants: permission denied
open /System/Volumes/Data/private/var/db/com.apple.xpc.roleaccountd.staging: permission denied
open /System/Volumes/Data/private/var/db/darwindaemon: permission denied
open /System/Volumes/Data/private/var/db/datadetectors: permission denied
open /System/Volumes/Data/private/var/db/dhcpclient: permission denied
open /System/Volumes/Data/private/var/db/diskimagesiod: permission denied
open /System/Volumes/Data/private/var/db/fpsd: permission denied
open /System/Volumes/Data/private/var/db/geod: permission denied
open /System/Volumes/Data/private/var/db/hidd: permission denied
open /System/Volumes/Data/private/var/db/installcoordinationd: operation not permitted
open /System/Volumes/Data/private/var/db/knowledgegraphd: permission denied
open /System/Volumes/Data/private/var/db/locationd: permission denied
open /System/Volumes/Data/private/var/db/lockdown: operation not permitted
open /System/Volumes/Data/private/var/db/nearbyd: permission denied
open /System/Volumes/Data/private/var/db/nsurlsessiond: permission denied
open /System/Volumes/Data/private/var/db/oah: operation not permitted
stat /System/Volumes/Data/Volumes/Macintosh HD/usr/lib/libhunspell-1.2.0.dylib: no such file or directory
stat /System/Volumes/Data/Volumes/Macintosh HD/usr/lib/libiodbc.2.dylib: no such file or directory
stat /System/Volumes/Data/Volumes/Macintosh HD/usr/lib/libiodbcinst.2.dylib: no such file or directory
stat /System/Volumes/Data/Volumes/Macintosh HD/usr/lib/libstdc++.6.dylib: no such file or directory
open /System/Volumes/Data/private/var/db/reportmemoryexception: permission denied
open /System/Volumes/Data/private/var/db/rmd: permission denied
open /System/Volumes/Data/private/var/db/searchparty: operation not permitted
open /System/Volumes/Data/private/var/db/securityagent: permission denied
open /System/Volumes/Data/private/var/db/sudo: permission denied
lstat /System/Volumes/Data/Volumes/Macintosh HD/dev/fd/142: bad file descriptor
open /System/Volumes/Data/Users/andrewdykema/Library/Accounts: operation not permitted
open /System/Volumes/Data/Users/andrewdykema/Library/Autosave Information: operation not permitted
open /System/Volumes/Data/Users/andrewdykema/Library/Biome: operation not permitted
open /System/Volumes/Data/Users/andrewdykema/Library/Calendars: operation not permitted
open /System/Volumes/Data/private/var/db/timed: permission denied
open /System/Volumes/Data/Users/andrewdykema/Library/Cookies: operation not permitted
open /System/Volumes/Data/Users/andrewdykema/Library/CoreFollowUp: operation not permitted
open /System/Volumes/Data/Users/andrewdykema/Library/DuetExpertCenter: operation not permitted
open /System/Volumes/Data/Users/andrewdykema/Library/Suggestions: operation not permitted
open /var/folders/zz/zyxvpxvq6csfxvn_n0000000000000/0/com.apple.Spotlight: permission denied
open /System/Volumes/Data/Users/andrewdykema/Library/HomeKit: operation not permitted
open /System/Volumes/Data/Users/andrewdykema/Library/IdentityServices: operation not permitted
stat /System/Volumes/Data/System/Library/Caches/com.apple.factorydata: no such file or directory
open /System/Volumes/Data/Users/andrewdykema/Library/Mail: operation not permitted
open /System/Volumes/Data/Users/andrewdykema/Library/Messages: operation not permitted
open /System/Volumes/Data/Users/andrewdykema/Library/PersonalizationPortrait: operation not permitted
open /System/Volumes/Data/System/Library/Caches/com.apple.coresymbolicationd: permission denied
stat /System/Volumes/Data/Library/python: no such file or directory
open /System/Volumes/Data/Users/andrewdykema/Library/Reminders: operation not permitted
open /System/Volumes/Data/Users/andrewdykema/Library/Safari: operation not permitted
stat /System/Volumes/Data/Users/andrewdykema/Library/Saved Application State/com.apple.AppStore.savedState: no such file or directory
stat /System/Volumes/Data/Users/andrewdykema/Library/Saved Application State/com.apple.Notes.savedState: no such file or directory
stat /System/Volumes/Data/Users/andrewdykema/Library/Saved Application State/com.apple.iCal.savedState: no such file or directory
stat /System/Volumes/Data/Users/andrewdykema/Library/Saved Application State/com.apple.iWork.Keynote.savedState: no such file or directory
stat /System/Volumes/Data/Library/Caches/com.apple.aned: operation not permitted
open /System/Volumes/Data/Library/Caches/com.apple.iconservices.store: permission denied
open /System/Volumes/Data/Users/andrewdykema/Library/Sharing: operation not permitted
open /System/Volumes/Data/Users/andrewdykema/Library/Shortcuts: operation not permitted
open /System/Volumes/Data/Users/andrewdykema/Library/StatusKit: operation not permitted
open /System/Volumes/Data/Library/Application Support/ApplePushService: permission denied
open /System/Volumes/Data/Library/Application Support/com.apple.TCC: operation not permitted
stat /System/Volumes/Data/Volumes/Macintosh HD/usr/sbin/weakpass_edit: permission denied
open /private/var/db/Spotlight-V100: operation not permitted
open /private/var/db/TokenCache: permission denied
open /private/var/db/accessoryupdater: permission denied
open /private/var/db/analyticsd: permission denied
open /private/var/db/appinstalld: operation not permitted
open /private/var/db/applepay: permission denied
open /private/var/db/caches/opendirectory: permission denied
open /private/var/db/cmiodalassistants: permission denied
open /private/var/db/com.apple.xpc.roleaccountd.staging: permission denied
open /private/var/db/darwindaemon: permission denied
open /private/var/db/datadetectors: permission denied
open /private/var/db/dhcpclient: permission denied
open /private/var/db/diskimagesiod: permission denied
open /private/var/db/dslocal/nodes/Default: permission denied
open /private/var/db/fpsd: permission denied
open /private/var/db/geod: permission denied
open /private/var/db/hidd: permission denied
open /private/var/db/installcoordinationd: operation not permitted
open /private/var/db/knowledgegraphd: permission denied
open /private/var/db/locationd: permission denied
open /private/var/db/lockdown: operation not permitted
open /private/var/db/nearbyd: permission denied
open /private/var/db/nsurlsessiond: permission denied
open /private/var/db/oah: operation not permitted
open /private/var/db/reportmemoryexception: permission denied
open /private/var/db/rmd: permission denied
open /private/var/db/searchparty: operation not permitted
open /private/var/db/securityagent: permission denied
open /private/var/db/softwareupdate/Library: permission denied
open /private/var/db/sudo: permission denied
open /private/var/db/sysdiagnose/com.apple.sysdiagnose: operation not permitted
open /private/var/db/timed: permission denied
stat /private/var/db/xcode_select_link/usr/bin/crashlog: no such file or directory
open /private/var/folders/zz/zyxvpxvq6csfxvn_n00000bh00002w/C: permission denied
open /private/var/folders/zz/zyxvpxvq6csfxvn_n00000bh00002w/T: permission denied
open /Volumes/Macintosh HD/Library/Application Support/ApplePushService: permission denied
open /Volumes/Macintosh HD/Library/Application Support/com.apple.TCC: operation not permitted
open /Volumes/Macintosh HD/Library/Application Support/Apple/ParentalControls/Users: permission denied
stat /private/var/folders/8b/gz7sj63113qdrr0l_2y74_200000gn/0/SafariFamily: operation not permitted
stat /private/var/folders/8b/gz7sj63113qdrr0l_2y74_200000gn/0/com.apple.LaunchServices.dv: operation not permitted
stat /private/var/folders/8b/gz7sj63113qdrr0l_2y74_200000gn/0/com.apple.SharedWebCredentials: operation not permitted
stat /private/var/folders/8b/gz7sj63113qdrr0l_2y74_200000gn/0/com.apple.Safari/SafariFamily: operation not permitted
stat /private/var/folders/8b/gz7sj63113qdrr0l_2y74_200000gn/0/com.apple.ScreenTimeAgent/Store: operation not permitted
open /Volumes/Macintosh HD/Library/Application Support/Apple/AssetCache/Data: permission denied
stat /private/var/folders/8b/gz7sj63113qdrr0l_2y74_200000gn/0/com.apple.corespeechd: operation not permitted
stat /private/var/folders/8b/gz7sj63113qdrr0l_2y74_200000gn/0/com.apple.exchangesync: operation not permitted
stat /private/var/folders/8b/gz7sj63113qdrr0l_2y74_200000gn/0/com.apple.lockoutagent: operation not permitted
stat /private/var/folders/8b/gz7sj63113qdrr0l_2y74_200000gn/0/com.apple.nsurlsessiond: operation not permitted
stat /private/var/folders/8b/gz7sj63113qdrr0l_2y74_200000gn/0/com.apple.routined: operation not permitted
stat /private/var/folders/8b/gz7sj63113qdrr0l_2y74_200000gn/0/dmd: operation not permitted
stat /private/var/folders/8b/gz7sj63113qdrr0l_2y74_200000gn/0/com.apple.progressd/ClassKit: operation not permitted
open /private/var/folders/zz/zyxvpxvq6csfxvn_n000003000000r/C: permission denied
open /private/var/folders/zz/zyxvpxvq6csfxvn_n000003000000r/T: permission denied
stat /System/iOSSupport/System/Library/Frameworks/AuthenticationServices.framework/XPCServices: no such file or directory
open /Volumes/Macintosh HD/var/folders/zz/zyxvpxvq6csfxvn_n00000y800007k/T: permission denied
stat /Volumes/Macintosh HD/var/folders/zz/zyxvpxvq6csfxvn_n00000y800007k/0/com.apple.nsurlsessiond: operation not permitted
open /Volumes/Macintosh HD/var/folders/zz/zyxvpxvq6csfxvn_n00000y400007j/C: permission denied
open /Volumes/Macintosh HD/var/folders/zz/zyxvpxvq6csfxvn_n00000y800007k/C: permission denied
open /Volumes/Macintosh HD/var/folders/zz/zyxvpxvq6csfxvn_n00000y400007j/T: permission denied
open /Volumes/Macintosh HD/var/folders/zz/zyxvpxvq6csfxvn_n0000108000082/T: permission denied
open /Volumes/Macintosh HD/var/folders/zz/zyxvpxvq6csfxvn_n000010c000083/C: permission denied
open /Volumes/Macintosh HD/var/folders/zz/zyxvpxvq6csfxvn_n000011800008_/T: permission denied
open /Volumes/Macintosh HD/var/folders/zz/zyxvpxvq6csfxvn_n00000y000007h/C: permission denied
open /Volumes/Macintosh HD/var/folders/zz/zyxvpxvq6csfxvn_n00000y000007h/T: permission denied
open /Volumes/Macintosh HD/var/folders/zz/zyxvpxvq6csfxvn_n000012400008j/C: permission denied
open /Volumes/Macintosh HD/var/folders/zz/zyxvpxvq6csfxvn_n00000yh00007m/C: permission denied
open /Volumes/Macintosh HD/var/folders/zz/zyxvpxvq6csfxvn_n00000yh00007m/T: permission denied
open /Volumes/Macintosh HD/var/folders/zz/zyxvpxvq6csfxvn_n00000yw00007q/C: permission denied
open /Volumes/Macintosh HD/var/folders/zz/zyxvpxvq6csfxvn_n00000yw00007q/T: permission denied
open /Volumes/Macintosh HD/var/folders/zz/zyxvpxvq6csfxvn_n000012r00008p/C: permission denied
open /Volumes/Macintosh HD/var/folders/zz/zyxvpxvq6csfxvn_n000010m000085/C: permission denied
open /Volumes/Macintosh HD/var/folders/zz/zyxvpxvq6csfxvn_n000010m000085/T: permission denied
open /Volumes/Macintosh HD/var/folders/zz/zyxvpxvq6csfxvn_n000010r000086/C: permission denied
open /Volumes/Macintosh HD/var/folders/zz/zyxvpxvq6csfxvn_n000010c000083/T: permission denied
open /Volumes/Macintosh HD/var/folders/zz/zyxvpxvq6csfxvn_n000010r000086/T: permission denied
open /Volumes/Macintosh HD/var/folders/zz/zyxvpxvq6csfxvn_n0000114000089/T: permission denied
open /Volumes/Macintosh HD/var/folders/zz/zyxvpxvq6csfxvn_n000011800008_/C: permission denied
open /Volumes/Macintosh HD/var/folders/zz/zyxvpxvq6csfxvn_n000011r00008f/C: permission denied
open /Volumes/Macintosh HD/var/folders/zz/zyxvpxvq6csfxvn_n000011r00008f/T: permission denied
open /Volumes/Macintosh HD/var/folders/zz/zyxvpxvq6csfxvn_n000012800008k/C: permission denied
stat /System/iOSSupport/System/Library/Frameworks/WebKit.framework/Frameworks: no such file or directory
open /Volumes/Macintosh HD/var/folders/zz/zyxvpxvq6csfxvn_n000013800008t/C: permission denied
open /Volumes/Macintosh HD/var/folders/zz/zyxvpxvq6csfxvn_n000013800008t/T: permission denied
open /Volumes/Macintosh HD/var/folders/zz/zyxvpxvq6csfxvn_n0000108000082/C: permission denied
open /Volumes/Macintosh HD/var/folders/zz/zyxvpxvq6csfxvn_n0000104000081/T: permission denied
open /Volumes/Macintosh HD/var/folders/zz/zyxvpxvq6csfxvn_n000011h00008c/C: permission denied
open /Volumes/Macintosh HD/var/folders/zz/zyxvpxvq6csfxvn_n000011h00008c/T: permission denied
open /Volumes/Macintosh HD/var/folders/zz/zyxvpxvq6csfxvn_n000011w00008g/T: permission denied
open /Volumes/Macintosh HD/var/folders/zz/zyxvpxvq6csfxvn_n0000114000089/C: permission denied
open /Volumes/Macintosh HD/var/folders/zz/zyxvpxvq6csfxvn_n000012400008j/T: permission denied
open /Volumes/Macintosh HD/var/folders/zz/zyxvpxvq6csfxvn_n000012r00008p/T: permission denied
open /Volumes/Macintosh HD/var/folders/zz/zyxvpxvq6csfxvn_n000012800008k/T: permission denied
open /Volumes/Macintosh HD/var/folders/zz/zyxvpxvq6csfxvn_n000010h000084/C: permission denied
open /Volumes/Macintosh HD/var/folders/zz/zyxvpxvq6csfxvn_n000010h000084/T: permission denied
open /Volumes/Macintosh HD/var/folders/zz/zyxvpxvq6csfxvn_n000010w000087/C: permission denied
open /Volumes/Macintosh HD/var/folders/zz/zyxvpxvq6csfxvn_n000010w000087/T: permission denied
open /Volumes/Macintosh HD/var/folders/zz/zyxvpxvq6csfxvn_n000011w00008g/C: permission denied
open /Volumes/Macintosh HD/var/folders/zz/zyxvpxvq6csfxvn_n0000104000081/C: permission denied
open /Volumes/Macintosh HD/var/folders/zz/zyxvpxvq6csfxvn_n00000z000007r/T: permission denied
stat /Volumes/Macintosh HD/var/folders/zz/zyxvpxvq6csfxvn_n00000z000007r/0/com.apple.nsurlsessiond: operation not permitted
stat /Volumes/Macintosh HD/var/folders/zz/zyxvpxvq6csfxvn_n00000z000007r/0/com.apple.routined: operation not permitted
open /Volumes/Macintosh HD/var/folders/zz/zyxvpxvq6csfxvn_n000011m00008d/T: permission denied
open /Volumes/Macintosh HD/var/folders/zz/zyxvpxvq6csfxvn_n00000z000007r/C: permission denied
open /Volumes/Macintosh HD/var/folders/zz/zyxvpxvq6csfxvn_n000011m00008d/C: permission denied
open /private/var/folders/8b/gz7sj63113qdrr0l_2y74_200000gn/T/TemporaryItems: operation not permitted
stat /System/iOSSupport/System/Library/PrivateFrameworks/SafariShared.framework/XPCServices: no such file or directory
stat /System/iOSSupport/System/Library/PrivateFrameworks/WeatherFoundation.framework/XPCServices: no such file or directory
stat /System/iOSSupport/System/Library/PrivateFrameworks/WebKit.framework/Frameworks: no such file or directory
stat /private/var/folders/8b/gz7sj63113qdrr0l_2y74_200000gn/C/com.apple.QuickLook.thumbnailcache: operation not permitted
stat /private/var/folders/zz/zyxvpxvq6csfxvn_n0000000000000/0/com.apple.LaunchServices.dv: operation not permitted
open /private/var/folders/zz/zyxvpxvq6csfxvn_n0000000000000/0/com.apple.pluginkit: permission denied
open /private/var/folders/zz/zyxvpxvq6csfxvn_n0000000000000/0/com.apple.Spotlight: permission denied
open /var/folders/8b/gz7sj63113qdrr0l_2y74_200000gn/T/com.apple.BKAgentService/TemporaryItems: operation not permitted
open /var/folders/8b/gz7sj63113qdrr0l_2y74_200000gn/T/TemporaryItems: operation not permitted
open /var/folders/8b/gz7sj63113qdrr0l_2y74_200000gn/T/com.apple.AUHelperService/TemporaryItems: operation not permitted
open /var/folders/8b/gz7sj63113qdrr0l_2y74_200000gn/T/com.apple.appleaccountd/TemporaryItems: operation not permitted
open /var/folders/8b/gz7sj63113qdrr0l_2y74_200000gn/T/com.apple.bird/TemporaryItems: operation not permitted
open /var/folders/8b/gz7sj63113qdrr0l_2y74_200000gn/T/com.apple.donotdisturbd/TemporaryItems: operation not permitted
open /var/folders/8b/gz7sj63113qdrr0l_2y74_200000gn/T/com.apple.Stickies/TemporaryItems: operation not permitted
open /var/folders/8b/gz7sj63113qdrr0l_2y74_200000gn/T/com.apple.ScreenTimeAgent/TemporaryItems: operation not permitted
open /var/folders/8b/gz7sj63113qdrr0l_2y74_200000gn/T/com.apple.MobileSMS/TemporaryItems: operation not permitted
open /var/folders/8b/gz7sj63113qdrr0l_2y74_200000gn/T/com.apple.geod/TemporaryItems: operation not permitted
open /var/folders/8b/gz7sj63113qdrr0l_2y74_200000gn/T/com.apple.appstoreagent/TemporaryItems: operation not permitted
open /var/folders/8b/gz7sj63113qdrr0l_2y74_200000gn/T/com.apple.icloud.searchpartyd/TemporaryItems: operation not permitted
open /var/folders/8b/gz7sj63113qdrr0l_2y74_200000gn/T/com.apple.identityservicesd/TemporaryItems: operation not permitted
open /var/folders/8b/gz7sj63113qdrr0l_2y74_200000gn/T/com.apple.imagent/TemporaryItems: operation not permitted
open /var/folders/8b/gz7sj63113qdrr0l_2y74_200000gn/T/com.apple.iWork.Pages/TemporaryItems: operation not permitted
open /var/folders/8b/gz7sj63113qdrr0l_2y74_200000gn/T/com.apple.iWork.Keynote/TemporaryItems: operation not permitted
open /var/folders/8b/gz7sj63113qdrr0l_2y74_200000gn/T/com.apple.fileprovider.ArchiveService/TemporaryItems: operation not permitted
open /var/folders/8b/gz7sj63113qdrr0l_2y74_200000gn/T/com.apple.mapspushd/TemporaryItems: operation not permitted
open /var/folders/8b/gz7sj63113qdrr0l_2y74_200000gn/T/com.apple.mediastream.mstreamd/TemporaryItems: operation not permitted
open /var/folders/8b/gz7sj63113qdrr0l_2y74_200000gn/T/com.apple.news.widget/TemporaryItems: operation not permitted
open /var/folders/8b/gz7sj63113qdrr0l_2y74_200000gn/T/com.apple.notificationcenterui/TemporaryItems: operation not permitted
open /var/folders/8b/gz7sj63113qdrr0l_2y74_200000gn/T/com.apple.nsurlsessiond/TemporaryItems: operation not permitted
open /var/folders/8b/gz7sj63113qdrr0l_2y74_200000gn/T/com.apple.parsec-fbf/TemporaryItems: operation not permitted
open /var/folders/8b/gz7sj63113qdrr0l_2y74_200000gn/T/com.apple.parsecd/TemporaryItems: operation not permitted
open /var/folders/8b/gz7sj63113qdrr0l_2y74_200000gn/T/com.apple.passd/TemporaryItems: operation not permitted
open /var/folders/8b/gz7sj63113qdrr0l_2y74_200000gn/T/com.apple.photoanalysisd/TemporaryItems: operation not permitted
open /var/folders/8b/gz7sj63113qdrr0l_2y74_200000gn/T/com.apple.photolibraryd/TemporaryItems: operation not permitted
open /var/folders/8b/gz7sj63113qdrr0l_2y74_200000gn/T/com.apple.pluginkit/TemporaryItems: operation not permitted
open /var/folders/8b/gz7sj63113qdrr0l_2y74_200000gn/T/com.apple.quicklook.ThumbnailsAgent/TemporaryItems: operation not permitted
open /var/folders/8b/gz7sj63113qdrr0l_2y74_200000gn/T/com.apple.remindd/TemporaryItems: operation not permitted
open /var/folders/8b/gz7sj63113qdrr0l_2y74_200000gn/T/com.apple.routined/TemporaryItems: operation not permitted
open /var/folders/8b/gz7sj63113qdrr0l_2y74_200000gn/T/com.apple.sharingd/TemporaryItems: operation not permitted
open /var/folders/8b/gz7sj63113qdrr0l_2y74_200000gn/T/com.apple.studentd/TemporaryItems: operation not permitted
open /var/folders/8b/gz7sj63113qdrr0l_2y74_200000gn/T/com.apple.triald/TemporaryItems: operation not permitted
open /var/folders/8b/gz7sj63113qdrr0l_2y74_200000gn/T/com.apple.trustd/TemporaryItems: operation not permitted
open /var/folders/8b/gz7sj63113qdrr0l_2y74_200000gn/T/com.apple.weather.widget/TemporaryItems: operation not permitted
open /var/folders/8b/gz7sj63113qdrr0l_2y74_200000gn/T/com.apple.imtranscoding.IMTranscoderAgent/TemporaryItems: operation not permitted
open /var/folders/8b/gz7sj63113qdrr0l_2y74_200000gn/T/com.apple.stocks.widget/TemporaryItems: operation not permitted
stat /Volumes/Macintosh HD/Library/Internet Plug-Ins/JavaAppletPlugin.plugin/Contents/MacOS/JavaAppletPlugin: no such file or directory
open /var/spool/postfix/maildrop: permission denied
open /var/spool/postfix/trace: permission denied
open /var/spool/postfix/private: permission denied
open /var/spool/postfix/public: permission denied
open /var/spool/postfix/saved: permission denied
open /Volumes/Macintosh HD/var/folders/zz/zyxvpxvq6csfxvn_n0000084000021/C: permission denied
open /Volumes/Macintosh HD/var/folders/zz/zyxvpxvq6csfxvn_n0000084000021/T: permission denied
stat /private/var/folders/8b/gz7sj63113qdrr0l_2y74_200000gn/C/com.apple.WebKit.Networking.Sandbox: operation not permitted
stat /private/var/folders/8b/gz7sj63113qdrr0l_2y74_200000gn/C/com.apple.WebKit.WebContent.Sandbox: operation not permitted
open /var/folders/zz/zyxvpxvq6csfxvn_n000011r00008f/T: permission denied
stat /private/var/folders/8b/gz7sj63113qdrr0l_2y74_200000gn/C/com.apple.quicklook.ThumbnailsAgent/com.apple.QuickLook.thumbnailcache: operation not permitted
open /var/folders/zz/zyxvpxvq6csfxvn_n000011w00008g/C: permission denied
open /var/folders/zz/zyxvpxvq6csfxvn_n000011w00008g/T: permission denied
open /Volumes/Macintosh HD/var/folders/zz/zyxvpxvq6csfxvn_n00000sm00006d/T: permission denied
open /Volumes/Macintosh HD/var/folders/zz/zyxvpxvq6csfxvn_n00000sm00006d/0: operation not permitted
open /Volumes/Macintosh HD/var/folders/zz/zyxvpxvq6csfxvn_n00000sm00006d/C: operation not permitted
open /Volumes/Macintosh HD/etc/cups/certs: permission denied
stat /var/folders/8b/gz7sj63113qdrr0l_2y74_200000gn/0/SafariFamily: operation not permitted
stat /var/folders/8b/gz7sj63113qdrr0l_2y74_200000gn/0/com.apple.LaunchServices.dv: operation not permitted
stat /var/folders/8b/gz7sj63113qdrr0l_2y74_200000gn/0/com.apple.SharedWebCredentials: operation not permitted
stat /var/folders/8b/gz7sj63113qdrr0l_2y74_200000gn/0/com.apple.corespeechd: operation not permitted
stat /var/folders/8b/gz7sj63113qdrr0l_2y74_200000gn/0/com.apple.exchangesync: operation not permitted
stat /var/folders/8b/gz7sj63113qdrr0l_2y74_200000gn/0/com.apple.lockoutagent: operation not permitted
stat /var/folders/8b/gz7sj63113qdrr0l_2y74_200000gn/0/com.apple.nsurlsessiond: operation not permitted
stat /var/folders/8b/gz7sj63113qdrr0l_2y74_200000gn/0/com.apple.routined: operation not permitted
stat /var/folders/8b/gz7sj63113qdrr0l_2y74_200000gn/0/dmd: operation not permitted
stat /var/folders/8b/gz7sj63113qdrr0l_2y74_200000gn/0/com.apple.Safari/SafariFamily: operation not permitted
stat /var/folders/8b/gz7sj63113qdrr0l_2y74_200000gn/0/com.apple.ScreenTimeAgent/Store: operation not permitted
stat /var/folders/8b/gz7sj63113qdrr0l_2y74_200000gn/0/com.apple.progressd/ClassKit: operation not permitted
open /etc/cups/certs: permission denied
stat /var/folders/8b/gz7sj63113qdrr0l_2y74_200000gn/C/com.apple.QuickLook.thumbnailcache: operation not permitted
stat /var/folders/8b/gz7sj63113qdrr0l_2y74_200000gn/C/com.apple.WebKit.Networking.Sandbox: operation not permitted
stat /var/folders/8b/gz7sj63113qdrr0l_2y74_200000gn/C/com.apple.WebKit.WebContent.Sandbox: operation not permitted
open /Volumes/Macintosh HD/Users/andrewdykema/Library/Accounts: operation not permitted
open /Volumes/Macintosh HD/Users/andrewdykema/Library/Application Support/FileProvider: operation not permitted
open /Volumes/Macintosh HD/Users/andrewdykema/Library/Application Support/AddressBook: operation not permitted
open /Volumes/Macintosh HD/Users/andrewdykema/Library/DuetExpertCenter: operation not permitted
open /Volumes/Macintosh HD/Users/andrewdykema/Library/StatusKit: operation not permitted
open /Volumes/Macintosh HD/Users/andrewdykema/Library/Suggestions: operation not permitted
open /Volumes/Macintosh HD/Users/andrewdykema/Library/Biome: operation not permitted
open /Volumes/Macintosh HD/System/Library/DirectoryServices/DefaultLocalDB/Default: permission denied
stat /Volumes/Macintosh HD/usr/lib/libhunspell-1.2.0.dylib: no such file or directory
stat /Volumes/Macintosh HD/usr/lib/libiodbc.2.dylib: no such file or directory
stat /Volumes/Macintosh HD/usr/lib/libiodbcinst.2.dylib: no such file or directory
stat /Volumes/Macintosh HD/usr/lib/libstdc++.6.dylib: no such file or directory
open /Volumes/Macintosh HD/Users/andrewdykema/Library/Application Support/com.apple.TCC: operation not permitted
open /Volumes/Macintosh HD/Users/andrewdykema/Library/Safari: operation not permitted
open /Volumes/Macintosh HD/Users/andrewdykema/Library/Sharing: operation not permitted
open /Volumes/Macintosh HD/Users/andrewdykema/Library/Shortcuts: operation not permitted
open /private/var/folders/zz/zyxvpxvq6csfxvn_n00000y400007j/C: permission denied
open /private/var/folders/zz/zyxvpxvq6csfxvn_n00000s800006_/T: permission denied
stat /private/var/folders/zz/zyxvpxvq6csfxvn_n00000z000007r/0/com.apple.nsurlsessiond: operation not permitted
open /Volumes/Macintosh HD/Users/andrewdykema/Library/Application Support/com.apple.sharedfilelist: operation not permitted
stat /private/var/folders/zz/zyxvpxvq6csfxvn_n00000z000007r/0/com.apple.routined: operation not permitted
open /private/var/folders/zz/zyxvpxvq6csfxvn_n00000z000007r/0/com.apple.pluginkit: permission denied
open /Volumes/Macintosh HD/Volumes/Macintosh HD/var/at/tmp: permission denied
stat /Library/Developer/CommandLineTools/usr/bin/crashlog: no such file or directory
open /private/var/folders/zz/zyxvpxvq6csfxvn_n00000s0000068/T: permission denied
open /Volumes/Macintosh HD/Users/andrewdykema/Library/Assistant/SiriVocabulary: operation not permitted
open /Volumes/Macintosh HD/Users/andrewdykema/Library/Cookies: operation not permitted
open /Volumes/Macintosh HD/Users/andrewdykema/Library/HomeKit: operation not permitted
open /Volumes/Macintosh HD/Users/andrewdykema/Library/IdentityServices: operation not permitted
open /Volumes/Macintosh HD/Users/andrewdykema/Library/Application Support/CallHistoryTransactions: operation not permitted
open /private/var/folders/zz/zyxvpxvq6csfxvn_n00000s0000068/C: permission denied
open /Volumes/Macintosh HD/Users/andrewdykema/Library/Mail: operation not permitted
open /Volumes/Macintosh HD/Users/andrewdykema/Library/Messages: operation not permitted
open /Volumes/Macintosh HD/Users/andrewdykema/Library/Metadata/CoreSpotlight: operation not permitted
open /Volumes/Macintosh HD/Users/andrewdykema/Library/Metadata/com.apple.IntelligentSuggestions: operation not permitted
open /Volumes/Macintosh HD/Users/andrewdykema/Library/PersonalizationPortrait: operation not permitted
open /Volumes/Macintosh HD/Users/andrewdykema/Library/Reminders: operation not permitted
open /Volumes/Macintosh HD/Volumes/Macintosh HD/var/at/tabs: permission denied
open /Volumes/Macintosh HD/Volumes/Macintosh HD/private/var/agentx: permission denied
open /Volumes/Macintosh HD/Volumes/Macintosh HD/private/var/audit: permission denied
open /Volumes/Macintosh HD/Volumes/Macintosh HD/private/var/backups: permission denied
open /Volumes/Macintosh HD/Volumes/Macintosh HD/private/var/dirs_cleaner: permission denied
open /Volumes/Macintosh HD/Volumes/Macintosh HD/private/var/install: permission denied
open /Volumes/Macintosh HD/Volumes/Macintosh HD/private/var/jabberd: permission denied
stat /Volumes/Macintosh HD/Volumes/Macintosh HD/private/var/db/DifferentialPrivacy: operation not permitted
open /Volumes/Macintosh HD/Volumes/Macintosh HD/private/var/ma: permission denied
open /Volumes/Macintosh HD/Volumes/Macintosh HD/private/var/root: permission denied
open /private/var/folders/zz/zyxvpxvq6csfxvn_n00000z000007r/0/com.apple.notificationcenter: permission denied
open /Volumes/Macintosh HD/Users/andrewdykema/Library/Caches/CloudKit: operation not permitted
stat /var/folders/8b/gz7sj63113qdrr0l_2y74_200000gn/C/com.apple.quicklook.ThumbnailsAgent/com.apple.QuickLook.thumbnailcache: operation not permitted
open /Volumes/Macintosh HD/Users/andrewdykema/Library/Caches/com.apple.findmy.fmfcore: operation not permitted
open /Volumes/Macintosh HD/Users/andrewdykema/Library/Caches/com.apple.findmy.fmipcore: operation not permitted
open /Volumes/Macintosh HD/Users/andrewdykema/Library/Caches/com.apple.homed: operation not permitted
lstat /Volumes/Macintosh HD/Volumes/Macintosh HD/dev/fd/93: bad file descriptor
open /Volumes/Macintosh HD/Users/andrewdykema/Library/Caches/com.apple.HomeKit: operation not permitted
open /Volumes/Macintosh HD/Users/andrewdykema/Library/Caches/com.apple.HomeKit.configurations: operation not permitted
open /Volumes/Macintosh HD/Users/andrewdykema/Library/Caches/com.apple.safaridavclient: operation not permitted
open /Volumes/Macintosh HD/Users/andrewdykema/Library/Caches/com.apple.Safari: operation not permitted
open /Volumes/Macintosh HD/Users/andrewdykema/Library/Caches/com.apple.Safari.SafeBrowsing: operation not permitted
open /Volumes/Macintosh HD/Users/andrewdykema/Library/Caches/com.apple.ap.adprivacyd: operation not permitted
open /Volumes/Macintosh HD/private/var/db/lockdown: operation not permitted
open /Users/andrewdykema/Library/Application Support/CallHistoryDB: operation not permitted
open /Volumes/Macintosh HD/Users/andrewdykema/Library/Caches/FamilyCircle: operation not permitted
stat /Volumes/Macintosh HD/Library/Developer/CommandLineTools/usr/bin/crashlog: no such file or directory
open /Users/andrewdykema/Library/Application Support/CallHistoryTransactions: operation not permitted
open /Users/andrewdykema/Library/Application Support/FileProvider: operation not permitted
open /Users/andrewdykema/Library/Application Support/Knowledge: operation not permitted
open /Users/andrewdykema/Library/Application Support/MobileSync: operation not permitted
open /var/db/nearbyd: permission denied
open /Users/andrewdykema/Library/Application Support/com.apple.TCC: operation not permitted
open /Users/andrewdykema/Library/Application Support/com.apple.avfoundation/Frecents: operation not permitted
open /Users/andrewdykema/Library/Application Support/com.apple.sharedfilelist: operation not permitted
open /Volumes/Macintosh HD/Users/andrewdykema/Library/Containers/com.apple.Safari: operation not permitted
open /Users/andrewdykema/Library/Application Support/CloudDocs/session/db: operation not permitted
stat /Users/andrewdykema/Library/Application Support/discord/SingletonCookie: no such file or directory
stat /Users/andrewdykema/Library/Application Support/discord/SingletonLock: no such file or directory
stat /Volumes/Macintosh HD/System/Library/Frameworks/Ruby.framework/Ruby: no such file or directory
stat /Volumes/Macintosh HD/Users/andrewdykema/Library/Application Support/discord/SingletonCookie: no such file or directory
stat /Volumes/Macintosh HD/Users/andrewdykema/Library/Application Support/discord/SingletonLock: no such file or directory
stat /Volumes/Macintosh HD/Users/andrewdykema/Library/Saved Application State/com.apple.AppStore.savedState: no such file or directory
stat /Volumes/Macintosh HD/Volumes/Macintosh HD/Library/python: no such file or directory
stat /Volumes/Macintosh HD/Volumes/Macintosh HD/Applications/Riot Client ().app: no such file or directory
open /private/var/folders/zz/zyxvpxvq6csfxvn_n00000tm00006n/C: permission denied
open /Volumes/Macintosh HD/Users/andrewdykema/Library/Application Support/Knowledge: operation not permitted
open /Volumes/Macintosh HD/Users/andrewdykema/Library/Application Support/MobileSync: operation not permitted
open /Volumes/Macintosh HD/Users/andrewdykema/Library/Autosave Information: operation not permitted
open /Volumes/Macintosh HD/Users/andrewdykema/Library/CoreFollowUp: operation not permitted
open /Volumes/Macintosh HD/Users/andrewdykema/Library/Calendars: operation not permitted
open /private/var/folders/zz/zyxvpxvq6csfxvn_n00000sm00006d/T: permission denied
open /private/var/folders/zz/zyxvpxvq6csfxvn_n00000sm00006d/C: operation not permitted
stat /Volumes/Macintosh HD/Volumes/Macintosh HD/var/db/DifferentialPrivacy: operation not permitted
open /Volumes/Macintosh HD/Volumes/Macintosh HD/var/db/CoreDuet: operation not permitted
stat /Volumes/Macintosh HD/Volumes/Macintosh HD/var/db/ConfigurationProfiles/Store: operation not permitted
open /Volumes/Macintosh HD/Volumes/Macintosh HD/var/db/DumpPanic: operation not permitted
stat /Volumes/Macintosh HD/Users/andrewdykema/Library/Saved Application State/com.apple.Notes.savedState: no such file or directory
stat /Volumes/Macintosh HD/Volumes/Macintosh HD/var/db/GPURestartReporter/current.gpuRestart: no such file or directory
stat /Volumes/Macintosh HD/Users/andrewdykema/Library/Saved Application State/com.apple.iCal.savedState: no such file or directory
open /Volumes/Macintosh HD/Users/andrewdykema/Library/Saved Application State/com.apple.iChat.savedState: operation not permitted
stat /Volumes/Macintosh HD/Users/andrewdykema/Library/Saved Application State/com.apple.iWork.Keynote.savedState: no such file or directory
open /Volumes/Macintosh HD/Users/andrewdykema/Library/Containers/com.apple.VoiceMemos: operation not permitted
open /Volumes/Macintosh HD/Users/andrewdykema/Library/Containers/com.apple.archiveutility: operation not permitted
open /Volumes/Macintosh HD/Users/andrewdykema/Library/Containers/com.apple.Home: operation not permitted
open /private/var/folders/zz/zyxvpxvq6csfxvn_n00000s800006_/C: permission denied
open /Volumes/Macintosh HD/Users/andrewdykema/Library/Containers/com.apple.iChat: operation not permitted
open /Volumes/Macintosh HD/Users/andrewdykema/Library/Containers/com.apple.mail: operation not permitted
open /Volumes/Macintosh HD/Users/andrewdykema/Library/Containers/com.apple.news: operation not permitted
open /Volumes/Macintosh HD/Users/andrewdykema/Library/Containers/com.apple.Notes: operation not permitted
stat /Library/Internet Plug-Ins/JavaAppletPlugin.plugin/Contents/MacOS/JavaAppletPlugin: no such file or directory
stat /Users/andrewdykema/Library/Application Support/BraveSoftware/Brave-Browser/RunningChromeVersion: no such file or directory
open /private/var/folders/zz/zyxvpxvq6csfxvn_n00000yh00007m/C: permission denied
open /Volumes/Macintosh HD/Volumes/Macintosh HD/etc/cups/certs: permission denied
open /private/var/folders/zz/zyxvpxvq6csfxvn_n00000yh00007m/T: permission denied
open /Volumes/Macintosh HD/Users/andrewdykema/Library/Saved Application State/com.apple.mail.savedState: operation not permitted
open /Volumes/Macintosh HD/Users/andrewdykema/Library/Containers/com.apple.CloudDocs.MobileDocumentsFileProvider: operation not permitted
open /Volumes/Macintosh HD/Volumes/Macintosh HD/var/db/MobileIdentityService: operation not permitted
open /var/folders/zz/zyxvpxvq6csfxvn_n0000114000089/C: permission denied
open /var/folders/zz/zyxvpxvq6csfxvn_n0000114000089/T: permission denied
stat /Users/andrewdykema/Library/Application Support/BraveSoftware/Brave-Browser/SingletonCookie: no such file or directory
stat /Users/andrewdykema/Library/Application Support/BraveSoftware/Brave-Browser/SingletonLock: no such file or directory
open /Volumes/Macintosh HD/Users/andrewdykema/Library/Group Containers/group.com.apple.notes: operation not permitted
open /Volumes/Macintosh HD/Users/andrewdykema/Library/Group Containers/group.com.apple.secure-control-center-preferences: operation not permitted
stat /Volumes/Macintosh HD/System/Library/Frameworks/vecLib.framework/libBigNum.dylib: no such file or directory
open /Volumes/Macintosh HD/Users/andrewdykema/Library/Containers/com.apple.stocks: operation not permitted
open /Volumes/Macintosh HD/Volumes/Macintosh HD/usr/sbin/authserver: permission denied
stat /Users/andrewdykema/Library/Application Support/Google/Chrome/RunningChromeVersion: no such file or directory
stat /Users/andrewdykema/Library/Application Support/Google/Chrome/SingletonCookie: no such file or directory
stat /Users/andrewdykema/Library/Application Support/Google/Chrome/SingletonLock: no such file or directory
stat /Volumes/Macintosh HD/Volumes/Macintosh HD/usr/sbin/weakpass_edit: permission denied
stat /Volumes/Macintosh HD/System/Library/PrivateFrameworks/DuetRecommendation.framework/DuetRecommendation: no such file or directory
stat /Volumes/Macintosh HD/System/Library/PrivateFrameworks/InputContext.framework/InputContext: no such file or directory
stat /Volumes/Macintosh HD/System/Library/PrivateFrameworks/KeyboardServices.framework/KeyboardServices: no such file or directory
stat /Volumes/Macintosh HD/System/Library/PrivateFrameworks/MobileStoreDemoKit.framework: no such file or directory
stat /Volumes/Macintosh HD/System/Library/PrivateFrameworks/LocationSupport.framework/Support: no such file or directory
stat /Volumes/Macintosh HD/System/Library/PrivateFrameworks/LibraryRepair.framework/XPCServices/XPCServices: no such file or directory
stat /Volumes/Macintosh HD/System/Library/PrivateFrameworks/OfficeImport.framework/PlugIns: no such file or directory
open /var/folders/zz/zyxvpxvq6csfxvn_n000010r000086/C: permission denied
open /var/folders/zz/zyxvpxvq6csfxvn_n000010r000086/T: permission denied
open /var/folders/8b/gz7sj63113qdrr0l_2y74_200000gn/T/homed/TemporaryItems: operation not permitted
open /var/folders/zz/zyxvpxvq6csfxvn_n000011h00008c/T: permission denied
open /var/folders/zz/zyxvpxvq6csfxvn_n000011h00008c/C: permission denied
open /var/folders/8b/gz7sj63113qdrr0l_2y74_200000gn/T/itunescloudd/TemporaryItems: operation not permitted
open /System/Library/DirectoryServices/DefaultLocalDB/Default: permission denied
open /private/var/protected/trustd/private: operation not permitted
open /Volumes/Macintosh HD/private/var/networkd/db: operation not permitted
open /Volumes/Macintosh HD/private/var/networkd/Library: permission denied
open /Volumes/Macintosh HD/private/var/db/nearbyd: permission denied
stat /Volumes/Macintosh HD/var/folders/8b/gz7sj63113qdrr0l_2y74_200000gn/C/com.apple.WebKit.Networking.Sandbox: operation not permitted
stat /Volumes/Macintosh HD/var/folders/8b/gz7sj63113qdrr0l_2y74_200000gn/C/com.apple.WebKit.WebContent.Sandbox: operation not permitted
stat /var/db/xcode_select_link/usr/bin/crashlog: no such file or directory
open /Volumes/Macintosh HD/private/var/spool/cups: permission denied
open /Volumes/Macintosh HD/private/var/spool/mqueue: permission denied
open /Volumes/Macintosh HD/private/var/spool/postfix/defer: permission denied
open /Volumes/Macintosh HD/private/var/spool/postfix/trace: permission denied
open /Volumes/Macintosh HD/private/var/spool/postfix/deferred: permission denied
open /Volumes/Macintosh HD/private/var/spool/postfix/flush: permission denied
open /Volumes/Macintosh HD/private/var/spool/postfix/hold: permission denied
open /Volumes/Macintosh HD/private/var/spool/postfix/incoming: permission denied
open /Volumes/Macintosh HD/private/var/spool/postfix/maildrop: permission denied
open /Volumes/Macintosh HD/private/var/spool/postfix/private: permission denied
open /Volumes/Macintosh HD/private/var/spool/postfix/public: permission denied
open /Volumes/Macintosh HD/private/var/spool/postfix/saved: permission denied
open /Volumes/Macintosh HD/private/var/spool/postfix/active: permission denied
open /Volumes/Macintosh HD/private/var/spool/postfix/corrupt: permission denied
open /Volumes/Macintosh HD/private/var/spool/postfix/bounce: permission denied
open /Users/andrewdykema/Library/Caches/CloudKit: operation not permitted
open /Users/andrewdykema/Library/Caches/FamilyCircle: operation not permitted
open /Users/andrewdykema/Library/Caches/com.apple.HomeKit: operation not permitted
open /Users/andrewdykema/Library/Caches/com.apple.Safari: operation not permitted
open /Users/andrewdykema/Library/Caches/com.apple.HomeKit.configurations: operation not permitted
open /Users/andrewdykema/Library/Caches/com.apple.Safari.SafeBrowsing: operation not permitted
open /Users/andrewdykema/Library/Caches/com.apple.findmy.fmfcore: operation not permitted
open /Users/andrewdykema/Library/Caches/com.apple.ap.adprivacyd: operation not permitted
open /Users/andrewdykema/Library/Caches/com.apple.findmy.fmipcore: operation not permitted
open /Users/andrewdykema/Library/Caches/com.apple.homed: operation not permitted
open /Users/andrewdykema/Library/Caches/com.apple.safaridavclient: operation not permitted
open /Users/andrewdykema/Library/DuetExpertCenter: operation not permitted
stat /Users/andrewdykema/Library/Containers/com.apple.ContactsAgent/Data/Documents/iChats: no such file or directory
stat /Users/andrewdykema/Library/Containers/com.apple.ContactsAgent/Data/Library/ColorSync: no such file or directory
stat /Users/andrewdykema/Library/Containers/com.apple.ContactsAgent/Data/Library/Components: no such file or directory
stat /Users/andrewdykema/Library/Containers/com.apple.ContactsAgent/Data/Library/Filters: no such file or directory
stat /Users/andrewdykema/Library/Containers/com.apple.ContactsAgent/Data/Library/KeyBindings: no such file or directory
stat /Users/andrewdykema/Library/Containers/com.apple.ContactsAgent/Data/Library/PDF Services: no such file or directory
stat /Users/andrewdykema/Library/Containers/com.apple.ContactsAgent/Data/Library/QuickLook: no such file or directory
stat /Users/andrewdykema/Library/Containers/com.apple.StoreKit.UIService/Data/Library/ColorSync: no such file or directory
stat /Users/andrewdykema/Library/Containers/com.apple.SystemProfiler.CloudStorageHelper/Data/Library/ColorSync: no such file or directory
stat /Users/andrewdykema/Library/Containers/com.apple.SystemProfiler.CloudStorageHelper/Data/Library/Components: no such file or directory
stat /Users/andrewdykema/Library/Containers/com.apple.SystemProfiler.CloudStorageHelper/Data/Library/Filters: no such file or directory
stat /Users/andrewdykema/Library/Containers/com.apple.StoreKit.UIService/Data/Library/Components: no such file or directory
stat /Users/andrewdykema/Library/Containers/com.apple.SystemProfiler.MessagesHelper/Data/Library/ColorSync: no such file or directory
stat /Users/andrewdykema/Library/Containers/com.apple.SystemProfiler.MessagesHelper/Data/Library/Components: no such file or directory
stat /Users/andrewdykema/Library/Containers/com.apple.StoreKit.UIService/Data/Library/Filters: no such file or directory
stat /Users/andrewdykema/Library/Containers/com.apple.StoreKit.UIService/Data/Library/KeyBindings: no such file or directory
stat /Users/andrewdykema/Library/Containers/com.apple.SystemProfiler.CloudStorageUIHelper/Data/Library/ColorSync: no such file or directory
stat /Users/andrewdykema/Library/Containers/com.apple.StoreKit.UIService/Data/Library/PDF Services: no such file or directory
stat /Users/andrewdykema/Library/Containers/com.apple.SystemProfiler.CloudStorageUIHelper/Data/Library/Components: no such file or directory
stat /Users/andrewdykema/Library/Containers/com.apple.StoreKit.UIService/Data/Library/QuickLook: no such file or directory
stat /Users/andrewdykema/Library/Containers/com.apple.SystemProfiler.CloudStorageUIHelper/Data/Library/Filters: no such file or directory
stat /Users/andrewdykema/Library/Containers/com.apple.SystemProfiler.CloudStorageUIHelper/Data/Library/KeyBindings: no such file or directory
stat /Users/andrewdykema/Library/Containers/com.apple.TV.TVCacheExtension/Data/Library/ColorSync: no such file or directory
stat /Users/andrewdykema/Library/Containers/com.apple.SystemProfiler.CloudStorageHelper/Data/Library/KeyBindings: no such file or directory
stat /Users/andrewdykema/Library/Containers/com.apple.SystemProfiler.CloudStorageUIHelper/Data/Library/PDF Services: no such file or directory
stat /Users/andrewdykema/Library/Containers/com.apple.SystemProfiler.CloudStorageUIHelper/Data/Library/QuickLook: no such file or directory
stat /Users/andrewdykema/Library/Containers/com.apple.TV.TVCacheExtension/Data/Library/Components: no such file or directory
stat /Users/andrewdykema/Library/Containers/com.apple.SystemProfiler.CloudStorageHelper/Data/Library/PDF Services: no such file or directory
stat /Users/andrewdykema/Library/Containers/com.apple.SystemProfiler.CloudStorageHelper/Data/Library/QuickLook: no such file or directory
stat /Users/andrewdykema/Library/Containers/com.apple.TV.TVCacheExtension/Data/Library/Filters: no such file or directory
stat /Users/andrewdykema/Library/Containers/com.apple.TelephonyUtilities.PhoneIntentHandler/Data/Library/ColorSync: no such file or directory
stat /Users/andrewdykema/Library/Containers/com.apple.TelephonyUtilities.PhoneIntentHandler/Data/Library/Components: no such file or directory
stat /Users/andrewdykema/Library/Containers/com.apple.SystemProfiler.MessagesHelper/Data/Library/Filters: no such file or directory
stat /Users/andrewdykema/Library/Containers/com.apple.TV.TVCacheExtension/Data/Library/KeyBindings: no such file or directory
stat /Users/andrewdykema/Library/Containers/com.apple.TelephonyUtilities.PhoneIntentHandler/Data/Library/Filters: no such file or directory
stat /Users/andrewdykema/Library/Containers/com.apple.TV.TVCacheExtension/Data/Library/PDF Services: no such file or directory
stat /Users/andrewdykema/Library/Containers/com.apple.TV.TVCacheExtension/Data/Library/QuickLook: no such file or directory
stat /Users/andrewdykema/Library/Containers/com.apple.TelephonyUtilities.PhoneIntentHandler/Data/Library/KeyBindings: no such file or directory
stat /Users/andrewdykema/Library/Containers/com.apple.TV.TVStorageExtension/Data/Library/ColorSync: no such file or directory
open /Users/andrewdykema/Library/Containers/com.apple.VoiceMemos: operation not permitted
stat /Users/andrewdykema/Library/Containers/com.apple.TelephonyUtilities.PhoneIntentHandler/Data/Library/PDF Services: no such file or directory
stat /Users/andrewdykema/Library/Containers/com.apple.TelephonyUtilities.PhoneIntentHandler/Data/Library/QuickLook: no such file or directory
stat /Users/andrewdykema/Library/Containers/com.apple.TV.TVStorageExtension/Data/Library/Components: no such file or directory
stat /Users/andrewdykema/Library/Containers/com.apple.TV.TVStorageExtension/Data/Library/Filters: no such file or directory
stat /Users/andrewdykema/Library/Containers/com.apple.TV.TVStorageExtension/Data/Library/KeyBindings: no such file or directory
stat /Users/andrewdykema/Library/Containers/com.apple.TV.TVStorageExtension/Data/Library/PDF Services: no such file or directory
stat /Users/andrewdykema/Library/Containers/com.apple.TV.TVStorageExtension/Data/Library/QuickLook: no such file or directory
stat /Users/andrewdykema/Library/Containers/com.apple.UniversalAccess.UASettingsShortcuts/Data/Library/ColorSync: no such file or directory
stat /Users/andrewdykema/Library/Containers/com.apple.SystemProfiler.MessagesHelper/Data/Library/KeyBindings: no such file or directory
stat /Users/andrewdykema/Library/Containers/com.apple.UniversalAccess.UASettingsShortcuts/Data/Library/Components: no such file or directory
stat /Users/andrewdykema/Library/Containers/com.apple.UniversalAccess.UASettingsShortcuts/Data/Library/Filters: no such file or directory
stat /Users/andrewdykema/Library/Containers/com.apple.SystemProfiler.MessagesHelper/Data/Library/PDF Services: no such file or directory
stat /Users/andrewdykema/Library/Containers/com.apple.SystemProfiler.MessagesHelper/Data/Library/QuickLook: no such file or directory
stat /Users/andrewdykema/Library/Containers/com.apple.UniversalAccess.UASettingsShortcuts/Data/Library/KeyBindings: no such file or directory
stat /Users/andrewdykema/Library/Containers/com.apple.UniversalAccess.UASettingsShortcuts/Data/Library/PDF Services: no such file or directory
stat /Users/andrewdykema/Library/Containers/com.apple.UniversalAccess.UASettingsShortcuts/Data/Library/QuickLook: no such file or directory
stat /Users/andrewdykema/Library/Containers/com.apple.TranslationUIServices.TranslationUIService/Data/Library/ColorSync: no such file or directory
stat /Users/andrewdykema/Library/Containers/com.apple.TranslationUIServices.TranslationUIService/Data/Library/Components: no such file or directory
stat /Users/andrewdykema/Library/Containers/com.apple.TextEdit/Data/Library/ColorSync: no such file or directory
stat /Users/andrewdykema/Library/Containers/com.apple.TextEdit/Data/Library/Components: no such file or directory
stat /Users/andrewdykema/Library/Containers/com.apple.TranslationUIServices.TranslationUIService/Data/Library/Filters: no such file or directory
stat /Users/andrewdykema/Library/Containers/com.apple.TranslationUIServices.TranslationUIService/Data/Library/KeyBindings: no such file or directory
stat /Users/andrewdykema/Library/Containers/com.apple.TranslationUIServices.TranslationUIService/Data/Library/PDF Services: no such file or directory
stat /Users/andrewdykema/Library/Containers/com.apple.TranslationUIServices.TranslationUIService/Data/Library/QuickLook: no such file or directory
stat /Users/andrewdykema/Library/Containers/com.apple.TextEdit/Data/Library/Filters: no such file or directory
stat /Users/andrewdykema/Library/Containers/com.apple.TextEdit/Data/Library/KeyBindings: no such file or directory
stat /Users/andrewdykema/Library/Containers/com.apple.TextEdit/Data/Library/PDF Services: no such file or directory
stat /Users/andrewdykema/Library/Containers/com.apple.TextEdit/Data/Library/QuickLook: no such file or directory
stat /Users/andrewdykema/Library/Containers/com.apple.VideoSubscriberAccount.VideoSubscriberAccountUIFramework.AuthenticationExtension/Data/Library/ColorSync: no such file or directory
stat /Users/andrewdykema/Library/Containers/com.apple.VideoSubscriberAccount.VideoSubscriberAccountUIFramework.AuthenticationExtension/Data/Library/Components: no such file or directory
stat /Users/andrewdykema/Library/Containers/com.apple.VideoSubscriberAccount.VideoSubscriberAccountUIFramework.AuthenticationExtension/Data/Library/Filters: no such file or directory
stat /Users/andrewdykema/Library/Containers/com.apple.VideoSubscriberAccount.VideoSubscriberAccountUIFramework.AuthenticationExtension/Data/Library/KeyBindings: no such file or directory
stat /Users/andrewdykema/Library/Containers/com.apple.VideoSubscriberAccount.VideoSubscriberAccountUIFramework.AuthenticationExtension/Data/Library/PDF Services: no such file or directory
stat /Users/andrewdykema/Library/Containers/com.apple.VideoSubscriberAccount.VideoSubscriberAccountUIFramework.AuthenticationExtension/Data/Library/QuickLook: no such file or directory
stat /Users/andrewdykema/Library/Containers/com.apple.WatchFaceAlert/Data/Library/ColorSync: no such file or directory
stat /Users/andrewdykema/Library/Containers/com.apple.WatchFaceAlert/Data/Library/Components: no such file or directory
stat /Users/andrewdykema/Library/Containers/com.apple.WatchFaceAlert/Data/Library/Filters: no such file or directory
stat /Users/andrewdykema/Library/Containers/com.apple.WatchFaceAlert/Data/Library/KeyBindings: no such file or directory
stat /Users/andrewdykema/Library/Containers/com.apple.WatchFaceAlert/Data/Library/PDF Services: no such file or directory
stat /Users/andrewdykema/Library/Containers/com.apple.WatchFaceAlert/Data/Library/QuickLook: no such file or directory
stat /Users/andrewdykema/Library/Containers/com.apple.VoiceMemos.VoiceMemosIntentsExtension/Data/Library/ColorSync: no such file or directory
stat /Users/andrewdykema/Library/Containers/com.apple.MediaLibraryService/Data/Library/ColorSync: no such file or directory
stat /Users/andrewdykema/Library/Containers/com.apple.VoiceMemos.VoiceMemosIntentsExtension/Data/Library/Components: no such file or directory
stat /Users/andrewdykema/Library/Containers/com.apple.MediaLibraryService/Data/Library/Components: no such file or directory
stat /Users/andrewdykema/Library/Containers/com.apple.VoiceMemos.VoiceMemosIntentsExtension/Data/Library/Filters: no such file or directory
stat /Users/andrewdykema/Library/Containers/com.apple.MediaLibraryService/Data/Library/Filters: no such file or directory
stat /Users/andrewdykema/Library/Containers/com.apple.VoiceMemos.VoiceMemosIntentsExtension/Data/Library/KeyBindings: no such file or directory
stat /Users/andrewdykema/Library/Containers/com.apple.MediaLibraryService/Data/Library/KeyBindings: no such file or directory
stat /Users/andrewdykema/Library/Containers/com.apple.VoiceMemos.VoiceMemosIntentsExtension/Data/Library/PDF Services: no such file or directory
stat /Users/andrewdykema/Library/Containers/com.apple.MediaLibraryService/Data/Library/PDF Services: no such file or directory
stat /Users/andrewdykema/Library/Containers/com.apple.VoiceMemos.VoiceMemosIntentsExtension/Data/Library/QuickLook: no such file or directory
stat /Users/andrewdykema/Library/Containers/com.apple.MediaLibraryService/Data/Library/QuickLook: no such file or directory
stat /Users/andrewdykema/Library/Containers/com.apple.MailServiceAgent/Data/Library/ColorSync: no such file or directory
stat /Users/andrewdykema/Library/Containers/com.apple.MailServiceAgent/Data/Library/Components: no such file or directory
stat /Users/andrewdykema/Library/Containers/com.apple.MailServiceAgent/Data/Library/Filters: no such file or directory
stat /Users/andrewdykema/Library/Containers/com.apple.MailServiceAgent/Data/Library/KeyBindings: no such file or directory
stat /Users/andrewdykema/Library/Containers/com.apple.MailServiceAgent/Data/Library/PDF Services: no such file or directory
stat /Users/andrewdykema/Library/Containers/com.apple.MailServiceAgent/Data/Library/QuickLook: no such file or directory
stat /Users/andrewdykema/Library/Containers/com.apple.WorkflowKit.CatalystHelper/Data/Library/ColorSync: no such file or directory
stat /Users/andrewdykema/Library/Containers/com.apple.WorkflowKit.CatalystHelper/Data/Library/Components: no such file or directory
stat /Users/andrewdykema/Library/Containers/com.apple.WorkflowKit.CatalystHelper/Data/Library/Filters: no such file or directory
stat /Users/andrewdykema/Library/Containers/com.apple.MarkupUI.Markup/Data/Library/ColorSync: no such file or directory
stat /Users/andrewdykema/Library/Containers/com.apple.MarkupUI.Markup/Data/Library/Components: no such file or directory
stat /Users/andrewdykema/Library/Containers/com.apple.MarkupUI.Markup/Data/Library/Filters: no such file or directory
stat /Users/andrewdykema/Library/Containers/com.apple.MarkupUI.Markup/Data/Library/KeyBindings: no such file or directory
stat /Users/andrewdykema/Library/Containers/com.apple.MarkupUI.Markup/Data/Library/PDF Services: no such file or directory
stat /Users/andrewdykema/Library/Containers/com.apple.MarkupUI.Markup/Data/Library/QuickLook: no such file or directory
stat /Users/andrewdykema/Library/Containers/com.apple.VoiceMemos.SpotlightIndexExtension/Data/Library/ColorSync: no such file or directory
stat /Users/andrewdykema/Library/Containers/com.apple.VoiceMemos.SpotlightIndexExtension/Data/Library/Components: no such file or directory
stat /Users/andrewdykema/Library/Containers/com.apple.VoiceMemos.SpotlightIndexExtension/Data/Library/Filters: no such file or directory
stat /Users/andrewdykema/Library/Containers/com.apple.MarkupUI.MarkupPhotoExtension/Data/Library/ColorSync: no such file or directory
stat /Users/andrewdykema/Library/Containers/com.apple.VoiceMemos.SpotlightIndexExtension/Data/Library/KeyBindings: no such file or directory
stat /Users/andrewdykema/Library/Containers/com.apple.MarkupUI.MarkupPhotoExtension/Data/Library/Components: no such file or directory
stat /Users/andrewdykema/Library/Containers/com.apple.WorkflowKit.CatalystHelper/Data/Library/KeyBindings: no such file or directory
stat /Users/andrewdykema/Library/Containers/com.apple.VoiceMemos.SpotlightIndexExtension/Data/Library/PDF Services: no such file or directory
stat /Users/andrewdykema/Library/Containers/com.apple.MarkupUI.MarkupPhotoExtension/Data/Library/Filters: no such file or directory
stat /Users/andrewdykema/Library/Containers/com.apple.VoiceMemos.SpotlightIndexExtension/Data/Library/QuickLook: no such file or directory
stat /Users/andrewdykema/Library/Containers/com.apple.WorkflowKit.CatalystHelper/Data/Library/PDF Services: no such file or directory
stat /Users/andrewdykema/Library/Containers/com.apple.MarkupUI.MarkupPhotoExtension/Data/Library/KeyBindings: no such file or directory
stat /Users/andrewdykema/Library/Containers/com.apple.WorkflowKit.CatalystHelper/Data/Library/QuickLook: no such file or directory
stat /Users/andrewdykema/Library/Containers/com.apple.diagnosticextensions.osx.getmobilityinfo/Data/Library/ColorSync: no such file or directory
stat /Users/andrewdykema/Library/Containers/com.apple.diagnosticextensions.osx.getmobilityinfo/Data/Library/Components: no such file or directory
stat /Users/andrewdykema/Library/Containers/com.apple.FaceTime/Data/Library/ColorSync: no such file or directory
stat /Users/andrewdykema/Library/Containers/com.apple.FaceTime/Data/Library/Components: no such file or directory
stat /Users/andrewdykema/Library/Containers/com.apple.diagnosticextensions.osx.getmobilityinfo/Data/Library/Filters: no such file or directory
stat /Users/andrewdykema/Library/Containers/com.apple.FaceTime/Data/Library/Filters: no such file or directory
stat /Users/andrewdykema/Library/Containers/com.apple.FaceTime/Data/Library/KeyBindings: no such file or directory
stat /Users/andrewdykema/Library/Containers/com.apple.MarkupUI.MarkupPhotoExtension/Data/Library/PDF Services: no such file or directory
stat /Users/andrewdykema/Library/Containers/com.apple.MarkupUI.MarkupPhotoExtension/Data/Library/QuickLook: no such file or directory
stat /Users/andrewdykema/Library/Containers/com.apple.FaceTime/Data/Library/PDF Services: no such file or directory
stat /Users/andrewdykema/Library/Containers/com.apple.FaceTime/Data/Library/QuickLook: no such file or directory
stat /Users/andrewdykema/Library/Containers/com.apple.WatchFaceAlert.ThumbnailExtension/Data/Library/ColorSync: no such file or directory
stat /Users/andrewdykema/Library/Containers/com.apple.WatchFaceAlert.ThumbnailExtension/Data/Library/Components: no such file or directory
stat /Users/andrewdykema/Library/Containers/com.apple.WatchFaceAlert.ThumbnailExtension/Data/Library/Filters: no such file or directory
stat /Users/andrewdykema/Library/Containers/com.apple.WatchFaceAlert.ThumbnailExtension/Data/Library/KeyBindings: no such file or directory
stat /Users/andrewdykema/Library/Containers/com.apple.WatchFaceAlert.ThumbnailExtension/Data/Library/PDF Services: no such file or directory
stat /Users/andrewdykema/Library/Containers/com.apple.WatchFaceAlert.ThumbnailExtension/Data/Library/QuickLook: no such file or directory
stat /Users/andrewdykema/Library/Containers/com.apple.diagnosticextensions.osx.getmobilityinfo/Data/Library/KeyBindings: no such file or directory
stat /Users/andrewdykema/Library/Containers/com.apple.diagnosticextensions.osx.getmobilityinfo/Data/Library/PDF Services: no such file or directory
stat /Users/andrewdykema/Library/Containers/com.apple.diagnosticextensions.osx.getmobilityinfo/Data/Library/QuickLook: no such file or directory
stat /Users/andrewdykema/Library/Containers/com.apple.WorkflowKit.ShortcutsIntents/Data/Library/ColorSync: no such file or directory
stat /Users/andrewdykema/Library/Containers/com.apple.WorkflowKit.ShortcutsIntents/Data/Library/Components: no such file or directory
stat /Users/andrewdykema/Library/Containers/com.apple.diagnosticextensions.osx.maillogs/Data/Documents/iChats: no such file or directory
stat /Users/andrewdykema/Library/Containers/com.apple.WorkflowKit.ShortcutsViewService/Data/Library/ColorSync: no such file or directory
stat /Users/andrewdykema/Library/Containers/com.apple.WorkflowKit.ShortcutsViewService/Data/Library/Components: no such file or directory
stat /Users/andrewdykema/Library/Containers/com.apple.WorkflowKit.ShortcutsViewService/Data/Library/Filters: no such file or directory
stat /Users/andrewdykema/Library/Containers/com.apple.WorkflowKit.ShortcutsViewService/Data/Library/KeyBindings: no such file or directory
stat /Users/andrewdykema/Library/Containers/com.apple.WorkflowKit.ShortcutsViewService/Data/Library/PDF Services: no such file or directory
stat /Users/andrewdykema/Library/Containers/com.apple.WorkflowKit.ShortcutsViewService/Data/Library/QuickLook: no such file or directory
stat /Users/andrewdykema/Library/Containers/com.apple.diagnosticextensions.osx.syslog/Data/Library/ColorSync: no such file or directory
stat /Users/andrewdykema/Library/Containers/com.apple.diagnosticextensions.osx.syslog/Data/Library/Components: no such file or directory
stat /Users/andrewdykema/Library/Containers/com.apple.diagnosticextensions.osx.syslog/Data/Library/Filters: no such file or directory
stat /Users/andrewdykema/Library/Containers/com.apple.diagnosticextensions.osx.syslog/Data/Library/KeyBindings: no such file or directory
stat /Users/andrewdykema/Library/Containers/com.apple.diagnosticextensions.osx.syslog/Data/Library/PDF Services: no such file or directory
stat /Users/andrewdykema/Library/Containers/com.apple.diagnosticextensions.osx.syslog/Data/Library/QuickLook: no such file or directory
stat /Users/andrewdykema/Library/Containers/com.apple.WorkflowUI.AddShortcutExtension/Data/Library/ColorSync: no such file or directory
stat /Users/andrewdykema/Library/Containers/com.apple.WorkflowUI.AddShortcutExtension/Data/Library/Components: no such file or directory
stat /Users/andrewdykema/Library/Containers/com.apple.WorkflowUI.AddShortcutExtension/Data/Library/Filters: no such file or directory
stat /Users/andrewdykema/Library/Containers/com.apple.WorkflowUI.AddShortcutExtension/Data/Library/KeyBindings: no such file or directory
stat /Users/andrewdykema/Library/Containers/com.apple.WorkflowUI.AddShortcutExtension/Data/Library/PDF Services: no such file or directory
stat /Users/andrewdykema/Library/Containers/com.apple.WorkflowUI.AddShortcutExtension/Data/Library/QuickLook: no such file or directory
stat /Users/andrewdykema/Library/Containers/com.apple.dt.AutomationModeUI/Data/Library/ColorSync: no such file or directory
stat /Users/andrewdykema/Library/Containers/com.apple.diagnosticextensions.osx.timemachine/Data/Library/ColorSync: no such file or directory
stat /Users/andrewdykema/Library/Containers/com.apple.dt.AutomationModeUI/Data/Library/Components: no such file or directory
stat /Users/andrewdykema/Library/Containers/com.apple.diagnosticextensions.osx.timemachine/Data/Library/Components: no such file or directory
stat /Users/andrewdykema/Library/Containers/com.apple.diagnosticextensions.osx.timemachine/Data/Library/Filters: no such file or directory
stat /Users/andrewdykema/Library/Containers/com.apple.diagnosticextensions.osx.timemachine/Data/Library/KeyBindings: no such file or directory
stat /Users/andrewdykema/Library/Containers/com.apple.diagnosticextensions.osx.timemachine/Data/Library/PDF Services: no such file or directory
stat /Users/andrewdykema/Library/Containers/com.apple.diagnosticextensions.osx.timemachine/Data/Library/QuickLook: no such file or directory
stat /Users/andrewdykema/Library/Containers/com.apple.diagnosticextensions.osx.safari/Data/Documents/iChats: no such file or directory
stat /Users/andrewdykema/Library/Containers/com.apple.reminders.macOSIntentsExtension/Data/Library/ColorSync: no such file or directory
stat /Users/andrewdykema/Library/Containers/com.apple.reminders.macOSIntentsExtension/Data/Library/Components: no such file or directory
stat /Users/andrewdykema/Library/Containers/com.apple.reminders.macOSIntentsExtension/Data/Library/Filters: no such file or directory
stat /Users/andrewdykema/Library/Containers/com.apple.diagnosticextensions.osx.wifi/Data/Library/ColorSync: no such file or directory
stat /Users/andrewdykema/Library/Containers/com.apple.reminders.macOSIntentsExtension/Data/Library/KeyBindings: no such file or directory
stat /Users/andrewdykema/Library/Containers/com.apple.diagnosticextensions.osx.wifi/Data/Library/Components: no such file or directory
stat /Users/andrewdykema/Library/Containers/com.apple.reminders.macOSIntentsExtension/Data/Library/PDF Services: no such file or directory
stat /Users/andrewdykema/Library/Containers/com.apple.diagnosticextensions.osx.wifi/Data/Library/Filters: no such file or directory
stat /Users/andrewdykema/Library/Containers/com.apple.diagnosticextensions.osx.wifi/Data/Library/KeyBindings: no such file or directory
stat /Users/andrewdykema/Library/Containers/com.apple.diagnosticextensions.osx.wifi/Data/Library/PDF Services: no such file or directory
stat /Users/andrewdykema/Library/Containers/com.apple.diagnosticextensions.osx.wifi/Data/Library/QuickLook: no such file or directory
stat /Users/andrewdykema/Library/Containers/com.apple.reminders.RemindersNC/Data/Library/ColorSync: no such file or directory
stat /Users/andrewdykema/Library/Containers/com.apple.reminders.RemindersNC/Data/Library/Components: no such file or directory
stat /Users/andrewdykema/Library/Containers/com.apple.reminders.RemindersNC/Data/Library/Filters: no such file or directory
stat /Users/andrewdykema/Library/Containers/com.apple.reminders.RemindersNC/Data/Library/KeyBindings: no such file or directory
stat /Users/andrewdykema/Library/Containers/com.apple.dt.AutomationModeUI/Data/Library/Filters: no such file or directory
stat /Users/andrewdykema/Library/Containers/com.apple.reminders.RemindersNC/Data/Library/PDF Services: no such file or directory
stat /Users/andrewdykema/Library/Containers/com.apple.reminders.RemindersNC/Data/Library/QuickLook: no such file or directory
stat /Users/andrewdykema/Library/Containers/com.apple.shortcuts.QuickLookExtension/Data/Library/ColorSync: no such file or directory
stat /Users/andrewdykema/Library/Containers/com.apple.dt.AutomationModeUI/Data/Library/KeyBindings: no such file or directory
stat /Users/andrewdykema/Library/Containers/com.apple.shortcuts.QuickLookExtension/Data/Library/Components: no such file or directory
stat /Users/andrewdykema/Library/Containers/com.apple.dt.AutomationModeUI/Data/Library/PDF Services: no such file or directory
stat /Users/andrewdykema/Library/Containers/com.apple.dt.AutomationModeUI/Data/Library/QuickLook: no such file or directory
stat /Users/andrewdykema/Library/Containers/com.apple.shortcuts.QuickLookExtension/Data/Library/Filters: no such file or directory
stat /Users/andrewdykema/Library/Containers/com.apple.shortcuts.QuickLookExtension/Data/Library/KeyBindings: no such file or directory
stat /Users/andrewdykema/Library/Containers/com.apple.shortcuts.QuickLookExtension/Data/Library/PDF Services: no such file or directory
stat /Users/andrewdykema/Library/Containers/com.apple.dt.BitbucketServerHostBuiltInExtension/Data/Documents/iChats: no such file or directory
stat /Users/andrewdykema/Library/Containers/com.apple.photolibraryd/Data/Library/ColorSync: no such file or directory
stat /Users/andrewdykema/Library/Containers/com.apple.photolibraryd/Data/Library/Components: no such file or directory
stat /Users/andrewdykema/Library/Containers/com.apple.photolibraryd/Data/Library/Filters: no such file or directory
stat /Users/andrewdykema/Library/Containers/com.apple.photolibraryd/Data/Library/KeyBindings: no such file or directory
stat /Users/andrewdykema/Library/Containers/com.apple.photolibraryd/Data/Library/PDF Services: no such file or directory
stat /Users/andrewdykema/Library/Containers/com.apple.photolibraryd/Data/Library/QuickLook: no such file or directory
stat /Users/andrewdykema/Library/Containers/com.apple.ssinvitationagent/Data/Library/ColorSync: no such file or directory
stat /Users/andrewdykema/Library/Containers/com.apple.preferencepane.security.AdvertisingExtension/Data/Library/ColorSync: no such file or directory
stat /Users/andrewdykema/Library/Containers/com.apple.ssinvitationagent/Data/Library/Components: no such file or directory
stat /Users/andrewdykema/Library/Containers/com.apple.preferencepane.security.AdvertisingExtension/Data/Library/Components: no such file or directory
stat /Users/andrewdykema/Library/Containers/com.apple.preferencepane.security.AdvertisingExtension/Data/Library/Filters: no such file or directory
stat /Users/andrewdykema/Library/Containers/com.apple.preferencepane.security.AdvertisingExtension/Data/Library/KeyBindings: no such file or directory
stat /Users/andrewdykema/Library/Containers/com.apple.preferencepane.security.AdvertisingExtension/Data/Library/PDF Services: no such file or directory
stat /Users/andrewdykema/Library/Containers/com.apple.preferencepane.security.AdvertisingExtension/Data/Library/QuickLook: no such file or directory
stat /Users/andrewdykema/Library/Containers/com.apple.preferences.sharing.SharingBluetoothService/Data/Library/ColorSync: no such file or directory
stat /Users/andrewdykema/Library/Containers/com.apple.preferences.sharing.SharingBluetoothService/Data/Library/Components: no such file or directory
stat /Users/andrewdykema/Library/Containers/com.apple.preferences.sharing.SharingBluetoothService/Data/Library/Filters: no such file or directory
stat /Users/andrewdykema/Library/Containers/com.apple.preferences.sharing.SharingBluetoothService/Data/Library/KeyBindings: no such file or directory
stat /Users/andrewdykema/Library/Containers/com.apple.preferences.sharing.SharingBluetoothService/Data/Library/PDF Services: no such file or directory
stat /Users/andrewdykema/Library/Containers/com.apple.preferences.sharing.SharingBluetoothService/Data/Library/QuickLook: no such file or directory
stat /Users/andrewdykema/Library/Containers/com.apple.print.normalizerd/Data/Documents/iChats: no such file or directory
stat /Users/andrewdykema/Library/Containers/com.apple.ssinvitationagent/Data/Library/Filters: no such file or directory
stat /Users/andrewdykema/Library/Containers/com.apple.ssinvitationagent/Data/Library/KeyBindings: no such file or directory
stat /Users/andrewdykema/Library/Containers/com.apple.ssinvitationagent/Data/Library/PDF Services: no such file or directory
stat /Users/andrewdykema/Library/Containers/com.apple.ssinvitationagent/Data/Library/QuickLook: no such file or directory
stat /Users/andrewdykema/Library/Containers/com.apple.print.normalizerd/Data/Library/ColorSync: no such file or directory
stat /Users/andrewdykema/Library/Containers/com.apple.print.normalizerd/Data/Library/Components: no such file or directory
stat /Users/andrewdykema/Library/Containers/com.apple.WorkflowUI.WidgetConfigurationExtension/Data/Library/ColorSync: no such file or directory
stat /Users/andrewdykema/Library/Containers/com.apple.WorkflowUI.WidgetConfigurationExtension/Data/Library/Components: no such file or directory
stat /Users/andrewdykema/Library/Containers/com.apple.reminders/Data/Library/ColorSync: no such file or directory
stat /Users/andrewdykema/Library/Containers/com.apple.reminders/Data/Library/Components: no such file or directory
stat /Users/andrewdykema/Library/Containers/com.apple.WorkflowUI.WidgetConfigurationExtension/Data/Library/Filters: no such file or directory
stat /Users/andrewdykema/Library/Containers/com.apple.reminders/Data/Library/Filters: no such file or directory
stat /Users/andrewdykema/Library/Containers/com.apple.WorkflowUI.WidgetConfigurationExtension/Data/Library/KeyBindings: no such file or directory
stat /Users/andrewdykema/Library/Containers/com.apple.WorkflowUI.WidgetConfigurationExtension/Data/Library/PDF Services: no such file or directory
stat /Users/andrewdykema/Library/Containers/com.apple.WorkflowUI.WidgetConfigurationExtension/Data/Library/QuickLook: no such file or directory
stat /Users/andrewdykema/Library/Containers/com.apple.reminders.macOSIntentsExtension/Data/Library/QuickLook: no such file or directory
stat /Users/andrewdykema/Library/Containers/com.apple.reminders.quicklookextension/Data/Library/ColorSync: no such file or directory
stat /Users/andrewdykema/Library/Containers/com.apple.reminders.quicklookextension/Data/Library/Components: no such file or directory
stat /Users/andrewdykema/Library/Containers/com.apple.reminders.quicklookextension/Data/Library/Filters: no such file or directory
stat /Users/andrewdykema/Library/Containers/com.apple.reminders.sharingextension/Data/Library/ColorSync: no such file or directory
stat /Users/andrewdykema/Library/Containers/com.apple.dt.BitbucketServerHostBuiltInExtension/Data/Library/ColorSync: no such file or directory
stat /Users/andrewdykema/Library/Containers/com.apple.reminders.sharingextension/Data/Library/Components: no such file or directory
stat /Users/andrewdykema/Library/Containers/com.apple.dt.BitbucketServerHostBuiltInExtension/Data/Library/Components: no such file or directory
stat /Users/andrewdykema/Library/Containers/com.apple.reminders.quicklookextension/Data/Library/KeyBindings: no such file or directory
stat /Users/andrewdykema/Library/Containers/com.apple.reminders.sharingextension/Data/Library/Filters: no such file or directory
stat /Users/andrewdykema/Library/Containers/com.apple.reminders.quicklookextension/Data/Library/PDF Services: no such file or directory
stat /Users/andrewdykema/Library/Containers/com.apple.reminders.quicklookextension/Data/Library/QuickLook: no such file or directory
stat /Users/andrewdykema/Library/Containers/com.apple.reminders.sharingextension/Data/Library/KeyBindings: no such file or directory
stat /Users/andrewdykema/Library/Containers/com.apple.reminders.sharingextension/Data/Library/PDF Services: no such file or directory
stat /Users/andrewdykema/Library/Containers/com.apple.reminders.sharingextension/Data/Library/QuickLook: no such file or directory
stat /Users/andrewdykema/Library/Containers/com.apple.share.CopyLink.invite/Data/Library/ColorSync: no such file or directory
stat /Users/andrewdykema/Library/Containers/com.apple.share.CopyLink.invite/Data/Library/Components: no such file or directory
stat /Users/andrewdykema/Library/Containers/com.apple.quicklook.ui.helper/Data/Library/ColorSync: no such file or directory
stat /Users/andrewdykema/Library/Containers/com.apple.share.CopyLink.invite/Data/Library/Filters: no such file or directory
stat /Users/andrewdykema/Library/Containers/com.apple.quicklook.ui.helper/Data/Library/Components: no such file or directory
stat /Users/andrewdykema/Library/Containers/com.apple.preferencepane.security.PrivacyTrackingAwareness.PrivacyPhotos/Data/Library/ColorSync: no such file or directory
stat /Users/andrewdykema/Library/Containers/com.apple.quicklook.ui.helper/Data/Library/Filters: no such file or directory
stat /Users/andrewdykema/Library/Containers/com.apple.share.CopyLink.invite/Data/Library/KeyBindings: no such file or directory
stat /Users/andrewdykema/Library/Containers/com.apple.preferencepane.security.PrivacyTrackingAwareness.PrivacyPhotos/Data/Library/Components: no such file or directory
stat /Users/andrewdykema/Library/Containers/com.apple.diagnosticextensions.osx.maillogs/Data/Library/ColorSync: no such file or directory
stat /Users/andrewdykema/Library/Containers/com.apple.diagnosticextensions.osx.maillogs/Data/Library/Components: no such file or directory
stat /Users/andrewdykema/Library/Containers/com.apple.share.CopyLink.invite/Data/Library/PDF Services: no such file or directory
stat /Users/andrewdykema/Library/Containers/com.apple.quicklook.ui.helper/Data/Library/KeyBindings: no such file or directory
stat /Users/andrewdykema/Library/Containers/com.apple.share.AirDrop.send/Data/Library/ColorSync: no such file or directory
stat /Users/andrewdykema/Library/Containers/com.apple.preferencepane.security.PrivacyTrackingAwareness.PrivacyPhotos/Data/Library/Filters: no such file or directory
stat /Users/andrewdykema/Library/Containers/com.apple.share.CopyLink.invite/Data/Library/QuickLook: no such file or directory
stat /Users/andrewdykema/Library/Containers/com.apple.share.AirDrop.send/Data/Library/Components: no such file or directory
stat /Users/andrewdykema/Library/Containers/com.apple.quicklook.ui.helper/Data/Library/PDF Services: no such file or directory
stat /Users/andrewdykema/Library/Containers/com.apple.preferencepane.security.PrivacyTrackingAwareness.PrivacyPhotos/Data/Library/KeyBindings: no such file or directory
stat /Users/andrewdykema/Library/Containers/com.apple.reminders/Data/Library/KeyBindings: no such file or directory
stat /Users/andrewdykema/Library/Containers/com.apple.quicklook.ui.helper/Data/Library/QuickLook: no such file or directory
stat /Users/andrewdykema/Library/Containers/com.apple.preferencepane.security.PrivacyTrackingAwareness.PrivacyPhotos/Data/Library/PDF Services: no such file or directory
stat /Users/andrewdykema/Library/Containers/com.apple.reminders/Data/Library/PDF Services: no such file or directory
stat /Users/andrewdykema/Library/Containers/com.apple.preferencepane.security.PrivacyTrackingAwareness.PrivacyPhotos/Data/Library/QuickLook: no such file or directory
stat /Users/andrewdykema/Library/Containers/com.apple.reminders/Data/Library/QuickLook: no such file or directory
stat /Users/andrewdykema/Library/Containers/com.apple.podcasts.widget/Data/Library/ColorSync: no such file or directory
stat /Users/andrewdykema/Library/Containers/com.apple.podcasts.widget/Data/Library/Components: no such file or directory
stat /Users/andrewdykema/Library/Containers/com.apple.podcasts.widget/Data/Library/Filters: no such file or directory
stat /Users/andrewdykema/Library/Containers/com.apple.siri.SiriAppLaunchIntents.AppLaunchIntentExtension/Data/Library/ColorSync: no such file or directory
stat /Users/andrewdykema/Library/Containers/com.apple.podcasts.widget/Data/Library/KeyBindings: no such file or directory
stat /Users/andrewdykema/Library/Containers/com.apple.siri.SiriAppLaunchIntents.AppLaunchIntentExtension/Data/Library/Components: no such file or directory
stat /Users/andrewdykema/Library/Containers/com.apple.siri.SiriAppLaunchIntents.AppLaunchIntentExtension/Data/Library/Filters: no such file or directory
stat /Users/andrewdykema/Library/Containers/com.apple.podcasts.widget/Data/Library/PDF Services: no such file or directory
stat /Users/andrewdykema/Library/Containers/com.apple.podcasts.widget/Data/Library/QuickLook: no such file or directory
stat /Users/andrewdykema/Library/Containers/com.apple.siri.SiriAppLaunchIntents.AppLaunchIntentExtension/Data/Library/KeyBindings: no such file or directory
stat /Users/andrewdykema/Library/Containers/com.apple.siri.SiriAppLaunchIntents.AppLaunchIntentExtension/Data/Library/PDF Services: no such file or directory
stat /Users/andrewdykema/Library/Containers/com.apple.siri.SiriAppLaunchIntents.AppLaunchIntentExtension/Data/Library/QuickLook: no such file or directory
stat /Users/andrewdykema/Library/Containers/com.apple.siri.SiriSettingsIntents.SettingsIntentExtension/Data/Library/ColorSync: no such file or directory
stat /Users/andrewdykema/Library/Containers/com.apple.print.normalizerd/Data/Library/Filters: no such file or directory
stat /Users/andrewdykema/Library/Containers/com.apple.print.normalizerd/Data/Library/KeyBindings: no such file or directory
stat /Users/andrewdykema/Library/Containers/com.apple.WorkflowKit.ShortcutsIntents/Data/Library/Filters: no such file or directory
stat /Users/andrewdykema/Library/Containers/com.apple.print.normalizerd/Data/Library/PDF Services: no such file or directory
stat /Users/andrewdykema/Library/Containers/com.apple.print.normalizerd/Data/Library/QuickLook: no such file or directory
stat /Users/andrewdykema/Library/Containers/com.apple.WorkflowKit.ShortcutsIntents/Data/Library/KeyBindings: no such file or directory
stat /Users/andrewdykema/Library/Containers/com.apple.WorkflowKit.ShortcutsIntents/Data/Library/PDF Services: no such file or directory
stat /Users/andrewdykema/Library/Containers/com.apple.WorkflowKit.ShortcutsIntents/Data/Library/QuickLook: no such file or directory
stat /Users/andrewdykema/Library/Containers/com.apple.dt.BitbucketServerHostBuiltInExtension/Data/Library/Filters: no such file or directory
stat /Users/andrewdykema/Library/Containers/com.apple.dt.BitbucketServerHostBuiltInExtension/Data/Library/KeyBindings: no such file or directory
stat /Users/andrewdykema/Library/Containers/com.apple.siri.media-indexer/Data/Library/ColorSync: no such file or directory
stat /Users/andrewdykema/Library/Containers/com.apple.siri.media-indexer/Data/Library/Components: no such file or directory
stat /Users/andrewdykema/Library/Containers/com.apple.preferences.sharing.SharingPrefsExtension/Data/Library/ColorSync: no such file or directory
stat /Users/andrewdykema/Library/Containers/com.apple.siri.media-indexer/Data/Library/Filters: no such file or directory
stat /Users/andrewdykema/Library/Containers/com.apple.preferences.sharing.SharingPrefsExtension/Data/Library/Components: no such file or directory
stat /Users/andrewdykema/Library/Containers/com.apple.FaceTime.FaceTimeNotificationCenterService/Data/Library/ColorSync: no such file or directory
stat /Users/andrewdykema/Library/Containers/com.apple.siri.media-indexer/Data/Library/KeyBindings: no such file or directory
stat /Users/andrewdykema/Library/Containers/com.apple.preferences.sharing.SharingPrefsExtension/Data/Library/Filters: no such file or directory
stat /Users/andrewdykema/Library/Containers/com.apple.FaceTime.FaceTimeNotificationCenterService/Data/Library/Components: no such file or directory
stat /Users/andrewdykema/Library/Containers/com.apple.siri.media-indexer/Data/Library/PDF Services: no such file or directory
stat /Users/andrewdykema/Library/Containers/com.apple.preferences.sharing.SharingPrefsExtension/Data/Library/KeyBindings: no such file or directory
stat /Users/andrewdykema/Library/Containers/com.apple.siri.media-indexer/Data/Library/QuickLook: no such file or directory
stat /Users/andrewdykema/Library/Containers/com.apple.preferences.sharing.SharingPrefsExtension/Data/Library/PDF Services: no such file or directory
stat /Users/andrewdykema/Library/Containers/com.apple.preferences.sharing.SharingPrefsExtension/Data/Library/QuickLook: no such file or directory
stat /Users/andrewdykema/Library/Containers/com.apple.FaceTime.FaceTimeNotificationCenterService/Data/Library/Filters: no such file or directory
stat /Users/andrewdykema/Library/Containers/com.apple.FaceTime.FaceTimeNotificationCenterService/Data/Library/KeyBindings: no such file or directory
stat /Users/andrewdykema/Library/Containers/com.apple.shortcuts.QuickLookExtension/Data/Library/QuickLook: no such file or directory
stat /Users/andrewdykema/Library/Containers/com.apple.dt.BitbucketHostBuiltInExtension/Data/Library/ColorSync: no such file or directory
stat /Users/andrewdykema/Library/Containers/com.apple.dt.BitbucketHostBuiltInExtension/Data/Library/Components: no such file or directory
stat /Users/andrewdykema/Library/Containers/com.apple.dt.BitbucketHostBuiltInExtension/Data/Library/Filters: no such file or directory
stat /Users/andrewdykema/Library/Containers/com.apple.share.Mail.compose-back-to-sender/Data/Library/ColorSync: no such file or directory
stat /Users/andrewdykema/Library/Containers/com.apple.share.Mail.compose-back-to-sender/Data/Library/Components: no such file or directory
stat /Users/andrewdykema/Library/Containers/com.apple.share.Mail.compose-back-to-sender/Data/Library/Filters: no such file or directory
stat /Users/andrewdykema/Library/Containers/com.apple.dt.BitbucketHostBuiltInExtension/Data/Library/KeyBindings: no such file or directory
stat /Users/andrewdykema/Library/Containers/com.apple.share.Mail.compose-back-to-sender/Data/Library/KeyBindings: no such file or directory
stat /Users/andrewdykema/Library/Containers/com.apple.dt.BitbucketHostBuiltInExtension/Data/Library/PDF Services: no such file or directory
stat /Users/andrewdykema/Library/Containers/com.apple.dt.BitbucketHostBuiltInExtension/Data/Library/QuickLook: no such file or directory
stat /Users/andrewdykema/Library/Containers/com.apple.share.Mail.compose-back-to-sender/Data/Library/PDF Services: no such file or directory
stat /Users/andrewdykema/Library/Containers/com.apple.share.Mail.compose-back-to-sender/Data/Library/QuickLook: no such file or directory
stat /Users/andrewdykema/Library/Containers/com.apple.routined/Data/Library/ColorSync: no such file or directory
stat /Users/andrewdykema/Library/Containers/com.apple.routined/Data/Library/Components: no such file or directory
stat /Users/andrewdykema/Library/Containers/com.apple.diagnosticextensions.osx.maillogs/Data/Library/Filters: no such file or directory
stat /Users/andrewdykema/Library/Containers/com.apple.siri.SiriSettingsIntents.SettingsIntentExtension/Data/Library/Components: no such file or directory
stat /Users/andrewdykema/Library/Containers/com.apple.siri.SiriSettingsIntents.SettingsIntentExtension/Data/Library/Filters: no such file or directory
stat /Users/andrewdykema/Library/Containers/com.apple.siri.SiriSettingsIntents.SettingsIntentExtension/Data/Library/KeyBindings: no such file or directory
stat /Users/andrewdykema/Library/Containers/com.apple.dt.GitHubHostBuiltInExtension/Data/Documents/iChats: no such file or directory
stat /Users/andrewdykema/Library/Containers/com.apple.siri.SiriContactsIntents.ContactsIntentExtension/Data/Library/ColorSync: no such file or directory
stat /Users/andrewdykema/Library/Containers/com.apple.siri.SiriContactsIntents.ContactsIntentExtension/Data/Library/Components: no such file or directory
stat /Users/andrewdykema/Library/Containers/com.apple.share.AirDrop.send/Data/Library/Filters: no such file or directory
stat /Users/andrewdykema/Library/Containers/com.apple.quicklook.QuickLookUIService/Data/Library/ColorSync: no such file or directory
stat /Users/andrewdykema/Library/Containers/com.apple.quicklook.QuickLookUIService/Data/Library/Components: no such file or directory
stat /Users/andrewdykema/Library/Containers/com.apple.share.AirDrop.send/Data/Library/KeyBindings: no such file or directory
stat /Users/andrewdykema/Library/Containers/com.apple.share.AirDrop.send/Data/Library/PDF Services: no such file or directory
stat /Users/andrewdykema/Library/Containers/com.apple.routined/Data/Library/Filters: no such file or directory
stat /Users/andrewdykema/Library/Containers/com.apple.share.AirDrop.send/Data/Library/QuickLook: no such file or directory
stat /Users/andrewdykema/Library/Containers/com.apple.routined/Data/Library/KeyBindings: no such file or directory
stat /Users/andrewdykema/Library/Containers/com.apple.FaceTime.FaceTimeNotificationCenterService/Data/Library/PDF Services: no such file or directory
stat /Users/andrewdykema/Library/Containers/com.apple.routined/Data/Library/PDF Services: no such file or directory
stat /Users/andrewdykema/Library/Containers/com.apple.routined/Data/Library/QuickLook: no such file or directory
stat /Users/andrewdykema/Library/Containers/com.apple.share.System.add-to-aperture/Data/Documents/iChats: no such file or directory
stat /Users/andrewdykema/Library/Containers/com.apple.diagnosticextensions.osx.maillogs/Data/Library/KeyBindings: no such file or directory
stat /Users/andrewdykema/Library/Containers/com.apple.siri.SiriSettingsIntents.SettingsIntentExtension/Data/Library/PDF Services: no such file or directory
stat /Users/andrewdykema/Library/Containers/com.apple.siri.SiriSettingsIntents.SettingsIntentExtension/Data/Library/QuickLook: no such file or directory
stat /Users/andrewdykema/Library/Containers/com.apple.WorkflowUI.CatalystContentExtension/Data/Library/ColorSync: no such file or directory
stat /Users/andrewdykema/Library/Containers/com.apple.WorkflowUI.CatalystContentExtension/Data/Library/Components: no such file or directory
stat /Users/andrewdykema/Library/Containers/com.apple.WorkflowUI.CatalystContentExtension/Data/Library/Filters: no such file or directory
stat /Users/andrewdykema/Library/Containers/com.apple.share.Mail.compose/Data/Library/ColorSync: no such file or directory
stat /Users/andrewdykema/Library/Containers/com.apple.share.Mail.compose/Data/Library/Components: no such file or directory
stat /Users/andrewdykema/Library/Containers/com.apple.WorkflowUI.CatalystContentExtension/Data/Library/KeyBindings: no such file or directory
stat /Users/andrewdykema/Library/Containers/com.apple.share.Mail.compose/Data/Library/Filters: no such file or directory
stat /Users/andrewdykema/Library/Containers/com.apple.siri.SiriContactsIntents.ContactsIntentExtension/Data/Library/Filters: no such file or directory
stat /Users/andrewdykema/Library/Containers/com.apple.share.Mail.compose/Data/Library/KeyBindings: no such file or directory
stat /Users/andrewdykema/Library/Containers/com.apple.share.Mail.compose/Data/Library/PDF Services: no such file or directory
stat /Users/andrewdykema/Library/Containers/com.apple.share.Mail.compose/Data/Library/QuickLook: no such file or directory
stat /Users/andrewdykema/Library/Containers/com.apple.share.System.add-to-aperture/Data/Library/ColorSync: no such file or directory
stat /Users/andrewdykema/Library/Containers/com.apple.share.System.add-to-aperture/Data/Library/Components: no such file or directory
stat /Users/andrewdykema/Library/Containers/com.apple.share.System.add-to-aperture/Data/Library/Filters: no such file or directory
stat /Users/andrewdykema/Library/Containers/com.apple.share.System.add-to-aperture/Data/Library/KeyBindings: no such file or directory
stat /Users/andrewdykema/Library/Containers/com.apple.share.System.add-to-aperture/Data/Library/PDF Services: no such file or directory
stat /Users/andrewdykema/Library/Containers/com.apple.share.System.add-to-aperture/Data/Library/QuickLook: no such file or directory
stat /Users/andrewdykema/Library/Containers/com.apple.dt.GitHubHostBuiltInExtension/Data/Library/ColorSync: no such file or directory
stat /Users/andrewdykema/Library/Containers/com.apple.siri.SiriGeo.SiriGeoIntentExtension/Data/Library/ColorSync: no such file or directory
stat /Users/andrewdykema/Library/Containers/com.apple.dt.GitHubHostBuiltInExtension/Data/Library/Components: no such file or directory
stat /Users/andrewdykema/Library/Containers/com.apple.siri.SiriGeo.SiriGeoIntentExtension/Data/Library/Components: no such file or directory
stat /Users/andrewdykema/Library/Containers/com.apple.dt.GitHubHostBuiltInExtension/Data/Library/Filters: no such file or directory
stat /Users/andrewdykema/Library/Containers/com.apple.siri.SiriGeo.SiriGeoIntentExtension/Data/Library/Filters: no such file or directory
stat /Users/andrewdykema/Library/Containers/com.apple.dt.GitHubHostBuiltInExtension/Data/Library/KeyBindings: no such file or directory
stat /Users/andrewdykema/Library/Containers/com.apple.siri.SiriGeo.SiriGeoIntentExtension/Data/Library/KeyBindings: no such file or directory
stat /Users/andrewdykema/Library/Containers/com.apple.dt.BitbucketServerHostBuiltInExtension/Data/Library/PDF Services: no such file or directory
stat /Users/andrewdykema/Library/Containers/com.apple.dt.BitbucketServerHostBuiltInExtension/Data/Library/QuickLook: no such file or directory
stat /Users/andrewdykema/Library/Containers/com.apple.dt.GitHubHostBuiltInExtension/Data/Library/PDF Services: no such file or directory
stat /Users/andrewdykema/Library/Containers/com.apple.siri.SiriGeo.SiriGeoIntentExtension/Data/Library/PDF Services: no such file or directory
stat /Users/andrewdykema/Library/Containers/com.apple.dt.GitHubHostBuiltInExtension/Data/Library/QuickLook: no such file or directory
stat /Users/andrewdykema/Library/Containers/com.apple.siri.SiriGeo.SiriGeoIntentExtension/Data/Library/QuickLook: no such file or directory
stat /Users/andrewdykema/Library/Containers/com.apple.siri.DeepSyncVerificationService/Data/Library/ColorSync: no such file or directory
stat /Users/andrewdykema/Library/Containers/com.apple.siri.DeepSyncVerificationService/Data/Library/Components: no such file or directory
stat /Users/andrewdykema/Library/Containers/com.apple.FaceTime.FaceTimeNotificationCenterService/Data/Library/QuickLook: no such file or directory
stat /Users/andrewdykema/Library/Containers/com.apple.dt.GitHubEnterpriseHostBuiltInExtension/Data/Library/ColorSync: no such file or directory
stat /Users/andrewdykema/Library/Containers/com.apple.preferencepane.security.PrivacyAnalytics/Data/Library/ColorSync: no such file or directory
stat /Users/andrewdykema/Library/Containers/com.apple.preferencepane.security.PrivacyAnalytics/Data/Library/Components: no such file or directory
stat /Users/andrewdykema/Library/Containers/com.apple.dt.GitHubEnterpriseHostBuiltInExtension/Data/Documents/iChats: no such file or directory
stat /Users/andrewdykema/Library/Containers/com.apple.preferencepane.security.PrivacyAnalytics/Data/Library/Filters: no such file or directory
stat /Users/andrewdykema/Library/Containers/com.apple.preferencepane.security.PrivacyAnalytics/Data/Library/KeyBindings: no such file or directory
stat /Users/andrewdykema/Library/Containers/com.apple.preferencepane.security.PrivacyAnalytics/Data/Library/PDF Services: no such file or directory
stat /Users/andrewdykema/Library/Containers/com.apple.preferencepane.security.PrivacyAnalytics/Data/Library/QuickLook: no such file or directory
stat /Users/andrewdykema/Library/Containers/com.apple.soagent/Data/Library/ColorSync: no such file or directory
stat /Users/andrewdykema/Library/Containers/com.apple.soagent/Data/Library/Components: no such file or directory
stat /Users/andrewdykema/Library/Containers/com.apple.soagent/Data/Documents/iChats: no such file or directory
stat /Users/andrewdykema/Library/Containers/com.apple.share.System.add-to-iphoto/Data/Library/ColorSync: no such file or directory
stat /Users/andrewdykema/Library/Containers/com.apple.share.System.add-to-iphoto/Data/Library/Components: no such file or directory
stat /Users/andrewdykema/Library/Containers/com.apple.siri.SiriContactsIntents.ContactsIntentExtension/Data/Library/KeyBindings: no such file or directory
stat /Users/andrewdykema/Library/Containers/com.apple.share.System.add-to-iphoto/Data/Library/Filters: no such file or directory
stat /Users/andrewdykema/Library/Containers/com.apple.siri.SiriContactsIntents.ContactsIntentExtension/Data/Library/PDF Services: no such file or directory
stat /Users/andrewdykema/Library/Containers/com.apple.siri.SiriContactsIntents.ContactsIntentExtension/Data/Library/QuickLook: no such file or directory
stat /Users/andrewdykema/Library/Containers/com.apple.share.System.add-to-iphoto/Data/Library/KeyBindings: no such file or directory
stat /Users/andrewdykema/Library/Containers/com.apple.shortcuts.ThumbnailExtension/Data/Library/ColorSync: no such file or directory
stat /Users/andrewdykema/Library/Containers/com.apple.share.System.add-to-iphoto/Data/Library/PDF Services: no such file or directory
stat /Users/andrewdykema/Library/Containers/com.apple.share.System.add-to-iphoto/Data/Library/QuickLook: no such file or directory
stat /Users/andrewdykema/Library/Containers/com.apple.WorkflowUI.CatalystContentExtension/Data/Library/PDF Services: no such file or directory
stat /Users/andrewdykema/Library/Containers/com.apple.WorkflowUI.CatalystContentExtension/Data/Library/QuickLook: no such file or directory
stat /Users/andrewdykema/Library/Containers/com.apple.quicklook.QuickLookUIService/Data/Library/Filters: no such file or directory
stat /Users/andrewdykema/Library/Containers/com.apple.reminders.WidgetExtension/Data/Library/ColorSync: no such file or directory
stat /Users/andrewdykema/Library/Containers/com.apple.reminders.WidgetExtension/Data/Library/Components: no such file or directory
stat /Users/andrewdykema/Library/Containers/com.apple.share.System.add-to-safari-reading-list/Data/Library/ColorSync: no such file or directory
stat /Users/andrewdykema/Library/Containers/com.apple.share.System.add-to-safari-reading-list/Data/Library/Components: no such file or directory
stat /Users/andrewdykema/Library/Containers/com.apple.quicklook.QuickLookUIService/Data/Library/KeyBindings: no such file or directory
stat /Users/andrewdykema/Library/Containers/com.apple.reminders.WidgetExtension/Data/Library/Filters: no such file or directory
stat /Users/andrewdykema/Library/Containers/com.apple.share.System.add-to-safari-reading-list/Data/Library/Filters: no such file or directory
stat /Users/andrewdykema/Library/Containers/com.apple.quicklook.QuickLookUIService/Data/Library/PDF Services: no such file or directory
stat /Users/andrewdykema/Library/Containers/com.apple.reminders.WidgetExtension/Data/Library/KeyBindings: no such file or directory
stat /Users/andrewdykema/Library/Containers/com.apple.quicklook.QuickLookUIService/Data/Library/QuickLook: no such file or directory
stat /Users/andrewdykema/Library/Containers/com.apple.share.System.add-to-safari-reading-list/Data/Library/KeyBindings: no such file or directory
stat /Users/andrewdykema/Library/Containers/com.apple.reminders.WidgetExtension/Data/Library/PDF Services: no such file or directory
stat /Users/andrewdykema/Library/Containers/com.apple.dt.GitHubEnterpriseHostBuiltInExtension/Data/Library/Components: no such file or directory
stat /Users/andrewdykema/Library/Containers/com.apple.reminders.WidgetExtension/Data/Library/QuickLook: no such file or directory
stat /Users/andrewdykema/Library/Containers/com.apple.share.System.add-to-safari-reading-list/Data/Library/PDF Services: no such file or directory
stat /Users/andrewdykema/Library/Containers/com.apple.siriplugin.FileSearch/Data/Library/ColorSync: no such file or directory
stat /Users/andrewdykema/Library/Containers/com.apple.siriplugin.FileSearch/Data/Library/Components: no such file or directory
stat /Users/andrewdykema/Library/Containers/com.apple.share.System.add-to-safari-reading-list/Data/Library/QuickLook: no such file or directory
stat /Users/andrewdykema/Library/Containers/com.apple.siriplugin.FileSearch/Data/Library/Filters: no such file or directory
stat /Users/andrewdykema/Library/Containers/com.apple.replayKit.RPBroadcastActivityExtension-macOS/Data/Library/ColorSync: no such file or directory
stat /Users/andrewdykema/Library/Containers/com.apple.siri.DeepSyncVerificationService/Data/Library/Filters: no such file or directory
stat /Users/andrewdykema/Library/Containers/com.apple.replayKit.RPBroadcastActivityExtension-macOS/Data/Library/Components: no such file or directory
stat /Users/andrewdykema/Library/Containers/com.apple.replayKit.RPBroadcastActivityExtension-macOS/Data/Library/Filters: no such file or directory
stat /Users/andrewdykema/Library/Containers/com.apple.siri.DeepSyncVerificationService/Data/Library/KeyBindings: no such file or directory
stat /Users/andrewdykema/Library/Containers/com.apple.siri.DeepSyncVerificationService/Data/Library/PDF Services: no such file or directory
stat /Users/andrewdykema/Library/Containers/com.apple.replayKit.RPBroadcastActivityExtension-macOS/Data/Library/KeyBindings: no such file or directory
stat /Users/andrewdykema/Library/Containers/com.apple.siri.DeepSyncVerificationService/Data/Library/QuickLook: no such file or directory
stat /Users/andrewdykema/Library/Containers/com.apple.replayKit.RPBroadcastActivityExtension-macOS/Data/Library/PDF Services: no such file or directory
stat /Users/andrewdykema/Library/Containers/com.apple.replayKit.RPBroadcastActivityExtension-macOS/Data/Library/QuickLook: no such file or directory
stat /Users/andrewdykema/Library/Containers/com.apple.soagent/Data/Library/Filters: no such file or directory
stat /Users/andrewdykema/Library/Containers/com.apple.shortcuts.ThumbnailExtension/Data/Library/Components: no such file or directory
stat /Users/andrewdykema/Library/Containers/com.apple.shortcuts.ThumbnailExtension/Data/Library/Filters: no such file or directory
stat /Users/andrewdykema/Library/Containers/com.apple.shortcuts.ThumbnailExtension/Data/Library/KeyBindings: no such file or directory
stat /Users/andrewdykema/Library/Containers/com.apple.shortcuts.ThumbnailExtension/Data/Library/PDF Services: no such file or directory
stat /Users/andrewdykema/Library/Containers/com.apple.shortcuts.ThumbnailExtension/Data/Library/QuickLook: no such file or directory
stat /Users/andrewdykema/Library/Containers/com.apple.siriplugin.FileSearch/Data/Library/KeyBindings: no such file or directory
stat /Users/andrewdykema/Library/Containers/com.apple.siriplugin.FileSearch/Data/Library/PDF Services: no such file or directory
stat /Users/andrewdykema/Library/Containers/com.apple.dt.GitHubEnterpriseHostBuiltInExtension/Data/Library/Filters: no such file or directory
stat /Users/andrewdykema/Library/Containers/com.apple.siriplugin.FileSearch/Data/Library/QuickLook: no such file or directory
stat /Users/andrewdykema/Library/Containers/com.apple.dt.GitHubEnterpriseHostBuiltInExtension/Data/Library/KeyBindings: no such file or directory
stat /Users/andrewdykema/Library/Containers/com.apple.soagent/Data/Library/KeyBindings: no such file or directory
stat /Users/andrewdykema/Library/Containers/com.apple.dt.GitHubEnterpriseHostBuiltInExtension/Data/Library/PDF Services: no such file or directory
stat /Users/andrewdykema/Library/Containers/com.apple.dt.GitHubEnterpriseHostBuiltInExtension/Data/Library/QuickLook: no such file or directory
stat /Users/andrewdykema/Library/Containers/com.apple.siri.parsec.HashtagImagesApp.HashtagImagesExtension/Data/Library/ColorSync: no such file or directory
stat /Users/andrewdykema/Library/Containers/com.apple.siri.parsec.HashtagImagesApp.HashtagImagesExtension/Data/Library/Components: no such file or directory
stat /Users/andrewdykema/Library/Containers/com.apple.siri.parsec.HashtagImagesApp.HashtagImagesExtension/Data/Library/Filters: no such file or directory
stat /Users/andrewdykema/Library/Containers/com.apple.soagent/Data/Library/PDF Services: no such file or directory
stat /Users/andrewdykema/Library/Containers/com.apple.soagent/Data/Library/QuickLook: no such file or directory
stat /Users/andrewdykema/Library/Containers/com.apple.reminders.RemindersNC/Data/Documents/iChats: no such file or directory
stat /Users/andrewdykema/Library/Containers/com.apple.accessibility.heard/Data/Library/ColorSync: no such file or directory
stat /Users/andrewdykema/Library/Containers/com.apple.accessibility.heard/Data/Library/Components: no such file or directory
stat /Users/andrewdykema/Library/Containers/com.apple.accessibility.heard/Data/Library/Filters: no such file or directory
stat /Users/andrewdykema/Library/Containers/com.apple.accessibility.heard/Data/Library/KeyBindings: no such file or directory
stat /Users/andrewdykema/Library/Containers/com.apple.accessibility.heard/Data/Library/PDF Services: no such file or directory
stat /Users/andrewdykema/Library/Containers/com.apple.accessibility.heard/Data/Library/QuickLook: no such file or directory
stat /Users/andrewdykema/Library/Containers/com.apple.siri.parsec.HashtagImagesApp.HashtagImagesExtension/Data/Library/KeyBindings: no such file or directory
stat /Users/andrewdykema/Library/Containers/com.apple.siri.parsec.HashtagImagesApp.HashtagImagesExtension/Data/Library/PDF Services: no such file or directory
stat /Users/andrewdykema/Library/Containers/com.apple.siri.parsec.HashtagImagesApp.HashtagImagesExtension/Data/Library/QuickLook: no such file or directory
open /Users/andrewdykema/Library/Containers/com.apple.stocks: operation not permitted
stat /Users/andrewdykema/Library/Containers/com.apple.replayKit.RPVideoEditorExtension-macOS/Data/Library/ColorSync: no such file or directory
stat /Users/andrewdykema/Library/Containers/com.apple.replayKit.RPVideoEditorExtension-macOS/Data/Library/Components: no such file or directory
stat /Users/andrewdykema/Library/Containers/com.apple.replayKit.RPVideoEditorExtension-macOS/Data/Library/Filters: no such file or directory
stat /Users/andrewdykema/Library/Containers/com.apple.proactive.PersonalUnderstanding.LighthousePlugin/Data/Library/ColorSync: no such file or directory
stat /Users/andrewdykema/Library/Containers/com.apple.proactive.PersonalUnderstanding.LighthousePlugin/Data/Library/Components: no such file or directory
stat /Users/andrewdykema/Library/Containers/com.apple.replayKit.RPVideoEditorExtension-macOS/Data/Library/KeyBindings: no such file or directory
stat /Users/andrewdykema/Library/Containers/com.apple.proactive.PersonalUnderstanding.LighthousePlugin/Data/Library/Filters: no such file or directory
stat /Users/andrewdykema/Library/Containers/com.apple.replayKit.RPVideoEditorExtension-macOS/Data/Library/PDF Services: no such file or directory
stat /Users/andrewdykema/Library/Containers/com.apple.replayKit.RPVideoEditorExtension-macOS/Data/Library/QuickLook: no such file or directory
stat /Users/andrewdykema/Library/Containers/com.apple.share.System.set-desktop-image/Data/Library/ColorSync: no such file or directory
stat /Users/andrewdykema/Library/Containers/com.apple.share.System.set-desktop-image/Data/Library/Components: no such file or directory
stat /Users/andrewdykema/Library/Containers/com.apple.share.System.set-desktop-image/Data/Library/Filters: no such file or directory
stat /Users/andrewdykema/Library/Containers/com.apple.share.System.set-desktop-image/Data/Library/KeyBindings: no such file or directory
stat /Users/andrewdykema/Library/Containers/com.apple.siri.SiriVideoIntents.VideoIntentExtension/Data/Library/ColorSync: no such file or directory
stat /Users/andrewdykema/Library/Containers/com.apple.siri.SiriVideoIntents.VideoIntentExtension/Data/Library/Components: no such file or directory
stat /Users/andrewdykema/Library/Containers/com.apple.share.System.set-desktop-image/Data/Library/PDF Services: no such file or directory
stat /Users/andrewdykema/Library/Containers/com.apple.share.System.set-desktop-image/Data/Library/QuickLook: no such file or directory
stat /Users/andrewdykema/Library/Containers/com.apple.proactive.PersonalUnderstanding.LighthousePlugin/Data/Library/KeyBindings: no such file or directory
stat /Users/andrewdykema/Library/Containers/com.apple.scenekit.SCNSceneLoader/Data/Library/ColorSync: no such file or directory
stat /Users/andrewdykema/Library/Containers/com.apple.scenekit.SCNSceneLoader/Data/Library/Components: no such file or directory
stat /Users/andrewdykema/Library/Containers/com.apple.proactive.PersonalUnderstanding.LighthousePlugin/Data/Library/PDF Services: no such file or directory
stat /Users/andrewdykema/Library/Containers/com.apple.proactive.PersonalUnderstanding.LighthousePlugin/Data/Library/QuickLook: no such file or directory
stat /Users/andrewdykema/Library/Containers/com.apple.scenekit.SCNSceneLoader/Data/Library/Filters: no such file or directory
stat /Users/andrewdykema/Library/Containers/com.apple.scenekit.SCNSceneLoader/Data/Library/KeyBindings: no such file or directory
stat /Users/andrewdykema/Library/Containers/com.apple.siri.SiriVideoIntents.VideoIntentExtension/Data/Library/Filters: no such file or directory
stat /Users/andrewdykema/Library/Containers/com.apple.scenekit.SCNSceneLoader/Data/Library/PDF Services: no such file or directory
stat /Users/andrewdykema/Library/Containers/com.apple.siri.SiriVideoIntents.VideoIntentExtension/Data/Library/KeyBindings: no such file or directory
stat /Users/andrewdykema/Library/Containers/com.apple.scenekit.SCNSceneLoader/Data/Library/QuickLook: no such file or directory
stat /Users/andrewdykema/Library/Containers/com.apple.siri.SiriVideoIntents.VideoIntentExtension/Data/Library/PDF Services: no such file or directory
stat /Users/andrewdykema/Library/Containers/com.apple.siri.SiriVideoIntents.VideoIntentExtension/Data/Library/QuickLook: no such file or directory
stat /Users/andrewdykema/Library/Containers/com.apple.stocks.detailintents/Data/Library/ColorSync: no such file or directory
stat /Users/andrewdykema/Library/Containers/com.apple.stocks.detailintents/Data/Library/Components: no such file or directory
stat /Users/andrewdykema/Library/Containers/com.apple.stocks.detailintents/Data/Library/Filters: no such file or directory
stat /Users/andrewdykema/Library/Containers/com.apple.stocks.detailintents/Data/Library/KeyBindings: no such file or directory
stat /Users/andrewdykema/Library/Containers/com.apple.stocks.detailintents/Data/Library/PDF Services: no such file or directory
stat /Users/andrewdykema/Library/Containers/com.apple.stocks.detailintents/Data/Library/QuickLook: no such file or directory
stat /Users/andrewdykema/Library/Containers/com.apple.share.System.set-account-picture/Data/Library/ColorSync: no such file or directory
stat /Users/andrewdykema/Library/Containers/com.apple.share.System.set-account-picture/Data/Library/Components: no such file or directory
stat /Users/andrewdykema/Library/Containers/com.apple.systempreferences.cacheAssistant/Data/Documents/iChats: no such file or directory
stat /Users/andrewdykema/Library/Containers/com.windscribe.launcher.macos/Data/Library/ColorSync: no such file or directory
stat /Users/andrewdykema/Library/Containers/com.apple.share.CloudSharing.invite/Data/Library/ColorSync: no such file or directory
stat /Users/andrewdykema/Library/Containers/com.apple.share.CloudSharing.invite/Data/Library/Components: no such file or directory
stat /Users/andrewdykema/Library/Containers/com.apple.share.CloudSharing.invite/Data/Library/Filters: no such file or directory
stat /Users/andrewdykema/Library/Containers/com.apple.share.CloudSharing.invite/Data/Library/KeyBindings: no such file or directory
stat /Users/andrewdykema/Library/Containers/com.apple.weather.widget/Data/Library/ColorSync: no such file or directory
stat /Users/andrewdykema/Library/Containers/com.apple.systempreferences.cacheAssistant/Data/Library/ColorSync: no such file or directory
stat /Users/andrewdykema/Library/Containers/com.apple.weather.widget/Data/Library/Components: no such file or directory
stat /Users/andrewdykema/Library/Containers/com.apple.systempreferences.cacheAssistant/Data/Library/Components: no such file or directory
stat /Users/andrewdykema/Library/Containers/com.apple.weather.widget/Data/Library/Filters: no such file or directory
stat /Users/andrewdykema/Library/Containers/com.apple.systempreferences.cacheAssistant/Data/Library/Filters: no such file or directory
stat /Users/andrewdykema/Library/Containers/com.apple.widgetkit.simulator/Data/Library/ColorSync: no such file or directory
stat /Users/andrewdykema/Library/Containers/com.apple.widgetkit.simulator/Data/Library/Components: no such file or directory
stat /Users/andrewdykema/Library/Containers/com.apple.systempreferences.cacheAssistant/Data/Library/KeyBindings: no such file or directory
stat /Users/andrewdykema/Library/Containers/com.apple.weather.widget/Data/Library/KeyBindings: no such file or directory
stat /Users/andrewdykema/Library/Containers/com.apple.widgetkit.simulator/Data/Library/Filters: no such file or directory
stat /Users/andrewdykema/Library/Containers/com.apple.systempreferences.cacheAssistant/Data/Library/PDF Services: no such file or directory
stat /Users/andrewdykema/Library/Containers/com.apple.weather.widget/Data/Library/PDF Services: no such file or directory
stat /Users/andrewdykema/Library/Containers/com.apple.widgetkit.simulator/Data/Library/KeyBindings: no such file or directory
stat /Users/andrewdykema/Library/Containers/com.apple.systempreferences.cacheAssistant/Data/Library/QuickLook: no such file or directory
stat /Users/andrewdykema/Library/Containers/com.apple.weather.widget/Data/Library/QuickLook: no such file or directory
stat /Users/andrewdykema/Library/Containers/com.apple.widgetkit.simulator/Data/Library/PDF Services: no such file or directory
stat /Users/andrewdykema/Library/Containers/com.apple.widgetkit.simulator/Data/Library/QuickLook: no such file or directory
stat /Users/andrewdykema/Library/Containers/com.apple.tonelibraryd/Data/Library/ColorSync: no such file or directory
stat /Users/andrewdykema/Library/Containers/com.apple.tonelibraryd/Data/Library/Components: no such file or directory
stat /Users/andrewdykema/Library/Containers/com.apple.weather/Data/Library/ColorSync: no such file or directory
stat /Users/andrewdykema/Library/Containers/com.apple.weather/Data/Library/Components: no such file or directory
stat /Users/andrewdykema/Library/Containers/com.apple.weather/Data/Library/Filters: no such file or directory
stat /Users/andrewdykema/Library/Containers/com.apple.tonelibraryd/Data/Library/Filters: no such file or directory
stat /Users/andrewdykema/Library/Containers/com.apple.share.System.set-account-picture/Data/Library/Filters: no such file or directory
stat /Users/andrewdykema/Library/Containers/com.apple.system.airplay/Data/Library/ColorSync: no such file or directory
stat /Users/andrewdykema/Library/Containers/com.apple.system.airplay/Data/Library/Components: no such file or directory
stat /Users/andrewdykema/Library/Containers/com.apple.system.airplay/Data/Library/Filters: no such file or directory
stat /Users/andrewdykema/Library/Containers/com.apple.system.airplay/Data/Library/KeyBindings: no such file or directory
stat /Users/andrewdykema/Library/Containers/com.apple.system.airplay/Data/Library/PDF Services: no such file or directory
stat /Users/andrewdykema/Library/Containers/com.apple.system.airplay/Data/Library/QuickLook: no such file or directory
stat /Users/andrewdykema/Library/Containers/com.windscribe.launcher.macos/Data/Library/Components: no such file or directory
stat /Users/andrewdykema/Library/Containers/com.apple.diagnosticextensions.osx.maillogs/Data/Library/PDF Services: no such file or directory
stat /Users/andrewdykema/Library/Containers/com.apple.diagnosticextensions.osx.maillogs/Data/Library/QuickLook: no such file or directory
stat /Users/andrewdykema/Library/Containers/com.apple.share.CloudSharing.invite/Data/Library/PDF Services: no such file or directory
stat /Users/andrewdykema/Library/Containers/com.apple.share.CloudSharing.invite/Data/Library/QuickLook: no such file or directory
stat /Users/andrewdykema/Library/Containers/com.apple.stocks.widget/Data/Library/ColorSync: no such file or directory
stat /Users/andrewdykema/Library/Containers/com.apple.stocks.widget/Data/Library/Components: no such file or directory
stat /Users/andrewdykema/Library/Containers/com.apple.weather/Data/Library/KeyBindings: no such file or directory
stat /Users/andrewdykema/Library/Containers/com.apple.weather/Data/Library/PDF Services: no such file or directory
stat /Users/andrewdykema/Library/Containers/com.apple.weather/Data/Library/QuickLook: no such file or directory
stat /Users/andrewdykema/Library/Containers/com.apple.tonelibraryd/Data/Library/KeyBindings: no such file or directory
stat /Users/andrewdykema/Library/Containers/com.apple.share.System.set-account-picture/Data/Library/KeyBindings: no such file or directory
stat /Users/andrewdykema/Library/Containers/com.apple.tonelibraryd/Data/Library/PDF Services: no such file or directory
stat /Users/andrewdykema/Library/Containers/com.apple.stocks.widget/Data/Library/Filters: no such file or directory
stat /Users/andrewdykema/Library/Containers/com.apple.tonelibraryd/Data/Library/QuickLook: no such file or directory
stat /Users/andrewdykema/Library/Containers/com.apple.stocks.widget/Data/Library/KeyBindings: no such file or directory
stat /Users/andrewdykema/Library/Containers/com.windscribe.launcher.macos/Data/Library/Filters: no such file or directory
stat /Users/andrewdykema/Library/Containers/com.apple.stocks.widget/Data/Library/PDF Services: no such file or directory
stat /Users/andrewdykema/Library/Containers/com.windscribe.launcher.macos/Data/Library/KeyBindings: no such file or directory
stat /Users/andrewdykema/Library/Containers/com.apple.stocks.widget/Data/Library/QuickLook: no such file or directory
stat /Users/andrewdykema/Library/Containers/com.windscribe.launcher.macos/Data/Library/PDF Services: no such file or directory
stat /Users/andrewdykema/Library/Containers/com.windscribe.launcher.macos/Data/Library/QuickLook: no such file or directory
stat /Users/andrewdykema/Library/Containers/com.apple.weather.WeatherIntents/Data/Library/ColorSync: no such file or directory
stat /Users/andrewdykema/Library/Containers/com.apple.weather.WeatherIntents/Data/Library/Components: no such file or directory
stat /Users/andrewdykema/Library/Containers/com.apple.weather.WeatherIntents/Data/Library/Filters: no such file or directory
stat /Users/andrewdykema/Library/Containers/com.apple.weather.WeatherIntents/Data/Library/KeyBindings: no such file or directory
stat /Users/andrewdykema/Library/Containers/com.apple.weather.WeatherIntents/Data/Library/PDF Services: no such file or directory
stat /Users/andrewdykema/Library/Containers/com.apple.weather.WeatherIntents/Data/Library/QuickLook: no such file or directory
stat /Users/andrewdykema/Library/Containers/com.fiplab.extractor/Data/Library/ColorSync: no such file or directory
stat /Users/andrewdykema/Library/Containers/com.fiplab.extractor/Data/Library/Components: no such file or directory
stat /Users/andrewdykema/Library/Containers/com.apple.share.System.set-account-picture/Data/Library/PDF Services: no such file or directory
stat /Users/andrewdykema/Library/Containers/com.apple.share.System.set-account-picture/Data/Library/QuickLook: no such file or directory
stat /Users/andrewdykema/Library/Containers/com.fiplab.extractor/Data/Library/Filters: no such file or directory
stat /Users/andrewdykema/Library/Containers/com.fiplab.extractor/Data/Library/KeyBindings: no such file or directory
stat /Users/andrewdykema/Library/Containers/com.fiplab.extractor/Data/Library/PDF Services: no such file or directory
stat /Users/andrewdykema/Library/Containers/com.fiplab.extractor/Data/Library/QuickLook: no such file or directory
stat /Users/andrewdykema/Library/Containers/com.apple.diagnosticextensions.osx.safari/Data/Library/ColorSync: no such file or directory
stat /Users/andrewdykema/Library/Containers/com.apple.diagnosticextensions.osx.safari/Data/Library/Components: no such file or directory
stat /Users/andrewdykema/Library/Containers/com.apple.diagnosticextensions.osx.safari/Data/Library/Filters: no such file or directory
stat /Users/andrewdykema/Library/Containers/com.apple.diagnosticextensions.osx.safari/Data/Library/KeyBindings: no such file or directory
stat /Users/andrewdykema/Library/Containers/com.apple.shortcuts/Data/Library/ColorSync: no such file or directory
stat /Users/andrewdykema/Library/Containers/com.apple.diagnosticextensions.osx.safari/Data/Library/PDF Services: no such file or directory
stat /Users/andrewdykema/Library/Containers/com.apple.shortcuts/Data/Library/Components: no such file or directory
stat /Users/andrewdykema/Library/Containers/com.apple.diagnosticextensions.osx.safari/Data/Library/QuickLook: no such file or directory
stat /Users/andrewdykema/Library/Containers/com.apple.shortcuts/Data/Library/Filters: no such file or directory
stat /Users/andrewdykema/Library/Containers/com.apple.shortcuts/Data/Library/KeyBindings: no such file or directory
stat /Users/andrewdykema/Library/Containers/com.apple.shortcuts/Data/Library/PDF Services: no such file or directory
stat /Users/andrewdykema/Library/Containers/com.apple.shortcuts/Data/Library/QuickLook: no such file or directory
stat /Users/andrewdykema/Library/Containers/com.apple.FaceTime.IntentsExtension/Data/Library/ColorSync: no such file or directory
stat /Users/andrewdykema/Library/Containers/com.apple.FaceTime.IntentsExtension/Data/Library/Components: no such file or directory
stat /Users/andrewdykema/Library/Containers/com.apple.dt.GitLabSelfHostBuiltInExtension/Data/Documents/iChats: no such file or directory
stat /Users/andrewdykema/Library/Containers/com.apple.dt.XCDocumenter.XCDocumenterExtension/Data/Documents/iChats: no such file or directory
stat /Users/andrewdykema/Library/Containers/com.apple.dt.GitLabSelfHostBuiltInExtension/Data/Library/ColorSync: no such file or directory
stat /Users/andrewdykema/Library/Containers/com.apple.dt.GitLabSelfHostBuiltInExtension/Data/Library/Components: no such file or directory
stat /Users/andrewdykema/Library/Containers/com.apple.dt.GitLabHostBuiltInExtension/Data/Documents/iChats: no such file or directory
stat /Users/andrewdykema/Library/Containers/com.apple.dt.GitLabSelfHostBuiltInExtension/Data/Library/Filters: no such file or directory
stat /Users/andrewdykema/Library/Containers/com.apple.dt.GitLabSelfHostBuiltInExtension/Data/Library/KeyBindings: no such file or directory
stat /Users/andrewdykema/Library/Containers/com.apple.dt.GitLabSelfHostBuiltInExtension/Data/Library/PDF Services: no such file or directory
stat /Users/andrewdykema/Library/Containers/com.apple.dt.GitLabSelfHostBuiltInExtension/Data/Library/QuickLook: no such file or directory
stat /Users/andrewdykema/Library/Containers/com.apple.dt.XCDocumenter.XCDocumenterExtension/Data/Library/ColorSync: no such file or directory
stat /Users/andrewdykema/Library/Containers/com.apple.dt.XCDocumenter.XCDocumenterExtension/Data/Library/Components: no such file or directory
stat /Users/andrewdykema/Library/Containers/com.apple.FaceTime.IntentsExtension/Data/Library/Filters: no such file or directory
stat /Users/andrewdykema/Library/Containers/com.apple.dt.XCDocumenter.XCDocumenterExtension/Data/Library/Filters: no such file or directory
stat /Users/andrewdykema/Library/Containers/com.apple.dt.XCDocumenter.XCDocumenterExtension/Data/Library/KeyBindings: no such file or directory
stat /Users/andrewdykema/Library/Containers/com.apple.dt.XCDocumenter.XCDocumenterExtension/Data/Library/PDF Services: no such file or directory
stat /Users/andrewdykema/Library/Containers/com.apple.FaceTime.IntentsExtension/Data/Library/KeyBindings: no such file or directory
stat /Users/andrewdykema/Library/Containers/com.apple.FaceTime.IntentsExtension/Data/Library/PDF Services: no such file or directory
stat /Users/andrewdykema/Library/Containers/com.apple.FaceTime.IntentsExtension/Data/Library/QuickLook: no such file or directory
stat /Users/andrewdykema/Library/Containers/com.apple.dt.XCDocumenter.XCDocumenterExtension/Data/Library/QuickLook: no such file or directory
stat /Users/andrewdykema/Library/Containers/com.apple.mcx.ProfileHelper/Data/Library/ColorSync: no such file or directory
stat /Users/andrewdykema/Library/Containers/com.apple.mcx.ProfileHelper/Data/Library/Components: no such file or directory
stat /Users/andrewdykema/Library/Containers/com.apple.mcx.ProfileHelper/Data/Library/Filters: no such file or directory
stat /Users/andrewdykema/Library/Containers/com.apple.mcx.ProfileHelper/Data/Library/KeyBindings: no such file or directory
stat /Users/andrewdykema/Library/Containers/com.apple.mcx.ProfileHelper/Data/Library/PDF Services: no such file or directory
stat /Users/andrewdykema/Library/Containers/com.apple.mcx.ProfileHelper/Data/Library/QuickLook: no such file or directory
stat /Users/andrewdykema/Library/Containers/com.apple.Feedback.DraftingExtension/Data/Library/ColorSync: no such file or directory
stat /Users/andrewdykema/Library/Containers/com.apple.speech.SpeechSynthesisServerXPC/Data/Library/ColorSync: no such file or directory
stat /Users/andrewdykema/Library/Containers/com.apple.Feedback.DraftingExtension/Data/Library/Components: no such file or directory
stat /Users/andrewdykema/Library/Containers/com.apple.speech.SpeechSynthesisServerXPC/Data/Library/Components: no such file or directory
stat /Users/andrewdykema/Library/Containers/com.apple.Feedback.DraftingExtension/Data/Library/Filters: no such file or directory
stat /Users/andrewdykema/Library/Containers/com.apple.speech.SpeechSynthesisServerXPC/Data/Library/Filters: no such file or directory
stat /Users/andrewdykema/Library/Containers/com.apple.Feedback.DraftingExtension/Data/Library/KeyBindings: no such file or directory
stat /Users/andrewdykema/Library/Containers/com.apple.podcasts.SpotlightIndexExtension/Data/Library/ColorSync: no such file or directory
stat /Users/andrewdykema/Library/Containers/com.apple.podcasts.SpotlightIndexExtension/Data/Library/Components: no such file or directory
stat /Users/andrewdykema/Library/Containers/com.apple.podcasts.SpotlightIndexExtension/Data/Library/Filters: no such file or directory
stat /Users/andrewdykema/Library/Containers/com.apple.podcasts.SpotlightIndexExtension/Data/Library/KeyBindings: no such file or directory
stat /Users/andrewdykema/Library/Containers/com.apple.podcasts.SpotlightIndexExtension/Data/Library/PDF Services: no such file or directory
stat /Users/andrewdykema/Library/Containers/com.apple.podcasts.SpotlightIndexExtension/Data/Library/QuickLook: no such file or directory
stat /Users/andrewdykema/Library/Containers/com.apple.iBooksX.DiskSpaceEfficiency/Data/Library/ColorSync: no such file or directory
stat /Users/andrewdykema/Library/Containers/com.apple.iBooksX.DiskSpaceEfficiency/Data/Library/Components: no such file or directory
stat /Users/andrewdykema/Library/Containers/com.apple.iBooksX.DiskSpaceEfficiency/Data/Library/Filters: no such file or directory
stat /Users/andrewdykema/Library/Containers/com.apple.iBooksX.DiskSpaceEfficiency/Data/Library/KeyBindings: no such file or directory
stat /Users/andrewdykema/Library/Containers/com.apple.iBooksX.DiskSpaceEfficiency/Data/Library/PDF Services: no such file or directory
stat /Users/andrewdykema/Library/Containers/com.apple.iBooksX.DiskSpaceEfficiency/Data/Library/QuickLook: no such file or directory
stat /Users/andrewdykema/Library/Containers/com.apple.Photos.PhotosSiriExtension/Data/Library/ColorSync: no such file or directory
stat /Users/andrewdykema/Library/Containers/com.apple.Photos.PhotosSiriExtension/Data/Library/Components: no such file or directory
stat /Users/andrewdykema/Library/Containers/com.apple.Photos.PhotosSiriExtension/Data/Library/Filters: no such file or directory
stat /Users/andrewdykema/Library/Containers/com.apple.Photos.PhotosSiriExtension/Data/Library/KeyBindings: no such file or directory
stat /Users/andrewdykema/Library/Containers/com.apple.Photos.PhotosSiriExtension/Data/Library/PDF Services: no such file or directory
stat /Users/andrewdykema/Library/Containers/com.apple.Photos.PhotosSiriExtension/Data/Library/QuickLook: no such file or directory
stat /Users/andrewdykema/Library/Containers/com.apple.dt.BitbucketHostBuiltInExtension/Data/Documents/iChats: no such file or directory
open /Users/andrewdykema/Library/Group Containers/group.com.apple.secure-control-center-preferences: operation not permitted
open /Users/andrewdykema/Library/Messages: operation not permitted
stat /Users/andrewdykema/Library/Containers/com.apple.dt.IDECacheDeleteAppExtension/Data/Library/ColorSync: no such file or directory
stat /Users/andrewdykema/Library/Containers/com.apple.dt.IDECacheDeleteAppExtension/Data/Library/Components: no such file or directory
stat /Users/andrewdykema/Library/Containers/com.apple.dt.IDECacheDeleteAppExtension/Data/Library/Filters: no such file or directory
stat /Users/andrewdykema/Library/Containers/com.apple.dt.IDECacheDeleteAppExtension/Data/Library/KeyBindings: no such file or directory
stat /Users/andrewdykema/Library/Containers/com.apple.dt.IDECacheDeleteAppExtension/Data/Library/PDF Services: no such file or directory
stat /Users/andrewdykema/Library/Containers/com.apple.dt.IDECacheDeleteAppExtension/Data/Library/QuickLook: no such file or directory
open /Users/andrewdykema/Library/Metadata/com.apple.IntelligentSuggestions: operation not permitted
open /Users/andrewdykema/Library/Containers/com.apple.news: operation not permitted
stat /Users/andrewdykema/Library/Containers/com.apple.iCal/Data/Library/ColorSync: no such file or directory
stat /Users/andrewdykema/Library/Containers/com.apple.iCal/Data/Library/Components: no such file or directory
stat /Users/andrewdykema/Library/Containers/com.apple.iCal/Data/Library/Filters: no such file or directory
stat /Users/andrewdykema/Library/Containers/com.apple.iCal/Data/Library/KeyBindings: no such file or directory
stat /Users/andrewdykema/Library/Containers/com.apple.share.System.set-buddy-picture/Data/Documents/iChats: no such file or directory
stat /Users/andrewdykema/Library/Containers/com.apple.iBooks.engagementExtension/Data/Library/ColorSync: no such file or directory
stat /Users/andrewdykema/Library/Containers/com.apple.iBooks.engagementExtension/Data/Library/Components: no such file or directory
stat /Users/andrewdykema/Library/Containers/com.apple.iBooks.engagementExtension/Data/Library/Filters: no such file or directory
stat /Users/andrewdykema/Library/Containers/com.apple.iBooks.engagementExtension/Data/Library/KeyBindings: no such file or directory
stat /Users/andrewdykema/Library/Containers/com.apple.iBooks.engagementExtension/Data/Library/PDF Services: no such file or directory
stat /Users/andrewdykema/Library/Containers/com.apple.iBooks.engagementExtension/Data/Library/QuickLook: no such file or directory
stat /Users/andrewdykema/Library/Containers/com.apple.news.articlenotificationextension/Data/Library/ColorSync: no such file or directory
stat /Users/andrewdykema/Library/Containers/com.apple.news.articlenotificationextension/Data/Library/Components: no such file or directory
open /Users/andrewdykema/Library/Group Containers/group.com.apple.notes: operation not permitted
stat /Users/andrewdykema/Library/Containers/com.apple.news.articlenotificationextension/Data/Library/Filters: no such file or directory
stat /Users/andrewdykema/Library/Containers/com.apple.news.articlenotificationextension/Data/Library/KeyBindings: no such file or directory
stat /Users/andrewdykema/Library/Containers/com.apple.news.articlenotificationextension/Data/Library/PDF Services: no such file or directory
stat /Users/andrewdykema/Library/Containers/com.apple.news.articlenotificationextension/Data/Library/QuickLook: no such file or directory
stat /Users/andrewdykema/Library/Containers/com.apple.diagnosticextensions.osx.filevault/Data/Library/ColorSync: no such file or directory
stat /Users/andrewdykema/Library/Containers/com.apple.diagnosticextensions.osx.filevault/Data/Library/Components: no such file or directory
stat /Users/andrewdykema/Library/Containers/com.apple.diagnosticextensions.osx.filevault/Data/Library/Filters: no such file or directory
stat /Users/andrewdykema/Library/Containers/com.apple.diagnosticextensions.osx.filevault/Data/Library/KeyBindings: no such file or directory
stat /Users/andrewdykema/Library/Containers/com.apple.diagnosticextensions.osx.filevault/Data/Library/PDF Services: no such file or directory
stat /Users/andrewdykema/Library/Containers/com.apple.diagnosticextensions.osx.filevault/Data/Library/QuickLook: no such file or directory
stat /Users/andrewdykema/Library/Containers/com.apple.PressAndHold/Data/Library/ColorSync: no such file or directory
stat /Users/andrewdykema/Library/Containers/com.apple.PressAndHold/Data/Library/Components: no such file or directory
stat /Users/andrewdykema/Library/Containers/com.apple.PressAndHold/Data/Library/Filters: no such file or directory
stat /Users/andrewdykema/Library/Containers/com.apple.PhotoLibraryServices.PhotosDiagnostics/Data/Library/PDF Services: no such file or directory
stat /Users/andrewdykema/Library/Containers/com.apple.QuickLookThumbnailing.extension.ThumbnailExtension-macOS/Data/Library/ColorSync: no such file or directory
stat /Users/andrewdykema/Library/Containers/com.apple.QuickLookThumbnailing.extension.ThumbnailExtension-macOS/Data/Library/Components: no such file or directory
stat /Users/andrewdykema/Library/Containers/com.apple.iBooks.iBooksSpotlightExtension/Data/Library/ColorSync: no such file or directory
stat /Users/andrewdykema/Library/Containers/com.apple.Pass-Viewer/Data/Library/ColorSync: no such file or directory
stat /Users/andrewdykema/Library/Containers/com.apple.iBooks.iBooksSpotlightExtension/Data/Library/Components: no such file or directory
stat /Users/andrewdykema/Library/Containers/com.apple.Pass-Viewer/Data/Library/Components: no such file or directory
stat /Users/andrewdykema/Library/Containers/com.apple.Pass-Viewer/Data/Library/Filters: no such file or directory
stat /Users/andrewdykema/Library/Containers/com.apple.Pass-Viewer/Data/Library/KeyBindings: no such file or directory
stat /Users/andrewdykema/Library/Containers/com.apple.Pass-Viewer/Data/Library/PDF Services: no such file or directory
stat /Users/andrewdykema/Library/Containers/com.apple.Pass-Viewer/Data/Library/QuickLook: no such file or directory
stat /Users/andrewdykema/Library/Containers/com.apple.ncplugin.weather/Data/Documents/iChats: no such file or directory
stat /Users/andrewdykema/Library/Containers/com.apple.speech.SpeechSynthesisServerXPC/Data/Library/KeyBindings: no such file or directory
stat /Users/andrewdykema/Library/Containers/com.apple.speech.SpeechSynthesisServerXPC/Data/Library/PDF Services: no such file or directory
stat /Users/andrewdykema/Library/Containers/com.apple.FontBook/Data/Library/ColorSync: no such file or directory
stat /Users/andrewdykema/Library/Containers/com.apple.speech.SpeechSynthesisServerXPC/Data/Library/QuickLook: no such file or directory
stat /Users/andrewdykema/Library/Containers/com.apple.FontBook/Data/Library/Components: no such file or directory
stat /Users/andrewdykema/Library/Containers/com.apple.FontBook/Data/Library/Filters: no such file or directory
stat /Users/andrewdykema/Library/Containers/com.apple.FontBook/Data/Library/KeyBindings: no such file or directory
stat /Users/andrewdykema/Library/Containers/com.apple.FontBook/Data/Library/PDF Services: no such file or directory
stat /Users/andrewdykema/Library/Containers/com.apple.FontBook/Data/Library/QuickLook: no such file or directory
stat /Users/andrewdykema/Library/Containers/com.apple.ncplugin.calculator/Data/Documents/iChats: no such file or directory
stat /Users/andrewdykema/Library/Containers/com.apple.iMovieApp/Data/Documents/iChats: no such file or directory
stat /Users/andrewdykema/Library/Containers/com.apple.PhotoThemeService/Data/Library/ColorSync: no such file or directory
stat /Users/andrewdykema/Library/Containers/com.apple.PhotoThemeService/Data/Library/Components: no such file or directory
stat /Users/andrewdykema/Library/Containers/com.apple.PhotoThemeService/Data/Library/Filters: no such file or directory
stat /Users/andrewdykema/Library/Containers/com.apple.ContactsUI.ContactsViewService/Data/Library/ColorSync: no such file or directory
stat /Users/andrewdykema/Library/Containers/com.apple.ContactsUI.ContactsViewService/Data/Library/Components: no such file or directory
stat /Users/andrewdykema/Library/Containers/com.apple.ContactsUI.ContactsViewService/Data/Library/Filters: no such file or directory
stat /Users/andrewdykema/Library/Containers/com.apple.ContactsUI.ContactsViewService/Data/Library/KeyBindings: no such file or directory
stat /Users/andrewdykema/Library/Containers/com.apple.ContactsUI.ContactsViewService/Data/Library/PDF Services: no such file or directory
stat /Users/andrewdykema/Library/Containers/com.apple.ContactsUI.ContactsViewService/Data/Library/QuickLook: no such file or directory
stat /Users/andrewdykema/Library/Containers/com.apple.Photos.Migration.Reader/Data/Library/QuickLook: no such file or directory
stat /Users/andrewdykema/Library/Containers/com.apple.Photos/Data/Library/ColorSync: no such file or directory
stat /Users/andrewdykema/Library/Containers/com.apple.Photos/Data/Library/Components: no such file or directory
stat /Users/andrewdykema/Library/Containers/com.apple.Photos/Data/Library/Filters: no such file or directory
stat /Users/andrewdykema/Library/Containers/com.apple.Photos/Data/Library/KeyBindings: no such file or directory
stat /Users/andrewdykema/Library/Containers/com.apple.Photos/Data/Library/PDF Services: no such file or directory
stat /Users/andrewdykema/Library/Containers/com.apple.Photos/Data/Library/QuickLook: no such file or directory
stat /Users/andrewdykema/Library/Containers/com.apple.PaperKit.Extension/Data/Library/ColorSync: no such file or directory
stat /Users/andrewdykema/Library/Containers/com.apple.PaperKit.Extension/Data/Library/Components: no such file or directory
stat /Users/andrewdykema/Library/Containers/com.apple.PaperKit.Extension/Data/Library/Filters: no such file or directory
stat /Users/andrewdykema/Library/Containers/com.apple.PaperKit.Extension/Data/Library/KeyBindings: no such file or directory
stat /Users/andrewdykema/Library/Containers/com.apple.PaperKit.Extension/Data/Library/PDF Services: no such file or directory
stat /Users/andrewdykema/Library/Containers/com.apple.PaperKit.Extension/Data/Library/QuickLook: no such file or directory
stat /Users/andrewdykema/Library/Containers/com.apple.RemoteManagement.AccountExtension/Data/Library/ColorSync: no such file or directory
stat /Users/andrewdykema/Library/Containers/com.apple.RemoteManagement.AccountExtension/Data/Library/Components: no such file or directory
stat /Users/andrewdykema/Library/Containers/com.apple.RemoteManagement.AccountExtension/Data/Library/Filters: no such file or directory
stat /Users/andrewdykema/Library/Containers/com.apple.RemoteManagement.AccountExtension/Data/Library/KeyBindings: no such file or directory
stat /Users/andrewdykema/Library/Containers/com.apple.RemoteManagement.AccountExtension/Data/Library/PDF Services: no such file or directory
stat /Users/andrewdykema/Library/Containers/com.apple.RemoteManagement.AccountExtension/Data/Library/QuickLook: no such file or directory
stat /Users/andrewdykema/Library/Containers/com.apple.InternalFiltersXPC/Data/Library/ColorSync: no such file or directory
stat /Users/andrewdykema/Library/Containers/com.apple.InternalFiltersXPC/Data/Library/Components: no such file or directory
stat /Users/andrewdykema/Library/Containers/com.apple.InternalFiltersXPC/Data/Library/Filters: no such file or directory
stat /Users/andrewdykema/Library/Containers/com.apple.InternalFiltersXPC/Data/Library/KeyBindings: no such file or directory
stat /Users/andrewdykema/Library/Containers/com.apple.InternalFiltersXPC/Data/Library/PDF Services: no such file or directory
stat /Users/andrewdykema/Library/Containers/com.apple.InternalFiltersXPC/Data/Library/QuickLook: no such file or directory
stat /Users/andrewdykema/Library/Containers/com.apple.CoreCDPUI.CDPFollowUpExtension/Data/Library/ColorSync: no such file or directory
stat /Users/andrewdykema/Library/Containers/com.apple.CoreCDPUI.CDPFollowUpExtension/Data/Library/Components: no such file or directory
stat /Users/andrewdykema/Library/Containers/com.apple.CoreCDPUI.CDPFollowUpExtension/Data/Library/Filters: no such file or directory
stat /Users/andrewdykema/Library/Containers/com.apple.ContactsUI.ContactViewViewService/Data/Library/ColorSync: no such file or directory
stat /Users/andrewdykema/Library/Containers/com.apple.ContactsUI.ContactViewViewService/Data/Library/Components: no such file or directory
stat /Users/andrewdykema/Library/Containers/com.apple.CoreCDPUI.CDPFollowUpExtension/Data/Library/KeyBindings: no such file or directory
stat /Users/andrewdykema/Library/Containers/com.apple.ContactsUI.ContactViewViewService/Data/Library/Filters: no such file or directory
stat /Users/andrewdykema/Library/Containers/com.apple.CoreCDPUI.CDPFollowUpExtension/Data/Library/PDF Services: no such file or directory
stat /Users/andrewdykema/Library/Containers/com.apple.CoreCDPUI.CDPFollowUpExtension/Data/Library/QuickLook: no such file or directory
stat /Users/andrewdykema/Library/Containers/com.apple.ContactsUI.ContactViewViewService/Data/Library/KeyBindings: no such file or directory
stat /Users/andrewdykema/Library/Containers/com.apple.ContactsUI.ContactViewViewService/Data/Library/PDF Services: no such file or directory
stat /Users/andrewdykema/Library/Containers/com.apple.ContactsUI.ContactViewViewService/Data/Library/QuickLook: no such file or directory
stat /Users/andrewdykema/Library/Containers/com.apple.findmy.FindMyNotificationsServiceExtension/Data/Library/ColorSync: no such file or directory
stat /Users/andrewdykema/Library/Containers/com.apple.findmy.FindMyNotificationsServiceExtension/Data/Library/Components: no such file or directory
stat /Users/andrewdykema/Library/Containers/com.apple.findmy.FindMyNotificationsServiceExtension/Data/Library/Filters: no such file or directory
stat /Users/andrewdykema/Library/Containers/com.apple.photoanalysisd/Data/Library/ColorSync: no such file or directory
stat /Users/andrewdykema/Library/Containers/com.apple.photoanalysisd/Data/Library/Components: no such file or directory
stat /Users/andrewdykema/Library/Containers/com.apple.findmy.FindMyNotificationsServiceExtension/Data/Library/KeyBindings: no such file or directory
stat /Users/andrewdykema/Library/Containers/com.apple.findmy.FindMyNotificationsServiceExtension/Data/Library/PDF Services: no such file or directory
stat /Users/andrewdykema/Library/Containers/com.apple.findmy.FindMyNotificationsServiceExtension/Data/Library/QuickLook: no such file or directory
stat /Users/andrewdykema/Library/Containers/com.apple.photoanalysisd/Data/Library/Filters: no such file or directory
stat /Users/andrewdykema/Library/Containers/com.apple.photoanalysisd/Data/Library/KeyBindings: no such file or directory
stat /Users/andrewdykema/Library/Containers/com.apple.photoanalysisd/Data/Library/PDF Services: no such file or directory
stat /Users/andrewdykema/Library/Containers/com.apple.photoanalysisd/Data/Library/QuickLook: no such file or directory
stat /Users/andrewdykema/Library/Containers/com.apple.Notes.datastore/Data/Library/ColorSync: no such file or directory
stat /Users/andrewdykema/Library/Containers/com.apple.Notes.datastore/Data/Library/Components: no such file or directory
stat /Users/andrewdykema/Library/Containers/com.apple.Notes.datastore/Data/Library/Filters: no such file or directory
stat /Users/andrewdykema/Library/Containers/com.apple.Notes.datastore/Data/Library/KeyBindings: no such file or directory
stat /Users/andrewdykema/Library/Containers/com.apple.Notes.datastore/Data/Library/PDF Services: no such file or directory
stat /Users/andrewdykema/Library/Containers/com.apple.Notes.datastore/Data/Library/QuickLook: no such file or directory
stat /Users/andrewdykema/Library/Containers/com.apple.mediastream.mstreamd/Data/Library/ColorSync: no such file or directory
stat /Users/andrewdykema/Library/Containers/com.apple.mediastream.mstreamd/Data/Library/Components: no such file or directory
stat /Users/andrewdykema/Library/Containers/com.apple.mediastream.mstreamd/Data/Library/Filters: no such file or directory
stat /Users/andrewdykema/Library/Containers/com.apple.mediastream.mstreamd/Data/Library/KeyBindings: no such file or directory
stat /Users/andrewdykema/Library/Containers/com.apple.podcasts.MacQuicklookExtension/Data/Library/ColorSync: no such file or directory
stat /Users/andrewdykema/Library/Containers/com.apple.podcasts.MacQuicklookExtension/Data/Library/Components: no such file or directory
stat /Users/andrewdykema/Library/Containers/com.apple.podcasts.MacQuicklookExtension/Data/Library/Filters: no such file or directory
stat /Users/andrewdykema/Library/Containers/com.apple.podcasts.MacQuicklookExtension/Data/Library/KeyBindings: no such file or directory
stat /Users/andrewdykema/Library/Containers/com.apple.podcasts.MacQuicklookExtension/Data/Library/PDF Services: no such file or directory
stat /Users/andrewdykema/Library/Containers/com.apple.podcasts.MacQuicklookExtension/Data/Library/QuickLook: no such file or directory
stat /Users/andrewdykema/Library/Containers/com.apple.photos.VideoConversionService/Data/Library/ColorSync: no such file or directory
stat /Users/andrewdykema/Library/Containers/com.apple.photos.VideoConversionService/Data/Library/Components: no such file or directory
stat /Users/andrewdykema/Library/Containers/com.apple.photos.VideoConversionService/Data/Library/Filters: no such file or directory
stat /Users/andrewdykema/Library/Containers/com.apple.photos.VideoConversionService/Data/Library/KeyBindings: no such file or directory
stat /Users/andrewdykema/Library/Containers/com.apple.photos.VideoConversionService/Data/Library/PDF Services: no such file or directory
stat /Users/andrewdykema/Library/Containers/com.apple.photos.VideoConversionService/Data/Library/QuickLook: no such file or directory
stat /Users/andrewdykema/Library/Containers/com.apple.photomodel/Data/Documents/iChats: no such file or directory
stat /Users/andrewdykema/Library/Containers/com.apple.accessibility.mediaaccessibilityd/Data/Documents/iChats: no such file or directory
stat /Users/andrewdykema/Library/Containers/com.apple.notificationcenterui.WeatherSummary/Data/Documents/iChats: no such file or directory
stat /Users/andrewdykema/Library/Containers/com.apple.inputmethod.Kotoeri.RomajiTyping/Data/Library/ColorSync: no such file or directory
stat /Users/andrewdykema/Library/Containers/com.apple.inputmethod.Kotoeri.RomajiTyping/Data/Library/Components: no such file or directory
stat /Users/andrewdykema/Library/Containers/com.apple.inputmethod.Kotoeri.RomajiTyping/Data/Library/Filters: no such file or directory
stat /Users/andrewdykema/Library/Containers/com.apple.inputmethod.Kotoeri.RomajiTyping/Data/Library/KeyBindings: no such file or directory
stat /Users/andrewdykema/Library/Containers/com.apple.inputmethod.Kotoeri.RomajiTyping/Data/Library/PDF Services: no such file or directory
stat /Users/andrewdykema/Library/Containers/com.apple.inputmethod.Kotoeri.RomajiTyping/Data/Library/QuickLook: no such file or directory
stat /Users/andrewdykema/Library/Containers/com.apple.ibooks.BookLibraryCore.BooksAskPermissionExtension/Data/Library/ColorSync: no such file or directory
stat /Users/andrewdykema/Library/Containers/com.apple.ibooks.BookLibraryCore.BooksAskPermissionExtension/Data/Library/Components: no such file or directory
stat /Users/andrewdykema/Library/Containers/com.apple.inputmethod.SCIM/Data/Library/ColorSync: no such file or directory
stat /Users/andrewdykema/Library/Containers/com.apple.inputmethod.SCIM/Data/Library/Components: no such file or directory
stat /Users/andrewdykema/Library/Containers/com.apple.inputmethod.SCIM/Data/Library/Filters: no such file or directory
stat /Users/andrewdykema/Library/Containers/com.apple.inputmethod.SCIM/Data/Library/KeyBindings: no such file or directory
stat /Users/andrewdykema/Library/Containers/com.apple.inputmethod.SCIM/Data/Library/PDF Services: no such file or directory
stat /Users/andrewdykema/Library/Containers/com.apple.inputmethod.SCIM/Data/Library/QuickLook: no such file or directory
stat /Users/andrewdykema/Library/Containers/com.apple.inputmethod.TCIM/Data/Library/ColorSync: no such file or directory
stat /Users/andrewdykema/Library/Containers/com.apple.inputmethod.TCIM/Data/Library/Components: no such file or directory
stat /Users/andrewdykema/Library/Containers/com.apple.inputmethod.TCIM/Data/Library/Filters: no such file or directory
stat /Users/andrewdykema/Library/Containers/com.apple.inputmethod.TCIM/Data/Library/KeyBindings: no such file or directory
stat /Users/andrewdykema/Library/Containers/com.apple.inputmethod.TCIM/Data/Library/PDF Services: no such file or directory
stat /Users/andrewdykema/Library/Containers/com.apple.inputmethod.TCIM/Data/Library/QuickLook: no such file or directory
stat /Users/andrewdykema/Library/Containers/com.apple.ibooks.BookLibraryCore.BooksAskPermissionExtension/Data/Library/Filters: no such file or directory
stat /Users/andrewdykema/Library/Containers/com.apple.NetworkExtension.IKEv2Provider/Data/Library/ColorSync: no such file or directory
stat /Users/andrewdykema/Library/Containers/com.apple.ibooks.BookLibraryCore.BooksAskPermissionExtension/Data/Library/KeyBindings: no such file or directory
stat /Users/andrewdykema/Library/Containers/com.apple.iphonesimulator.ShareExtension/Data/Library/ColorSync: no such file or directory
stat /Users/andrewdykema/Library/Containers/com.apple.iphonesimulator.ShareExtension/Data/Library/Components: no such file or directory
stat /Users/andrewdykema/Library/Containers/com.apple.iphonesimulator.ShareExtension/Data/Library/Filters: no such file or directory
stat /Users/andrewdykema/Library/Containers/com.apple.iphonesimulator.ShareExtension/Data/Library/KeyBindings: no such file or directory
stat /Users/andrewdykema/Library/Containers/com.apple.iphonesimulator.ShareExtension/Data/Library/PDF Services: no such file or directory
stat /Users/andrewdykema/Library/Containers/com.apple.iphonesimulator.ShareExtension/Data/Library/QuickLook: no such file or directory
stat /Users/andrewdykema/Library/Containers/com.apple.ibooks.BookLibraryCore.BooksAskPermissionExtension/Data/Library/PDF Services: no such file or directory
stat /Users/andrewdykema/Library/Containers/com.apple.ibooks.BookLibraryCore.BooksAskPermissionExtension/Data/Library/QuickLook: no such file or directory
stat /System/Library/PrivateFrameworks/LibraryRepair.framework/XPCServices/XPCServices: no such file or directory
stat /Users/andrewdykema/Library/Containers/com.apple.BluetoothSetupAssistant/Data/Library/ColorSync: no such file or directory
stat /Users/andrewdykema/Library/Containers/com.apple.BluetoothSetupAssistant/Data/Library/Components: no such file or directory
stat /Users/andrewdykema/Library/Containers/com.apple.LinkedNotesUIService/Data/Library/ColorSync: no such file or directory
stat /Users/andrewdykema/Library/Containers/com.apple.LinkedNotesUIService/Data/Library/Components: no such file or directory
stat /Users/andrewdykema/Library/Containers/com.apple.BluetoothSetupAssistant/Data/Library/Filters: no such file or directory
stat /Users/andrewdykema/Library/Containers/com.apple.LinkedNotesUIService/Data/Library/Filters: no such file or directory
stat /Users/andrewdykema/Library/Containers/com.apple.BluetoothSetupAssistant/Data/Library/KeyBindings: no such file or directory
stat /Users/andrewdykema/Library/Containers/com.apple.LinkedNotesUIService/Data/Library/KeyBindings: no such file or directory
stat /Users/andrewdykema/Library/Containers/com.apple.BluetoothSetupAssistant/Data/Library/PDF Services: no such file or directory
stat /Users/andrewdykema/Library/Containers/com.apple.BluetoothSetupAssistant/Data/Library/QuickLook: no such file or directory
stat /Users/andrewdykema/Library/Containers/com.apple.LinkedNotesUIService/Data/Library/PDF Services: no such file or directory
stat /Users/andrewdykema/Library/Containers/com.apple.LinkedNotesUIService/Data/Library/QuickLook: no such file or directory
stat /Users/andrewdykema/Library/Containers/com.apple.ScreenSaver.iLife-Slideshow-Extension/Data/Library/ColorSync: no such file or directory
stat /Users/andrewdykema/Library/Containers/com.apple.ScreenSaver.iLife-Slideshow-Extension/Data/Library/Components: no such file or directory
stat /Users/andrewdykema/Library/Containers/com.apple.SocialPushAgent/Data/Documents/iChats: no such file or directory
stat /Users/andrewdykema/Library/Containers/com.apple.ScreenSaver.iLife-Slideshow-Extension/Data/Library/Filters: no such file or directory
stat /Users/andrewdykema/Library/Containers/com.apple.ScreenSaver.iLife-Slideshow-Extension/Data/Library/KeyBindings: no such file or directory
stat /Users/andrewdykema/Library/Containers/com.apple.ScreenSaver.iLife-Slideshow-Extension/Data/Library/PDF Services: no such file or directory
stat /Users/andrewdykema/Library/Containers/com.apple.ScreenSaver.iLife-Slideshow-Extension/Data/Library/QuickLook: no such file or directory
stat /Users/andrewdykema/Library/Containers/com.apple.ScreenTimeViewService/Data/Library/ColorSync: no such file or directory
stat /Users/andrewdykema/Library/Containers/com.apple.ScreenTimeViewService/Data/Library/Components: no such file or directory
stat /Users/andrewdykema/Library/Containers/com.apple.ScreenTimeViewService/Data/Library/Filters: no such file or directory
stat /Users/andrewdykema/Library/Containers/com.apple.ScreenTimeViewService/Data/Library/KeyBindings: no such file or directory
stat /Users/andrewdykema/Library/Containers/com.apple.ScreenTimeViewService/Data/Library/PDF Services: no such file or directory
stat /Users/andrewdykema/Library/Containers/com.apple.ScreenTimeViewService/Data/Library/QuickLook: no such file or directory
stat /Users/andrewdykema/Library/Containers/com.apple.Music.MusicCacheExtension/Data/Library/ColorSync: no such file or directory
stat /Users/andrewdykema/Library/Containers/com.apple.Music.MusicCacheExtension/Data/Library/Components: no such file or directory
stat /Users/andrewdykema/Library/Containers/com.apple.Music.MusicCacheExtension/Data/Library/Filters: no such file or directory
stat /Users/andrewdykema/Library/Containers/com.apple.RemoteManagement.LegacyProfilesExtension/Data/Library/ColorSync: no such file or directory
stat /Users/andrewdykema/Library/Containers/com.apple.RemoteManagement.LegacyProfilesExtension/Data/Library/Components: no such file or directory
stat /Users/andrewdykema/Library/Containers/com.apple.RemoteManagement.LegacyProfilesExtension/Data/Library/Filters: no such file or directory
stat /Users/andrewdykema/Library/Containers/com.apple.garageband10/Data/Library/ColorSync: no such file or directory
stat /Users/andrewdykema/Library/Containers/com.apple.garageband10/Data/Library/Components: no such file or directory
stat /Users/andrewdykema/Library/Containers/com.apple.garageband10/Data/Library/Filters: no such file or directory
stat /Users/andrewdykema/Library/Containers/com.apple.garageband10/Data/Library/KeyBindings: no such file or directory
stat /Users/andrewdykema/Library/Containers/com.apple.garageband10/Data/Library/PDF Services: no such file or directory
stat /Users/andrewdykema/Library/Containers/com.apple.garageband10/Data/Library/QuickLook: no such file or directory
stat /Users/andrewdykema/Library/Containers/com.apple.iCal/Data/Library/PDF Services: no such file or directory
stat /Users/andrewdykema/Library/Containers/com.apple.iCal/Data/Library/QuickLook: no such file or directory
stat /Users/andrewdykema/Library/Containers/com.apple.OBEXAgent/Data/Library/ColorSync: no such file or directory
stat /Users/andrewdykema/Library/Containers/com.apple.OBEXAgent/Data/Library/Components: no such file or directory
stat /Users/andrewdykema/Library/Containers/com.apple.OBEXAgent/Data/Library/Filters: no such file or directory
stat /System/Library/PrivateFrameworks/KeyboardServices.framework/KeyboardServices: no such file or directory
stat /Users/andrewdykema/Library/Containers/com.apple.OBEXAgent/Data/Library/KeyBindings: no such file or directory
stat /Users/andrewdykema/Library/Containers/com.apple.OBEXAgent/Data/Library/PDF Services: no such file or directory
stat /Users/andrewdykema/Library/Containers/com.apple.OBEXAgent/Data/Library/QuickLook: no such file or directory
stat /Users/andrewdykema/Library/Containers/com.apple.findmy/Data/Library/ColorSync: no such file or directory
stat /Users/andrewdykema/Library/Containers/com.apple.findmy/Data/Library/Components: no such file or directory
stat /Users/andrewdykema/Library/Containers/com.apple.findmy/Data/Library/Filters: no such file or directory
stat /Users/andrewdykema/Library/Containers/com.apple.findmy/Data/Library/KeyBindings: no such file or directory
stat /Users/andrewdykema/Library/Containers/com.apple.findmy/Data/Library/PDF Services: no such file or directory
stat /Users/andrewdykema/Library/Containers/com.apple.findmy/Data/Library/QuickLook: no such file or directory
stat /Users/andrewdykema/Library/Containers/com.apple.mobiletimer.WorldClockWidget/Data/Library/ColorSync: no such file or directory
stat /Users/andrewdykema/Library/Containers/com.apple.mobiletimer.WorldClockWidget/Data/Library/Components: no such file or directory
stat /Users/andrewdykema/Library/Containers/com.apple.mobiletimer.WorldClockWidget/Data/Library/Filters: no such file or directory
stat /Users/andrewdykema/Library/Containers/com.apple.mobiletimer.WorldClockWidget/Data/Library/KeyBindings: no such file or directory
stat /Users/andrewdykema/Library/Containers/com.apple.DiagnosticExtensions.sysdiagnose/Data/Library/ColorSync: no such file or directory
stat /Users/andrewdykema/Library/Containers/com.apple.DiagnosticExtensions.sysdiagnose/Data/Library/Components: no such file or directory
stat /Users/andrewdykema/Library/Containers/com.apple.DiagnosticExtensions.sysdiagnose/Data/Library/Filters: no such file or directory
stat /Users/andrewdykema/Library/Containers/com.apple.PressAndHold/Data/Library/KeyBindings: no such file or directory
stat /Users/andrewdykema/Library/Containers/com.apple.PressAndHold/Data/Library/PDF Services: no such file or directory
stat /Users/andrewdykema/Library/Containers/com.apple.PressAndHold/Data/Library/QuickLook: no such file or directory
stat /Users/andrewdykema/Library/Containers/com.apple.Stickies/Data/Library/ColorSync: no such file or directory
stat /Users/andrewdykema/Library/Containers/com.apple.Music.MPMusicPlayerApplicationControllerInternal/Data/Library/ColorSync: no such file or directory
stat /Users/andrewdykema/Library/Containers/com.apple.Music.MPMusicPlayerApplicationControllerInternal/Data/Library/Components: no such file or directory
stat /Users/andrewdykema/Library/Containers/com.apple.Music.MPMusicPlayerApplicationControllerInternal/Data/Library/Filters: no such file or directory
stat /Users/andrewdykema/Library/Containers/com.apple.Music.MPMusicPlayerApplicationControllerInternal/Data/Library/KeyBindings: no such file or directory
stat /Users/andrewdykema/Library/Containers/com.apple.Music.MPMusicPlayerApplicationControllerInternal/Data/Library/PDF Services: no such file or directory
stat /Users/andrewdykema/Library/Containers/com.apple.Music.MPMusicPlayerApplicationControllerInternal/Data/Library/QuickLook: no such file or directory
stat /System/Library/PrivateFrameworks/LibraryRepair.framework/Versions/Current/XPCServices/XPCServices: no such file or directory
stat /Users/andrewdykema/Library/Containers/com.apple.ScreenSaver.Engine/Data/Library/ColorSync: no such file or directory
stat /Users/andrewdykema/Library/Containers/com.apple.ScreenSaver.Engine/Data/Library/Components: no such file or directory
stat /Users/andrewdykema/Library/Containers/com.apple.ScreenSaver.Engine/Data/Library/Filters: no such file or directory
stat /Users/andrewdykema/Library/Containers/com.apple.ScreenSaver.Engine/Data/Library/KeyBindings: no such file or directory
stat /Users/andrewdykema/Library/Containers/com.apple.ScreenSaver.Engine/Data/Library/PDF Services: no such file or directory
stat /Users/andrewdykema/Library/Containers/com.apple.ScreenSaver.Engine/Data/Library/QuickLook: no such file or directory
stat /Users/andrewdykema/Library/Containers/com.apple.ncplugin.weather/Data/Library/ColorSync: no such file or directory
stat /Users/andrewdykema/Library/Containers/com.apple.ncplugin.weather/Data/Library/Components: no such file or directory
stat /Users/andrewdykema/Library/Containers/com.apple.ncplugin.weather/Data/Library/Filters: no such file or directory
stat /Users/andrewdykema/Library/Containers/com.apple.ncplugin.weather/Data/Library/KeyBindings: no such file or directory
stat /Users/andrewdykema/Library/Containers/com.apple.ncplugin.weather/Data/Library/PDF Services: no such file or directory
stat /Users/andrewdykema/Library/Containers/com.apple.ncplugin.weather/Data/Library/QuickLook: no such file or directory
stat /Users/andrewdykema/Library/Containers/com.apple.NetworkExtension.IKEv2Provider/Data/Library/Components: no such file or directory
stat /Users/andrewdykema/Library/Containers/com.apple.NetworkExtension.IKEv2Provider/Data/Library/Filters: no such file or directory
stat /Users/andrewdykema/Library/Containers/com.apple.NetworkExtension.IKEv2Provider/Data/Library/KeyBindings: no such file or directory
stat /Users/andrewdykema/Library/Containers/com.apple.NetworkExtension.IKEv2Provider/Data/Library/PDF Services: no such file or directory
stat /Users/andrewdykema/Library/Containers/com.apple.NetworkExtension.IKEv2Provider/Data/Library/QuickLook: no such file or directory
stat /Users/andrewdykema/Library/Containers/com.apple.internal.DataDetectorsRemoteScanner/Data/Library/ColorSync: no such file or directory
stat /Users/andrewdykema/Library/Containers/com.apple.internal.DataDetectorsRemoteScanner/Data/Library/Components: no such file or directory
stat /Users/andrewdykema/Library/Containers/com.apple.internal.DataDetectorsRemoteScanner/Data/Library/Filters: no such file or directory
stat /Users/andrewdykema/Library/Containers/com.apple.internal.DataDetectorsRemoteScanner/Data/Library/KeyBindings: no such file or directory
stat /Users/andrewdykema/Library/Containers/com.apple.internal.DataDetectorsRemoteScanner/Data/Library/PDF Services: no such file or directory
stat /Users/andrewdykema/Library/Containers/com.apple.internal.DataDetectorsRemoteScanner/Data/Library/QuickLook: no such file or directory
stat /System/Library/PrivateFrameworks/LibraryRepair.framework/Versions/A/XPCServices/XPCServices: no such file or directory
stat /Users/andrewdykema/Library/Containers/com.apple.gamecenter.GameCenterUIService.GameCenterMessageExtension/Data/Library/ColorSync: no such file or directory
stat /Users/andrewdykema/Library/Containers/com.apple.gamecenter.GameCenterUIService.GameCenterMessageExtension/Data/Library/Components: no such file or directory
stat /Users/andrewdykema/Library/Containers/com.apple.iCal.FaceTimeExtension/Data/Library/ColorSync: no such file or directory
stat /Users/andrewdykema/Library/Containers/com.apple.iCal.FaceTimeExtension/Data/Library/Components: no such file or directory
stat /Users/andrewdykema/Library/Containers/com.apple.iCal.FaceTimeExtension/Data/Library/Filters: no such file or directory
stat /Users/andrewdykema/Library/Containers/com.apple.iCal.FaceTimeExtension/Data/Library/KeyBindings: no such file or directory
stat /Users/andrewdykema/Library/Containers/com.apple.photomodel/Data/Library/ColorSync: no such file or directory
stat /Users/andrewdykema/Library/Containers/com.apple.photomodel/Data/Library/Components: no such file or directory
stat /Users/andrewdykema/Library/Containers/com.apple.BluetoothFileExchange/Data/Library/ColorSync: no such file or directory
stat /Users/andrewdykema/Library/Containers/com.apple.BluetoothFileExchange/Data/Library/Components: no such file or directory
stat /Users/andrewdykema/Library/Containers/com.apple.photomodel/Data/Library/Filters: no such file or directory
stat /Users/andrewdykema/Library/Containers/com.apple.StickiesMigration/Data/Library/ColorSync: no such file or directory
stat /Users/andrewdykema/Library/Containers/com.apple.StickiesMigration/Data/Library/Components: no such file or directory
stat /Users/andrewdykema/Library/Containers/com.apple.StickiesMigration/Data/Library/Filters: no such file or directory
stat /Users/andrewdykema/Library/Containers/com.apple.StickiesMigration/Data/Library/KeyBindings: no such file or directory
stat /Users/andrewdykema/Library/Containers/com.apple.StickiesMigration/Data/Library/PDF Services: no such file or directory
stat /Users/andrewdykema/Library/Containers/com.apple.StickiesMigration/Data/Library/QuickLook: no such file or directory
stat /Users/andrewdykema/Library/Containers/com.apple.ncplugin.WorldClock/Data/Library/ColorSync: no such file or directory
stat /Users/andrewdykema/Library/Containers/com.apple.ncplugin.WorldClock/Data/Library/Components: no such file or directory
stat /Users/andrewdykema/Library/Containers/com.apple.ncplugin.WorldClock/Data/Library/Filters: no such file or directory
stat /Users/andrewdykema/Library/Containers/com.apple.ncplugin.WorldClock/Data/Library/KeyBindings: no such file or directory
stat /Users/andrewdykema/Library/Containers/com.apple.ncplugin.WorldClock/Data/Library/PDF Services: no such file or directory
stat /Users/andrewdykema/Library/Containers/com.apple.ncplugin.WorldClock/Data/Library/QuickLook: no such file or directory
open /Users/andrewdykema/Library/Containers/com.apple.mail: operation not permitted
stat /Users/andrewdykema/Library/Containers/com.apple.Music.MusicCacheExtension/Data/Library/KeyBindings: no such file or directory
stat /Users/andrewdykema/Library/Containers/com.apple.Music.MusicCacheExtension/Data/Library/PDF Services: no such file or directory
stat /Users/andrewdykema/Library/Containers/com.apple.Music.MusicCacheExtension/Data/Library/QuickLook: no such file or directory
stat /Users/andrewdykema/Library/Containers/com.apple.RemoteManagement.LegacyProfilesExtension/Data/Library/KeyBindings: no such file or directory
stat /Users/andrewdykema/Library/Containers/com.apple.RemoteManagement.LegacyProfilesExtension/Data/Library/PDF Services: no such file or directory
stat /Users/andrewdykema/Library/Containers/com.apple.RemoteManagement.LegacyProfilesExtension/Data/Library/QuickLook: no such file or directory
stat /Users/andrewdykema/Library/Containers/com.apple.PhotoLibraryServices.PhotosDiagnostics/Data/Library/QuickLook: no such file or directory
stat /Users/andrewdykema/Library/Containers/com.apple.iwork.ArchiveUpgrader/Data/Library/ColorSync: no such file or directory
stat /Users/andrewdykema/Library/Containers/com.apple.iwork.ArchiveUpgrader/Data/Library/Components: no such file or directory
stat /Users/andrewdykema/Library/Containers/com.apple.iwork.ArchiveUpgrader/Data/Library/Filters: no such file or directory
stat /Users/andrewdykema/Library/Containers/com.apple.iwork.ArchiveUpgrader/Data/Library/KeyBindings: no such file or directory
stat /Users/andrewdykema/Library/Containers/com.apple.news.widget/Data/Library/ColorSync: no such file or directory
stat /Users/andrewdykema/Library/Containers/com.apple.news.widget/Data/Library/Components: no such file or directory
stat /Users/andrewdykema/Library/Containers/com.apple.mobiletimer.WorldClockWidget/Data/Library/PDF Services: no such file or directory
stat /Users/andrewdykema/Library/Containers/com.apple.mobiletimer.WorldClockWidget/Data/Library/QuickLook: no such file or directory
stat /Users/andrewdykema/Library/Containers/com.apple.RemoteManagement.PasscodeSettingsExtension/Data/Library/ColorSync: no such file or directory
stat /Users/andrewdykema/Library/Containers/com.apple.RemoteManagement.PasscodeSettingsExtension/Data/Library/Components: no such file or directory
stat /Users/andrewdykema/Library/Containers/com.apple.RemoteManagement.PasscodeSettingsExtension/Data/Library/Filters: no such file or directory
stat /Users/andrewdykema/Library/Containers/com.apple.RemoteManagement.PasscodeSettingsExtension/Data/Library/KeyBindings: no such file or directory
stat /Users/andrewdykema/Library/Containers/com.apple.RemoteManagement.PasscodeSettingsExtension/Data/Library/PDF Services: no such file or directory
stat /Users/andrewdykema/Library/Containers/com.apple.RemoteManagement.PasscodeSettingsExtension/Data/Library/QuickLook: no such file or directory
stat /Users/andrewdykema/Library/Containers/com.apple.DiagnosticExtensions.sysdiagnose/Data/Library/KeyBindings: no such file or directory
stat /System/Library/PrivateFrameworks/Hydra.framework/Versions/Current/Libraries/libAlembic.1.7.dylib: no such file or directory
stat /Users/andrewdykema/Library/Containers/com.apple.DiagnosticExtensions.sysdiagnose/Data/Library/PDF Services: no such file or directory
stat /Users/andrewdykema/Library/Containers/com.apple.DiagnosticExtensions.sysdiagnose/Data/Library/QuickLook: no such file or directory
stat /Users/andrewdykema/Library/Containers/com.apple.news.openinnews/Data/Library/ColorSync: no such file or directory
stat /Users/andrewdykema/Library/Containers/com.apple.news.openinnews/Data/Library/Components: no such file or directory
stat /Users/andrewdykema/Library/Containers/com.apple.news.openinnews/Data/Library/Filters: no such file or directory
stat /Users/andrewdykema/Library/Containers/com.apple.news.openinnews/Data/Library/KeyBindings: no such file or directory
stat /Users/andrewdykema/Library/Containers/com.apple.news.openinnews/Data/Library/PDF Services: no such file or directory
stat /Users/andrewdykema/Library/Containers/com.apple.news.openinnews/Data/Library/QuickLook: no such file or directory
stat /Users/andrewdykema/Library/Containers/com.apple.Preview/Data/Library/ColorSync: no such file or directory
stat /Users/andrewdykema/Library/Containers/com.apple.Preview/Data/Library/Components: no such file or directory
stat /Users/andrewdykema/Library/Containers/com.apple.Preview/Data/Library/Filters: no such file or directory
stat /Users/andrewdykema/Library/Containers/com.apple.Preview/Data/Library/KeyBindings: no such file or directory
stat /Users/andrewdykema/Library/Containers/com.apple.Preview/Data/Library/PDF Services: no such file or directory
stat /Users/andrewdykema/Library/Containers/com.apple.Preview/Data/Library/QuickLook: no such file or directory
stat /Users/andrewdykema/Library/Containers/com.apple.iTunesCacheExtension/Data/Library/ColorSync: no such file or directory
stat /Users/andrewdykema/Library/Containers/com.apple.iTunesCacheExtension/Data/Library/Components: no such file or directory
stat /Users/andrewdykema/Library/Containers/com.apple.Stickies/Data/Library/Components: no such file or directory
stat /Users/andrewdykema/Library/Containers/com.apple.Stickies/Data/Library/Filters: no such file or directory
stat /Users/andrewdykema/Library/Containers/com.apple.Stickies/Data/Library/KeyBindings: no such file or directory
stat /Users/andrewdykema/Library/Containers/com.apple.Stickies/Data/Library/PDF Services: no such file or directory
stat /Users/andrewdykema/Library/Containers/com.apple.Stickies/Data/Library/QuickLook: no such file or directory
stat /Users/andrewdykema/Library/Containers/com.apple.MediaPlayer.DiagnosticExtension/Data/Library/ColorSync: no such file or directory
stat /Users/andrewdykema/Library/Containers/com.apple.MediaPlayer.DiagnosticExtension/Data/Library/Components: no such file or directory
stat /Users/andrewdykema/Library/Containers/com.apple.MediaPlayer.DiagnosticExtension/Data/Library/Filters: no such file or directory
stat /Users/andrewdykema/Library/Containers/com.apple.MediaPlayer.DiagnosticExtension/Data/Library/KeyBindings: no such file or directory
stat /Users/andrewdykema/Library/Containers/com.apple.MediaPlayer.DiagnosticExtension/Data/Library/PDF Services: no such file or directory
stat /Users/andrewdykema/Library/Containers/com.apple.osx-tailspin/Data/Library/ColorSync: no such file or directory
stat /Users/andrewdykema/Library/Containers/com.apple.MediaPlayer.DiagnosticExtension/Data/Library/QuickLook: no such file or directory
stat /Users/andrewdykema/Library/Containers/com.apple.osx-tailspin/Data/Library/Components: no such file or directory
stat /Users/andrewdykema/Library/Containers/com.apple.ScreenSaver.Engine.legacyScreenSaver/Data/Library/ColorSync: no such file or directory
stat /Users/andrewdykema/Library/Containers/com.apple.ScreenSaver.Engine.legacyScreenSaver/Data/Library/Components: no such file or directory
stat /Users/andrewdykema/Library/Containers/com.apple.ScreenSaver.Engine.legacyScreenSaver/Data/Library/Filters: no such file or directory
stat /Users/andrewdykema/Library/Containers/com.apple.ScreenSaver.Engine.legacyScreenSaver/Data/Library/KeyBindings: no such file or directory
stat /Users/andrewdykema/Library/Containers/com.apple.ScreenSaver.Engine.legacyScreenSaver/Data/Library/PDF Services: no such file or directory
stat /Users/andrewdykema/Library/Containers/com.apple.ScreenSaver.Engine.legacyScreenSaver/Data/Library/QuickLook: no such file or directory
stat /Users/andrewdykema/Library/Containers/com.apple.CMViewSrvc/Data/Library/ColorSync: no such file or directory
stat /Users/andrewdykema/Library/Containers/com.apple.CMViewSrvc/Data/Library/Components: no such file or directory
stat /Users/andrewdykema/Library/Containers/com.apple.CMViewSrvc/Data/Library/Filters: no such file or directory
stat /Users/andrewdykema/Library/Containers/com.apple.CMViewSrvc/Data/Library/KeyBindings: no such file or directory
stat /Users/andrewdykema/Library/Containers/com.apple.CMViewSrvc/Data/Library/PDF Services: no such file or directory
stat /Users/andrewdykema/Library/Containers/com.apple.CMViewSrvc/Data/Library/QuickLook: no such file or directory
stat /Users/andrewdykema/Library/Containers/com.apple.osx-tailspin/Data/Library/Filters: no such file or directory
stat /Users/andrewdykema/Library/Containers/com.apple.messages.StorageManagementExtension/Data/Library/ColorSync: no such file or directory
stat /Users/andrewdykema/Library/Containers/com.apple.osx-tailspin/Data/Library/KeyBindings: no such file or directory
stat /Users/andrewdykema/Library/Containers/com.apple.osx-tailspin/Data/Library/PDF Services: no such file or directory
stat /Users/andrewdykema/Library/Containers/com.apple.osx-tailspin/Data/Library/QuickLook: no such file or directory
stat /Users/andrewdykema/Library/Containers/com.apple.dt.GitLabHostBuiltInExtension/Data/Library/ColorSync: no such file or directory
stat /Users/andrewdykema/Library/Containers/com.apple.dt.GitLabHostBuiltInExtension/Data/Library/Components: no such file or directory
stat /Users/andrewdykema/Library/Containers/com.apple.dt.GitLabHostBuiltInExtension/Data/Library/Filters: no such file or directory
stat /Users/andrewdykema/Library/Containers/com.apple.dt.GitLabHostBuiltInExtension/Data/Library/KeyBindings: no such file or directory
stat /Users/andrewdykema/Library/Containers/com.apple.IPAInstaller/Data/Library/ColorSync: no such file or directory
stat /Users/andrewdykema/Library/Containers/com.apple.dt.GitLabHostBuiltInExtension/Data/Library/PDF Services: no such file or directory
stat /Users/andrewdykema/Library/Containers/com.apple.IPAInstaller/Data/Library/Components: no such file or directory
stat /Users/andrewdykema/Library/Containers/com.apple.IPAInstaller/Data/Library/Filters: no such file or directory
stat /Users/andrewdykema/Library/Containers/com.apple.IPAInstaller/Data/Library/KeyBindings: no such file or directory
stat /Users/andrewdykema/Library/Containers/com.apple.IPAInstaller/Data/Library/PDF Services: no such file or directory
stat /Users/andrewdykema/Library/Containers/com.apple.IPAInstaller/Data/Library/QuickLook: no such file or directory
stat /Users/andrewdykema/Library/Containers/com.apple.dt.GitLabHostBuiltInExtension/Data/Library/QuickLook: no such file or directory
stat /Users/andrewdykema/Library/Containers/com.apple.iTunesStorageExtension/Data/Documents/iChats: no such file or directory
stat /Users/andrewdykema/Library/Containers/com.apple.QuickLookThumbnailing.extension.ThumbnailExtension-macOS/Data/Library/Filters: no such file or directory
stat /Users/andrewdykema/Library/Containers/com.apple.QuickLookThumbnailing.extension.ThumbnailExtension-macOS/Data/Library/KeyBindings: no such file or directory
stat /Users/andrewdykema/Library/Containers/com.apple.QuickLookThumbnailing.extension.ThumbnailExtension-macOS/Data/Library/PDF Services: no such file or directory
stat /Users/andrewdykema/Library/Containers/com.apple.QuickLookThumbnailing.extension.ThumbnailExtension-macOS/Data/Library/QuickLook: no such file or directory
stat /Users/andrewdykema/Library/Containers/com.apple.PhotoBooth/Data/Library/Filters: no such file or directory
stat /Users/andrewdykema/Library/Containers/com.apple.PhotoBooth/Data/Library/KeyBindings: no such file or directory
stat /Users/andrewdykema/Library/Containers/com.apple.PhotoBooth/Data/Library/PDF Services: no such file or directory
stat /Users/andrewdykema/Library/Containers/com.apple.PhotoBooth/Data/Library/QuickLook: no such file or directory
stat /Users/andrewdykema/Library/Containers/com.apple.findmy.FindMyWidgetPeople/Data/Library/ColorSync: no such file or directory
stat /Users/andrewdykema/Library/Containers/com.apple.findmy.FindMyWidgetPeople/Data/Library/Components: no such file or directory
stat /Users/andrewdykema/Library/Containers/com.apple.findmy.FindMyWidgetPeople/Data/Library/Filters: no such file or directory
stat /Users/andrewdykema/Library/Containers/com.apple.findmy.FindMyWidgetPeople/Data/Library/KeyBindings: no such file or directory
stat /Users/andrewdykema/Library/Containers/com.apple.findmy.FindMyWidgetPeople/Data/Library/PDF Services: no such file or directory
stat /Users/andrewdykema/Library/Containers/com.apple.findmy.FindMyWidgetPeople/Data/Library/QuickLook: no such file or directory
stat /Users/andrewdykema/Library/Containers/com.apple.shortcuts.events/Data/Library/ColorSync: no such file or directory
stat /Users/andrewdykema/Library/Containers/com.apple.shortcuts.events/Data/Library/Components: no such file or directory
stat /Users/andrewdykema/Library/Containers/com.apple.shortcuts.events/Data/Library/Filters: no such file or directory
stat /Users/andrewdykema/Library/Containers/com.apple.shortcuts.events/Data/Library/KeyBindings: no such file or directory
stat /Users/andrewdykema/Library/Containers/com.apple.shortcuts.events/Data/Library/PDF Services: no such file or directory
stat /Users/andrewdykema/Library/Containers/com.apple.shortcuts.events/Data/Library/QuickLook: no such file or directory
stat /Users/andrewdykema/Library/Containers/com.apple.mobileslideshow.photo-picker/Data/Library/ColorSync: no such file or directory
stat /Users/andrewdykema/Library/Containers/com.apple.mediastream.mstreamd/Data/Library/PDF Services: no such file or directory
stat /Users/andrewdykema/Library/Containers/com.apple.mediastream.mstreamd/Data/Library/QuickLook: no such file or directory
stat /Users/andrewdykema/Library/Containers/com.apple.mobileslideshow.photospicker/Data/Library/ColorSync: no such file or directory
stat /Users/andrewdykema/Library/Containers/com.apple.mobileslideshow.photospicker/Data/Library/Components: no such file or directory
stat /Users/andrewdykema/Library/Containers/com.apple.mobileslideshow.photospicker/Data/Library/Filters: no such file or directory
stat /Users/andrewdykema/Library/Containers/com.apple.mobileslideshow.photospicker/Data/Library/KeyBindings: no such file or directory
stat /Users/andrewdykema/Library/Containers/com.apple.mobileslideshow.photospicker/Data/Library/PDF Services: no such file or directory
stat /Users/andrewdykema/Library/Containers/com.apple.mobileslideshow.photospicker/Data/Library/QuickLook: no such file or directory
stat /Users/andrewdykema/Library/Containers/com.apple.ncplugin.calculator/Data/Library/ColorSync: no such file or directory
stat /Users/andrewdykema/Library/Containers/com.apple.ncplugin.calculator/Data/Library/Components: no such file or directory
stat /Users/andrewdykema/Library/Containers/com.apple.ncplugin.calculator/Data/Library/Filters: no such file or directory
stat /Users/andrewdykema/Library/Containers/com.apple.ncplugin.calculator/Data/Library/KeyBindings: no such file or directory
stat /Users/andrewdykema/Library/Containers/com.apple.ncplugin.calculator/Data/Library/PDF Services: no such file or directory
stat /Users/andrewdykema/Library/Containers/com.apple.findmy.FindMyWidgetIntentsPeople/Data/Library/ColorSync: no such file or directory
stat /Users/andrewdykema/Library/Containers/com.apple.findmy.FindMyWidgetIntentsPeople/Data/Library/Components: no such file or directory
stat /Users/andrewdykema/Library/Containers/com.apple.findmy.FindMyWidgetIntentsPeople/Data/Library/Filters: no such file or directory
stat /Users/andrewdykema/Library/Containers/com.apple.ScreenSharing/Data/Library/ColorSync: no such file or directory
stat /Users/andrewdykema/Library/Containers/com.apple.ScreenSharing/Data/Library/Components: no such file or directory
stat /Users/andrewdykema/Library/Containers/com.apple.findmy.FindMyWidgetIntentsPeople/Data/Library/KeyBindings: no such file or directory
stat /Users/andrewdykema/Library/Containers/com.apple.ScreenSharing/Data/Library/Filters: no such file or directory
stat /Users/andrewdykema/Library/Containers/com.apple.ScreenSharing/Data/Library/KeyBindings: no such file or directory
stat /Users/andrewdykema/Library/Containers/com.apple.findmy.FindMyWidgetIntentsPeople/Data/Library/PDF Services: no such file or directory
stat /Users/andrewdykema/Library/Containers/com.apple.findmy.FindMyWidgetIntentsPeople/Data/Library/QuickLook: no such file or directory
stat /Users/andrewdykema/Library/Containers/com.apple.iBooks.iBooksSpotlightExtension/Data/Library/Filters: no such file or directory
stat /Users/andrewdykema/Library/Containers/com.apple.iBooks.iBooksSpotlightExtension/Data/Library/KeyBindings: no such file or directory
stat /Users/andrewdykema/Library/Containers/com.apple.iBooks.iBooksSpotlightExtension/Data/Library/PDF Services: no such file or directory
stat /Users/andrewdykema/Library/Containers/com.apple.iBooks.iBooksSpotlightExtension/Data/Library/QuickLook: no such file or directory
stat /Users/andrewdykema/Library/Containers/com.apple.RAQLPreviewExtension/Data/Library/ColorSync: no such file or directory
stat /Users/andrewdykema/Library/Containers/com.apple.RAQLPreviewExtension/Data/Library/Components: no such file or directory
stat /Users/andrewdykema/Library/Containers/com.apple.RAQLPreviewExtension/Data/Library/Filters: no such file or directory
stat /Users/andrewdykema/Library/Containers/com.apple.RAQLPreviewExtension/Data/Library/KeyBindings: no such file or directory
stat /Users/andrewdykema/Library/Containers/com.apple.inputmethod.HindiIM/Data/Library/ColorSync: no such file or directory
stat /Users/andrewdykema/Library/Containers/com.apple.inputmethod.HindiIM/Data/Library/Components: no such file or directory
stat /Users/andrewdykema/Library/Containers/com.apple.osanalytics.IPSExtension/Data/Library/ColorSync: no such file or directory
stat /Users/andrewdykema/Library/Containers/com.apple.osanalytics.IPSExtension/Data/Library/Components: no such file or directory
stat /Users/andrewdykema/Library/Containers/com.apple.osanalytics.IPSExtension/Data/Library/Filters: no such file or directory
stat /Users/andrewdykema/Library/Containers/com.apple.osanalytics.IPSExtension/Data/Library/KeyBindings: no such file or directory
stat /Users/andrewdykema/Library/Containers/com.apple.osanalytics.IPSExtension/Data/Library/PDF Services: no such file or directory
stat /Users/andrewdykema/Library/Containers/com.apple.osanalytics.IPSExtension/Data/Library/QuickLook: no such file or directory
stat /Users/andrewdykema/Library/Containers/com.apple.iCal.FaceTimeExtension/Data/Library/PDF Services: no such file or directory
stat /Users/andrewdykema/Library/Containers/com.apple.iCal.FaceTimeExtension/Data/Library/QuickLook: no such file or directory
stat /Users/andrewdykema/Library/Containers/com.apple.BluetoothFileExchange/Data/Library/Filters: no such file or directory
stat /Users/andrewdykema/Library/Containers/com.apple.photomodel/Data/Library/KeyBindings: no such file or directory
stat /Users/andrewdykema/Library/Containers/com.apple.photomodel/Data/Library/PDF Services: no such file or directory
stat /Users/andrewdykema/Library/Containers/com.apple.photomodel/Data/Library/QuickLook: no such file or directory
stat /Users/andrewdykema/Library/Containers/com.apple.family.FAFollowupExtension/Data/Library/ColorSync: no such file or directory
stat /Users/andrewdykema/Library/Containers/com.apple.family.FAFollowupExtension/Data/Library/Components: no such file or directory
stat /Users/andrewdykema/Library/Containers/com.apple.family.FAFollowupExtension/Data/Library/Filters: no such file or directory
stat /Users/andrewdykema/Library/Containers/com.apple.family.FAFollowupExtension/Data/Library/KeyBindings: no such file or directory
stat /Users/andrewdykema/Library/Containers/com.apple.family.FAFollowupExtension/Data/Library/PDF Services: no such file or directory
stat /Users/andrewdykema/Library/Containers/com.apple.family.FAFollowupExtension/Data/Library/QuickLook: no such file or directory
stat /Users/andrewdykema/Library/Containers/com.apple.ncplugin.WorldClock/Data/Documents/iChats: no such file or directory
stat /Users/andrewdykema/Library/Containers/com.apple.SceneKitQLPreviewExtension/Data/Library/ColorSync: no such file or directory
stat /Users/andrewdykema/Library/Containers/com.apple.SceneKitQLPreviewExtension/Data/Library/Components: no such file or directory
stat /Users/andrewdykema/Library/Containers/com.apple.SceneKitQLPreviewExtension/Data/Library/Filters: no such file or directory
stat /Users/andrewdykema/Library/Containers/com.apple.SceneKitQLPreviewExtension/Data/Library/KeyBindings: no such file or directory
stat /Users/andrewdykema/Library/Containers/com.apple.SceneKitQLPreviewExtension/Data/Library/PDF Services: no such file or directory
stat /Users/andrewdykema/Library/Containers/com.apple.SceneKitQLPreviewExtension/Data/Library/QuickLook: no such file or directory
stat /Users/andrewdykema/Library/Containers/com.apple.news.NewsAudioExtension/Data/Library/ColorSync: no such file or directory
stat /Users/andrewdykema/Library/Containers/com.apple.news.NewsAudioExtension/Data/Library/Components: no such file or directory
stat /Users/andrewdykema/Library/Containers/com.apple.news.NewsAudioExtension/Data/Library/Filters: no such file or directory
stat /Users/andrewdykema/Library/Containers/com.apple.news.NewsAudioExtension/Data/Library/KeyBindings: no such file or directory
stat /Users/andrewdykema/Library/Containers/com.apple.news.widgetintents/Data/Library/ColorSync: no such file or directory
stat /Users/andrewdykema/Library/Containers/com.apple.news.NewsAudioExtension/Data/Library/PDF Services: no such file or directory
stat /Users/andrewdykema/Library/Containers/com.apple.news.widgetintents/Data/Library/Components: no such file or directory
stat /Users/andrewdykema/Library/Containers/com.apple.news.NewsAudioExtension/Data/Library/QuickLook: no such file or directory
stat /Users/andrewdykema/Library/Containers/com.apple.notificationcenterui.WeatherSummary/Data/Library/ColorSync: no such file or directory
stat /Users/andrewdykema/Library/Containers/com.apple.notificationcenterui.WeatherSummary/Data/Library/Components: no such file or directory
stat /Users/andrewdykema/Library/Containers/com.apple.news.widgetintents/Data/Library/Filters: no such file or directory
stat /Users/andrewdykema/Library/Containers/com.apple.notificationcenterui.WeatherSummary/Data/Library/Filters: no such file or directory
stat /Users/andrewdykema/Library/Containers/com.apple.notificationcenterui.WeatherSummary/Data/Library/KeyBindings: no such file or directory
stat /Users/andrewdykema/Library/Containers/com.apple.notificationcenterui.WeatherSummary/Data/Library/PDF Services: no such file or directory
stat /Users/andrewdykema/Library/Containers/com.apple.news.widgetintents/Data/Library/KeyBindings: no such file or directory
stat /Users/andrewdykema/Library/Containers/com.apple.notificationcenterui.WeatherSummary/Data/Library/QuickLook: no such file or directory
stat /Users/andrewdykema/Library/Containers/com.apple.inputmethod.Kotoeri.KanaTyping/Data/Library/ColorSync: no such file or directory
stat /Users/andrewdykema/Library/Containers/com.apple.inputmethod.Kotoeri.KanaTyping/Data/Library/Components: no such file or directory
stat /Users/andrewdykema/Library/Containers/com.apple.inputmethod.Kotoeri.KanaTyping/Data/Library/Filters: no such file or directory
stat /Users/andrewdykema/Library/Containers/com.apple.inputmethod.Kotoeri.KanaTyping/Data/Library/KeyBindings: no such file or directory
stat /Users/andrewdykema/Library/Containers/com.apple.iwork.ArchiveUpgrader/Data/Library/PDF Services: no such file or directory
stat /Users/andrewdykema/Library/Containers/com.apple.iwork.ArchiveUpgrader/Data/Library/QuickLook: no such file or directory
stat /Users/andrewdykema/Library/Containers/com.apple.inputmethod.Kotoeri.KanaTyping/Data/Library/PDF Services: no such file or directory
stat /Users/andrewdykema/Library/Containers/com.apple.inputmethod.Kotoeri.KanaTyping/Data/Library/QuickLook: no such file or directory
stat /Users/andrewdykema/Library/Containers/com.apple.news.widget/Data/Library/Filters: no such file or directory
stat /Users/andrewdykema/Library/Containers/com.apple.news.widget/Data/Library/KeyBindings: no such file or directory
stat /Users/andrewdykema/Library/Containers/com.apple.news.widget/Data/Library/PDF Services: no such file or directory
stat /Users/andrewdykema/Library/Containers/com.apple.news.widget/Data/Library/QuickLook: no such file or directory
stat /Users/andrewdykema/Library/Containers/com.apple.photos.ImageConversionService/Data/Library/ColorSync: no such file or directory
stat /Users/andrewdykema/Library/Containers/com.apple.photos.ImageConversionService/Data/Library/Components: no such file or directory
stat /Users/andrewdykema/Library/Containers/com.apple.photos.ImageConversionService/Data/Library/Filters: no such file or directory
stat /Users/andrewdykema/Library/Containers/com.apple.photos.ImageConversionService/Data/Library/KeyBindings: no such file or directory
stat /Users/andrewdykema/Library/Containers/com.apple.iMovieApp/Data/Library/ColorSync: no such file or directory
stat /Users/andrewdykema/Library/Containers/com.apple.PhotoThemeService/Data/Library/KeyBindings: no such file or directory
stat /Users/andrewdykema/Library/Containers/com.apple.PhotoThemeService/Data/Library/PDF Services: no such file or directory
stat /Users/andrewdykema/Library/Containers/com.apple.iTunesCacheExtension/Data/Library/Filters: no such file or directory
stat /Users/andrewdykema/Library/Containers/com.apple.PhotoThemeService/Data/Library/QuickLook: no such file or directory
stat /Users/andrewdykema/Library/Containers/com.apple.notificationcenterui/Data/Library/ColorSync: no such file or directory
stat /Users/andrewdykema/Library/Containers/com.apple.notificationcenterui/Data/Library/Components: no such file or directory
stat /Users/andrewdykema/Library/Containers/com.apple.Photos.PhotosReliveWidget/Data/Library/ColorSync: no such file or directory
stat /Users/andrewdykema/Library/Containers/com.apple.notificationcenterui/Data/Library/Filters: no such file or directory
stat /Users/andrewdykema/Library/Containers/com.apple.Photos.PhotosReliveWidget/Data/Library/Components: no such file or directory
stat /Users/andrewdykema/Library/Containers/com.apple.Photos.PhotosReliveWidget/Data/Library/Filters: no such file or directory
stat /Users/andrewdykema/Library/Containers/com.apple.Photos.PhotosReliveWidget/Data/Library/KeyBindings: no such file or directory
stat /Users/andrewdykema/Library/Containers/com.apple.notificationcenterui/Data/Library/KeyBindings: no such file or directory
stat /Users/andrewdykema/Library/Containers/com.apple.Photos.PhotosReliveWidget/Data/Library/PDF Services: no such file or directory
stat /Users/andrewdykema/Library/Containers/com.apple.Photos.PhotosReliveWidget/Data/Library/QuickLook: no such file or directory
stat /Users/andrewdykema/Library/Containers/com.apple.notificationcenterui/Data/Library/PDF Services: no such file or directory
stat /Users/andrewdykema/Library/Containers/com.apple.notificationcenterui/Data/Library/QuickLook: no such file or directory
stat /Users/andrewdykema/Library/Containers/com.apple.Photos.librarychooserservice/Data/Library/ColorSync: no such file or directory
stat /Users/andrewdykema/Library/Containers/com.apple.Photos.librarychooserservice/Data/Library/Components: no such file or directory
stat /Users/andrewdykema/Library/Containers/com.apple.Photos.librarychooserservice/Data/Library/Filters: no such file or directory
stat /Users/andrewdykema/Library/Containers/com.apple.Photos.librarychooserservice/Data/Library/KeyBindings: no such file or directory
stat /Users/andrewdykema/Library/Containers/com.apple.messages.MapRenderingService/Data/Library/ColorSync: no such file or directory
stat /Users/andrewdykema/Library/Containers/com.apple.messages.MapRenderingService/Data/Library/Components: no such file or directory
stat /Users/andrewdykema/Library/Containers/com.apple.Photos.librarychooserservice/Data/Library/PDF Services: no such file or directory
stat /Users/andrewdykema/Library/Containers/com.apple.Photos.librarychooserservice/Data/Library/QuickLook: no such file or directory
stat /Users/andrewdykema/Library/Containers/com.apple.messages.MapRenderingService/Data/Library/Filters: no such file or directory
stat /Users/andrewdykema/Library/Containers/com.apple.messages.MapRenderingService/Data/Library/KeyBindings: no such file or directory
stat /Users/andrewdykema/Library/Containers/com.apple.messages.MapRenderingService/Data/Library/PDF Services: no such file or directory
stat /Users/andrewdykema/Library/Containers/com.apple.messages.StorageManagementExtension/Data/Library/Components: no such file or directory
stat /Users/andrewdykema/Library/Containers/com.apple.Photos.PhotosFileProvider/Data/Library/ColorSync: no such file or directory
stat /Users/andrewdykema/Library/Containers/com.apple.Photos.PhotosFileProvider/Data/Library/Components: no such file or directory
stat /Users/andrewdykema/Library/Containers/com.apple.Photos.PhotosFileProvider/Data/Library/Filters: no such file or directory
stat /Users/andrewdykema/Library/Containers/com.apple.BKAgentService/Data/Library/ColorSync: no such file or directory
stat /Users/andrewdykema/Library/Containers/com.apple.BKAgentService/Data/Library/Components: no such file or directory
stat /Users/andrewdykema/Library/Containers/com.apple.Photos.PhotosFileProvider/Data/Library/KeyBindings: no such file or directory
stat /Users/andrewdykema/Library/Containers/com.apple.BKAgentService/Data/Library/Filters: no such file or directory
stat /Users/andrewdykema/Library/Containers/com.apple.Photos.PhotosFileProvider/Data/Library/PDF Services: no such file or directory
stat /Users/andrewdykema/Library/Containers/com.apple.BKAgentService/Data/Library/KeyBindings: no such file or directory
stat /Users/andrewdykema/Library/Containers/com.apple.Photos.PhotosFileProvider/Data/Library/QuickLook: no such file or directory
stat /Users/andrewdykema/Library/Containers/com.apple.BKAgentService/Data/Library/PDF Services: no such file or directory
stat /Users/andrewdykema/Library/Containers/com.apple.BKAgentService/Data/Library/QuickLook: no such file or directory
stat /Users/andrewdykema/Library/Containers/com.apple.iCal.CalendarNotificationContentExtention-OSX/Data/Library/ColorSync: no such file or directory
stat /Users/andrewdykema/Library/Containers/com.apple.iCal.CalendarNotificationContentExtention-OSX/Data/Library/Components: no such file or directory
stat /Users/andrewdykema/Library/Containers/com.apple.iCal.CalendarNotificationContentExtention-OSX/Data/Library/Filters: no such file or directory
stat /Users/andrewdykema/Library/Containers/com.apple.iCal.CalendarNotificationContentExtention-OSX/Data/Library/KeyBindings: no such file or directory
stat /Users/andrewdykema/Library/Containers/com.apple.iCal.CalendarNotificationContentExtention-OSX/Data/Library/PDF Services: no such file or directory
stat /Users/andrewdykema/Library/Containers/com.apple.iCal.CalendarNotificationContentExtention-OSX/Data/Library/QuickLook: no such file or directory
stat /Users/andrewdykema/Library/Containers/com.apple.Feedback.DraftingExtension/Data/Library/PDF Services: no such file or directory
stat /Users/andrewdykema/Library/Containers/com.apple.Feedback.DraftingExtension/Data/Library/QuickLook: no such file or directory
stat /Users/andrewdykema/Library/Containers/com.apple.sidecar.DisplayMarkup/Data/Library/ColorSync: no such file or directory
stat /Users/andrewdykema/Library/Containers/com.apple.sidecar.DisplayMarkup/Data/Library/Components: no such file or directory
stat /Users/andrewdykema/Library/Containers/com.apple.sidecar.DisplayMarkup/Data/Library/Filters: no such file or directory
stat /Users/andrewdykema/Library/Containers/com.apple.sidecar.DisplayMarkup/Data/Library/KeyBindings: no such file or directory
stat /Users/andrewdykema/Library/Containers/com.apple.sidecar.DisplayMarkup/Data/Library/PDF Services: no such file or directory
stat /Users/andrewdykema/Library/Containers/com.apple.sidecar.DisplayMarkup/Data/Library/QuickLook: no such file or directory
stat /Users/andrewdykema/Library/Containers/com.apple.iTunesCacheExtension/Data/Documents/iChats: no such file or directory
stat /Users/andrewdykema/Library/Containers/com.apple.mail.MailNotificationContentExtension/Data/Library/ColorSync: no such file or directory
stat /Users/andrewdykema/Library/Containers/com.apple.mail.MailNotificationContentExtension/Data/Library/Components: no such file or directory
stat /Users/andrewdykema/Library/Containers/com.apple.iTunesStorageExtension/Data/Library/ColorSync: no such file or directory
stat /Users/andrewdykema/Library/Containers/com.apple.iTunesStorageExtension/Data/Library/Components: no such file or directory
stat /Users/andrewdykema/Library/Containers/com.apple.mail.MailNotificationContentExtension/Data/Library/Filters: no such file or directory
stat /Users/andrewdykema/Library/Containers/com.apple.mail.MailNotificationContentExtension/Data/Library/KeyBindings: no such file or directory
stat /Users/andrewdykema/Library/Containers/com.apple.mail.MailNotificationContentExtension/Data/Library/PDF Services: no such file or directory
stat /Users/andrewdykema/Library/Containers/com.apple.iTunesStorageExtension/Data/Library/Filters: no such file or directory
stat /Users/andrewdykema/Library/Containers/com.apple.mail.MailNotificationContentExtension/Data/Library/QuickLook: no such file or directory
stat /Users/andrewdykema/Library/Containers/com.apple.iTunesStorageExtension/Data/Library/KeyBindings: no such file or directory
stat /Users/andrewdykema/Library/Containers/com.apple.iTunesStorageExtension/Data/Library/PDF Services: no such file or directory
stat /Users/andrewdykema/Library/Containers/com.apple.iTunesStorageExtension/Data/Library/QuickLook: no such file or directory
stat /Users/andrewdykema/Library/Containers/com.apple.iBooks.BooksNotificationContentExtension/Data/Library/ColorSync: no such file or directory
stat /Users/andrewdykema/Library/Containers/com.apple.iBooks.BooksNotificationContentExtension/Data/Library/Components: no such file or directory
stat /Users/andrewdykema/Library/Containers/com.apple.iBooks.BooksNotificationContentExtension/Data/Library/Filters: no such file or directory
stat /Users/andrewdykema/Library/Containers/com.apple.iBooks.BooksNotificationContentExtension/Data/Library/KeyBindings: no such file or directory
stat /Users/andrewdykema/Library/Containers/com.apple.iBooks.BooksNotificationContentExtension/Data/Library/PDF Services: no such file or directory
stat /Users/andrewdykema/Library/Containers/com.apple.iBooks.BooksNotificationContentExtension/Data/Library/QuickLook: no such file or directory
stat /Users/andrewdykema/Library/Containers/com.apple.mobileslideshow.photo-picker/Data/Library/Components: no such file or directory
stat /Users/andrewdykema/Library/Containers/com.apple.mobileslideshow.photo-picker/Data/Library/Filters: no such file or directory
stat /Users/andrewdykema/Library/Containers/com.apple.mobileslideshow.photo-picker/Data/Library/KeyBindings: no such file or directory
stat /Users/andrewdykema/Library/Containers/com.apple.mobileslideshow.photo-picker/Data/Library/PDF Services: no such file or directory
stat /Users/andrewdykema/Library/Containers/com.apple.mobileslideshow.photo-picker/Data/Library/QuickLook: no such file or directory
stat /Users/andrewdykema/Library/Containers/com.apple.DiagnosticExtensions.WiFi/Data/Library/ColorSync: no such file or directory
stat /Users/andrewdykema/Library/Containers/com.apple.DiagnosticExtensions.WiFi/Data/Library/Components: no such file or directory
stat /Users/andrewdykema/Library/Containers/com.apple.DiagnosticExtensions.WiFi/Data/Library/Filters: no such file or directory
stat /Users/andrewdykema/Library/Containers/com.apple.DiagnosticExtensions.WiFi/Data/Library/KeyBindings: no such file or directory
stat /Users/andrewdykema/Library/Containers/com.apple.ScreenSharing/Data/Library/PDF Services: no such file or directory
stat /Users/andrewdykema/Library/Containers/com.apple.ScreenSharing/Data/Library/QuickLook: no such file or directory
stat /Users/andrewdykema/Library/Containers/com.apple.findmy.FindMyWidgetIntentsItems/Data/Library/ColorSync: no such file or directory
stat /Users/andrewdykema/Library/Containers/com.apple.findmy.FindMyWidgetIntentsItems/Data/Library/Components: no such file or directory
stat /Users/andrewdykema/Library/Containers/com.apple.findmy.FindMyWidgetIntentsItems/Data/Library/Filters: no such file or directory
stat /Users/andrewdykema/Library/Containers/com.apple.findmy.FindMyWidgetIntentsItems/Data/Library/KeyBindings: no such file or directory
stat /Users/andrewdykema/Library/Containers/com.apple.ReminderKitUI.ReminderCreationViewService/Data/Library/ColorSync: no such file or directory
stat /Users/andrewdykema/Library/Containers/com.apple.ReminderKitUI.ReminderCreationViewService/Data/Library/Components: no such file or directory
stat /Users/andrewdykema/Library/Containers/com.apple.findmy.FindMyWidgetIntentsItems/Data/Library/PDF Services: no such file or directory
stat /Users/andrewdykema/Library/Containers/com.apple.ReminderKitUI.ReminderCreationViewService/Data/Library/Filters: no such file or directory
stat /Users/andrewdykema/Library/Containers/com.apple.findmy.FindMyWidgetItems/Data/Library/ColorSync: no such file or directory
stat /Users/andrewdykema/Library/Containers/com.apple.findmy.FindMyWidgetItems/Data/Library/Components: no such file or directory
stat /Users/andrewdykema/Library/Containers/com.apple.findmy.FindMyWidgetItems/Data/Library/Filters: no such file or directory
stat /Users/andrewdykema/Library/Containers/com.apple.findmy.FindMyWidgetItems/Data/Library/KeyBindings: no such file or directory
stat /Users/andrewdykema/Library/Containers/com.apple.findmy.FindMyWidgetItems/Data/Library/PDF Services: no such file or directory
stat /Users/andrewdykema/Library/Containers/com.apple.findmy.FindMyWidgetItems/Data/Library/QuickLook: no such file or directory
stat /Users/andrewdykema/Library/Containers/com.apple.ncplugin.calculator/Data/Library/QuickLook: no such file or directory
stat /Users/andrewdykema/Library/Containers/com.apple.podcasts/Data/Library/ColorSync: no such file or directory
stat /Users/andrewdykema/Library/Containers/com.apple.podcasts/Data/Library/Components: no such file or directory
stat /Users/andrewdykema/Library/Containers/com.apple.podcasts/Data/Library/Filters: no such file or directory
stat /Users/andrewdykema/Library/Containers/com.apple.podcasts/Data/Library/KeyBindings: no such file or directory
stat /Users/andrewdykema/Library/Containers/com.apple.podcasts/Data/Library/PDF Services: no such file or directory
stat /Users/andrewdykema/Library/Containers/com.apple.podcasts/Data/Library/QuickLook: no such file or directory
stat /Users/andrewdykema/Library/Containers/com.apple.news.tag/Data/Library/ColorSync: no such file or directory
stat /Users/andrewdykema/Library/Containers/com.apple.news.tag/Data/Library/Components: no such file or directory
stat /Users/andrewdykema/Library/Containers/com.apple.news.tag/Data/Library/Filters: no such file or directory
stat /Users/andrewdykema/Library/Containers/com.apple.Music.MusicStorageExtension/Data/Library/ColorSync: no such file or directory
stat /Users/andrewdykema/Library/Containers/com.apple.Music.MusicStorageExtension/Data/Library/Components: no such file or directory
stat /Users/andrewdykema/Library/Containers/com.apple.Music.MusicStorageExtension/Data/Library/Filters: no such file or directory
stat /Users/andrewdykema/Library/Containers/com.apple.Music.MusicStorageExtension/Data/Library/KeyBindings: no such file or directory
stat /Users/andrewdykema/Library/Containers/com.apple.Music.MusicStorageExtension/Data/Library/PDF Services: no such file or directory
stat /Users/andrewdykema/Library/Containers/com.apple.Music.MusicStorageExtension/Data/Library/QuickLook: no such file or directory
stat /Users/andrewdykema/Library/Containers/com.apple.dt.XcodeBuiltInExtensions/Data/Documents/iChats: no such file or directory
stat /Users/andrewdykema/Library/Containers/com.apple.gamecenter.GameCenterUIService.GameCenterMessageExtension/Data/Library/Filters: no such file or directory
stat /Users/andrewdykema/Library/Containers/com.apple.gamecenter.GameCenterUIService.GameCenterMessageExtension/Data/Library/KeyBindings: no such file or directory
stat /Users/andrewdykema/Library/Containers/com.apple.gamecenter.GameCenterUIService.GameCenterMessageExtension/Data/Library/PDF Services: no such file or directory
stat /Users/andrewdykema/Library/Containers/com.apple.gamecenter.GameCenterUIService.GameCenterMessageExtension/Data/Library/QuickLook: no such file or directory
stat /Users/andrewdykema/Library/Containers/com.apple.podcasts.MacPodcastsStorageExtension/Data/Library/ColorSync: no such file or directory
stat /Users/andrewdykema/Library/Containers/com.apple.podcasts.MacPodcastsStorageExtension/Data/Library/Components: no such file or directory
stat /Users/andrewdykema/Library/Containers/com.apple.Home.HomeUIUserList/Data/Library/ColorSync: no such file or directory
stat /Users/andrewdykema/Library/Containers/com.apple.Home.HomeUIUserList/Data/Library/Components: no such file or directory
stat /Users/andrewdykema/Library/Containers/com.apple.RAQLPreviewExtension/Data/Library/PDF Services: no such file or directory
stat /Users/andrewdykema/Library/Containers/com.apple.RAQLPreviewExtension/Data/Library/QuickLook: no such file or directory
stat /Users/andrewdykema/Library/Containers/com.apple.Home.HomeUIUserList/Data/Library/Filters: no such file or directory
stat /Users/andrewdykema/Library/Containers/com.apple.Home.HomeUIUserList/Data/Library/KeyBindings: no such file or directory
stat /Users/andrewdykema/Library/Containers/com.apple.Home.HomeUIUserList/Data/Library/PDF Services: no such file or directory
stat /Users/andrewdykema/Library/Containers/com.apple.Home.HomeUIUserList/Data/Library/QuickLook: no such file or directory
stat /Users/andrewdykema/Library/Containers/com.apple.inputmethod.VietnameseIM/Data/Library/ColorSync: no such file or directory
stat /Users/andrewdykema/Library/Containers/com.apple.inputmethod.VietnameseIM/Data/Library/Components: no such file or directory
stat /Users/andrewdykema/Library/Containers/com.apple.inputmethod.VietnameseIM/Data/Library/Filters: no such file or directory
stat /Users/andrewdykema/Library/Containers/com.apple.inputmethod.VietnameseIM/Data/Library/KeyBindings: no such file or directory
stat /Users/andrewdykema/Library/Containers/com.apple.BluetoothFileExchange/Data/Library/KeyBindings: no such file or directory
stat /Users/andrewdykema/Library/Containers/com.apple.BluetoothFileExchange/Data/Library/PDF Services: no such file or directory
stat /Users/andrewdykema/Library/Containers/com.apple.BluetoothFileExchange/Data/Library/QuickLook: no such file or directory
stat /Users/andrewdykema/Library/Containers/com.apple.news.widgetintents/Data/Library/PDF Services: no such file or directory
stat /Users/andrewdykema/Library/Containers/com.apple.news.widgetintents/Data/Library/QuickLook: no such file or directory
stat /Users/andrewdykema/Library/Containers/com.apple.inputmethod.VietnameseIM/Data/Library/PDF Services: no such file or directory
stat /Users/andrewdykema/Library/Containers/com.apple.inputmethod.VietnameseIM/Data/Library/QuickLook: no such file or directory
stat /Users/andrewdykema/Library/Containers/com.apple.languageassetd/Data/Library/ColorSync: no such file or directory
stat /Users/andrewdykema/Library/Containers/com.apple.languageassetd/Data/Library/Components: no such file or directory
stat /Users/andrewdykema/Library/Containers/com.apple.languageassetd/Data/Library/Filters: no such file or directory
stat /Users/andrewdykema/Library/Containers/com.apple.iMovieApp/Data/Library/Components: no such file or directory
stat /Users/andrewdykema/Library/Containers/com.apple.iMovieApp/Data/Library/Filters: no such file or directory
stat /Users/andrewdykema/Library/Containers/com.apple.iMovieApp/Data/Library/KeyBindings: no such file or directory
stat /Users/andrewdykema/Library/Containers/com.apple.inputmethod.ChineseHandwriting/Data/Library/ColorSync: no such file or directory
stat /Users/andrewdykema/Library/Containers/com.apple.inputmethod.Korean/Data/Library/ColorSync: no such file or directory
stat /Users/andrewdykema/Library/Containers/com.apple.inputmethod.ChineseHandwriting/Data/Library/Components: no such file or directory
stat /Users/andrewdykema/Library/Containers/com.apple.inputmethod.Korean/Data/Library/Components: no such file or directory
stat /Users/andrewdykema/Library/Containers/com.apple.inputmethod.ChineseHandwriting/Data/Library/Filters: no such file or directory
stat /Users/andrewdykema/Library/Containers/com.apple.photos.ImageConversionService/Data/Library/PDF Services: no such file or directory
stat /Users/andrewdykema/Library/Containers/com.apple.photos.ImageConversionService/Data/Library/QuickLook: no such file or directory
stat /Users/andrewdykema/Library/Containers/com.apple.messages.ShareExtension/Data/Library/ColorSync: no such file or directory
stat /Users/andrewdykema/Library/Containers/com.apple.messages.ShareExtension/Data/Library/Components: no such file or directory
stat /Users/andrewdykema/Library/Containers/com.apple.iTunesCacheExtension/Data/Library/KeyBindings: no such file or directory
stat /Users/andrewdykema/Library/Containers/com.apple.iTunesCacheExtension/Data/Library/PDF Services: no such file or directory
stat /Users/andrewdykema/Library/Containers/com.apple.iTunesCacheExtension/Data/Library/QuickLook: no such file or directory
stat /Users/andrewdykema/Library/Containers/com.apple.messages.ReplyExtension/Data/Library/ColorSync: no such file or directory
stat /Users/andrewdykema/Library/Containers/com.apple.messages.ReplyExtension/Data/Library/Components: no such file or directory
stat /Users/andrewdykema/Library/Containers/com.apple.messages.ReplyExtension/Data/Library/Filters: no such file or directory
stat /Users/andrewdykema/Library/Containers/com.apple.iWork.Pages.EndNoteShim/Data/Library/ColorSync: no such file or directory
stat /Users/andrewdykema/Library/Containers/com.apple.iWork.Pages.EndNoteShim/Data/Library/Components: no such file or directory
stat /Users/andrewdykema/Library/Containers/com.apple.iWork.Pages.EndNoteShim/Data/Library/Filters: no such file or directory
stat /Users/andrewdykema/Library/Containers/com.apple.share.System.set-buddy-picture/Data/Library/ColorSync: no such file or directory
stat /Users/andrewdykema/Library/Containers/com.apple.share.System.set-buddy-picture/Data/Library/Components: no such file or directory
stat /Users/andrewdykema/Library/Containers/com.apple.iWork.Pages.EndNoteShim/Data/Library/KeyBindings: no such file or directory
stat /Users/andrewdykema/Library/Containers/com.apple.share.System.set-buddy-picture/Data/Library/Filters: no such file or directory
stat /Users/andrewdykema/Library/Containers/com.apple.PassKitUIXPCService/Data/Library/ColorSync: no such file or directory
stat /Users/andrewdykema/Library/Containers/com.apple.iWork.Pages.EndNoteShim/Data/Library/PDF Services: no such file or directory
stat /Users/andrewdykema/Library/Containers/com.apple.iWork.Pages.EndNoteShim/Data/Library/QuickLook: no such file or directory
stat /Users/andrewdykema/Library/Containers/com.apple.PassKitUIXPCService/Data/Library/Components: no such file or directory
stat /Users/andrewdykema/Library/Containers/com.apple.PassKitUIXPCService/Data/Library/Filters: no such file or directory
stat /Users/andrewdykema/Library/Containers/com.apple.messages.MapRenderingService/Data/Library/QuickLook: no such file or directory
stat /Users/andrewdykema/Library/Containers/com.apple.PassKitUIXPCService/Data/Library/KeyBindings: no such file or directory
stat /Users/andrewdykema/Library/Containers/com.apple.PassKitUIXPCService/Data/Library/PDF Services: no such file or directory
stat /Users/andrewdykema/Library/Containers/com.apple.PassKitUIXPCService/Data/Library/QuickLook: no such file or directory
stat /Users/andrewdykema/Library/Containers/com.apple.PassKit.PaymentAuthorizationUIExtension/Data/Library/ColorSync: no such file or directory
stat /Users/andrewdykema/Library/Containers/com.apple.PassKit.PaymentAuthorizationUIExtension/Data/Library/Components: no such file or directory
stat /Users/andrewdykema/Library/Containers/com.apple.inputmethod.HindiIM/Data/Library/Filters: no such file or directory
stat /Users/andrewdykema/Library/Containers/com.apple.PassKit.PaymentAuthorizationUIExtension/Data/Library/Filters: no such file or directory
stat /Users/andrewdykema/Library/Containers/com.apple.inputmethod.HindiIM/Data/Library/KeyBindings: no such file or directory
stat /Users/andrewdykema/Library/Containers/com.apple.PassKit.PaymentAuthorizationUIExtension/Data/Library/KeyBindings: no such file or directory
stat /Users/andrewdykema/Library/Containers/com.apple.inputmethod.HindiIM/Data/Library/PDF Services: no such file or directory
stat /Users/andrewdykema/Library/Containers/com.apple.PassKit.PaymentAuthorizationUIExtension/Data/Library/PDF Services: no such file or directory
stat /Users/andrewdykema/Library/Containers/com.apple.PassKit.PaymentAuthorizationUIExtension/Data/Library/QuickLook: no such file or directory
stat /Users/andrewdykema/Library/Containers/com.apple.inputmethod.HindiIM/Data/Library/QuickLook: no such file or directory
stat /Users/andrewdykema/Library/Containers/com.apple.share.System.set-buddy-picture/Data/Library/KeyBindings: no such file or directory
stat /Users/andrewdykema/Library/Containers/com.apple.SSMenuAgent/Data/Library/ColorSync: no such file or directory
stat /Users/andrewdykema/Library/Containers/com.apple.SSMenuAgent/Data/Library/Components: no such file or directory
stat /Users/andrewdykema/Library/Containers/com.apple.SSMenuAgent/Data/Library/Filters: no such file or directory
stat /Users/andrewdykema/Library/Containers/com.apple.iCal.CalendarNC/Data/Library/ColorSync: no such file or directory
stat /Users/andrewdykema/Library/Containers/com.apple.SSMenuAgent/Data/Library/KeyBindings: no such file or directory
stat /Users/andrewdykema/Library/Containers/com.apple.iCal.CalendarNC/Data/Library/Components: no such file or directory
stat /Users/andrewdykema/Library/Containers/com.apple.SSMenuAgent/Data/Library/PDF Services: no such file or directory
stat /Users/andrewdykema/Library/Containers/com.apple.SSMenuAgent/Data/Library/QuickLook: no such file or directory
stat /Users/andrewdykema/Library/Containers/com.apple.messages.StorageManagementExtension/Data/Library/Filters: no such file or directory
stat /Users/andrewdykema/Library/Containers/com.apple.iBooksX-SecureUserDefaults/Data/Library/ColorSync: no such file or directory
stat /Users/andrewdykema/Library/Containers/com.apple.iBooksX-SecureUserDefaults/Data/Library/Components: no such file or directory
stat /Users/andrewdykema/Library/Containers/com.apple.iBooksX-SecureUserDefaults/Data/Library/Filters: no such file or directory
stat /Users/andrewdykema/Library/Containers/com.apple.iBooksX-SecureUserDefaults/Data/Library/KeyBindings: no such file or directory
stat /Users/andrewdykema/Library/Containers/com.apple.iBooksX-SecureUserDefaults/Data/Library/PDF Services: no such file or directory
stat /Users/andrewdykema/Library/Containers/com.apple.podcasts.PodcastsAuthAgent/Data/Library/ColorSync: no such file or directory
stat /Users/andrewdykema/Library/Containers/com.apple.iBooksX-SecureUserDefaults/Data/Library/QuickLook: no such file or directory
stat /Users/andrewdykema/Library/Containers/com.apple.podcasts.PodcastsAuthAgent/Data/Library/Components: no such file or directory
stat /Users/andrewdykema/Library/Containers/com.apple.grapher/Data/Library/ColorSync: no such file or directory
stat /Users/andrewdykema/Library/Containers/com.apple.grapher/Data/Library/Components: no such file or directory
stat /Users/andrewdykema/Library/Containers/com.apple.grapher/Data/Library/Filters: no such file or directory
stat /Users/andrewdykema/Library/Containers/com.apple.grapher/Data/Library/KeyBindings: no such file or directory
stat /Users/andrewdykema/Library/Containers/com.apple.grapher/Data/Library/PDF Services: no such file or directory
stat /Users/andrewdykema/Library/Containers/com.apple.grapher/Data/Library/QuickLook: no such file or directory
stat /Users/andrewdykema/Library/Containers/com.apple.photomoments/Data/Library/ColorSync: no such file or directory
stat /Users/andrewdykema/Library/Containers/com.apple.photomoments/Data/Library/Components: no such file or directory
stat /Users/andrewdykema/Library/Containers/com.apple.photomoments/Data/Library/Filters: no such file or directory
stat /Users/andrewdykema/Library/Containers/com.apple.DiagnosticExtensions.WiFi/Data/Library/PDF Services: no such file or directory
stat /Users/andrewdykema/Library/Containers/com.apple.DiagnosticExtensions.WiFi/Data/Library/QuickLook: no such file or directory
stat /Users/andrewdykema/Library/Containers/com.apple.ReminderKitUI.ReminderCreationViewService/Data/Library/KeyBindings: no such file or directory
stat /Users/andrewdykema/Library/Containers/com.apple.photomoments/Data/Library/KeyBindings: no such file or directory
stat /Users/andrewdykema/Library/Containers/com.apple.ReminderKitUI.ReminderCreationViewService/Data/Library/PDF Services: no such file or directory
stat /Users/andrewdykema/Library/Containers/com.apple.photomoments/Data/Library/PDF Services: no such file or directory
stat /Users/andrewdykema/Library/Containers/com.apple.ReminderKitUI.ReminderCreationViewService/Data/Library/QuickLook: no such file or directory
stat /Users/andrewdykema/Library/Containers/com.apple.photomoments/Data/Library/QuickLook: no such file or directory
stat /Users/andrewdykema/Library/Containers/com.apple.mediaanalysisd/Data/Library/ColorSync: no such file or directory
stat /Users/andrewdykema/Library/Containers/com.apple.mediaanalysisd/Data/Library/Components: no such file or directory
stat /Users/andrewdykema/Library/Containers/com.apple.mediaanalysisd/Data/Library/Filters: no such file or directory
stat /Users/andrewdykema/Library/Containers/com.apple.mediaanalysisd/Data/Library/KeyBindings: no such file or directory
stat /Users/andrewdykema/Library/Containers/com.apple.findmy.FindMyWidgetIntentsItems/Data/Library/QuickLook: no such file or directory
stat /Users/andrewdykema/Library/Containers/com.apple.mediaanalysisd/Data/Library/PDF Services: no such file or directory
stat /Users/andrewdykema/Library/Containers/com.apple.mediaanalysisd/Data/Library/QuickLook: no such file or directory
stat /Users/andrewdykema/Library/Containers/com.apple.icloud.apps.messages.business.extension/Data/Library/ColorSync: no such file or directory
stat /Users/andrewdykema/Library/Containers/com.apple.icloud.apps.messages.business.extension/Data/Library/Components: no such file or directory
stat /Users/andrewdykema/Library/Containers/com.apple.news.tag/Data/Library/KeyBindings: no such file or directory
stat /Users/andrewdykema/Library/Containers/com.apple.icloud.apps.messages.business.extension/Data/Library/Filters: no such file or directory
stat /Users/andrewdykema/Library/Containers/com.apple.news.tag/Data/Library/PDF Services: no such file or directory
stat /Users/andrewdykema/Library/Containers/com.apple.news.tag/Data/Library/QuickLook: no such file or directory
stat /Users/andrewdykema/Library/Containers/com.apple.icloud.apps.messages.business.extension/Data/Library/KeyBindings: no such file or directory
stat /Users/andrewdykema/Library/Containers/com.apple.icloud.apps.messages.business.extension/Data/Library/PDF Services: no such file or directory
stat /Users/andrewdykema/Library/Containers/com.apple.icloud.apps.messages.business.extension/Data/Library/QuickLook: no such file or directory
stat /Users/andrewdykema/Library/Containers/com.apple.iCal.CalendarWidgetExtension/Data/Library/ColorSync: no such file or directory
stat /Users/andrewdykema/Library/Containers/com.apple.iCal.CalendarWidgetExtension/Data/Library/Components: no such file or directory
stat /Users/andrewdykema/Library/Containers/com.apple.iCal.CalendarWidgetExtension/Data/Library/Filters: no such file or directory
stat /Users/andrewdykema/Library/Containers/com.apple.iCal.CalendarWidgetExtension/Data/Library/KeyBindings: no such file or directory
stat /Users/andrewdykema/Library/Containers/com.apple.iCal.CalendarWidgetExtension/Data/Library/PDF Services: no such file or directory
stat /Users/andrewdykema/Library/Containers/com.apple.iCal.CalendarWidgetExtension/Data/Library/QuickLook: no such file or directory
stat /Users/andrewdykema/Library/Containers/com.apple.ScreenSaver.Engine.legacyScreenSaver.x86-64/Data/Library/ColorSync: no such file or directory
stat /Users/andrewdykema/Library/Containers/com.apple.ScreenSaver.Engine.legacyScreenSaver.x86-64/Data/Library/Components: no such file or directory
stat /Users/andrewdykema/Library/Containers/com.apple.ScreenSaver.Engine.legacyScreenSaver.x86-64/Data/Library/Filters: no such file or directory
stat /Users/andrewdykema/Library/Containers/com.apple.dt.XcodeBuiltInExtensions/Data/Library/ColorSync: no such file or directory
stat /Users/andrewdykema/Library/Containers/com.apple.dt.XcodeBuiltInExtensions/Data/Library/Components: no such file or directory
stat /Users/andrewdykema/Library/Containers/com.apple.ScreenSaver.Engine.legacyScreenSaver.x86-64/Data/Library/KeyBindings: no such file or directory
stat /Users/andrewdykema/Library/Containers/com.apple.dt.XcodeBuiltInExtensions/Data/Library/Filters: no such file or directory
stat /Users/andrewdykema/Library/Containers/com.apple.ScreenSaver.Engine.legacyScreenSaver.x86-64/Data/Library/PDF Services: no such file or directory
stat /Users/andrewdykema/Library/Containers/com.apple.ScreenSaver.Engine.legacyScreenSaver.x86-64/Data/Library/QuickLook: no such file or directory
stat /Users/andrewdykema/Library/Containers/com.apple.dt.XcodeBuiltInExtensions/Data/Library/KeyBindings: no such file or directory
stat /Users/andrewdykema/Library/Containers/com.apple.dt.XcodeBuiltInExtensions/Data/Library/PDF Services: no such file or directory
stat /Users/andrewdykema/Library/Containers/com.apple.dt.XcodeBuiltInExtensions/Data/Library/QuickLook: no such file or directory
stat /Users/andrewdykema/Library/Containers/com.apple.messages.StorageManagementExtension/Data/Library/KeyBindings: no such file or directory
stat /Users/andrewdykema/Library/Containers/com.apple.messages.StorageManagementExtension/Data/Library/PDF Services: no such file or directory
stat /Users/andrewdykema/Library/Containers/com.apple.messages.StorageManagementExtension/Data/Library/QuickLook: no such file or directory
stat /Users/andrewdykema/Library/Containers/com.apple.podcasts.MacPodcastsStorageExtension/Data/Library/Filters: no such file or directory
stat /Users/andrewdykema/Library/Containers/com.apple.podcasts.MacPodcastsStorageExtension/Data/Library/KeyBindings: no such file or directory
stat /Users/andrewdykema/Library/Containers/com.apple.podcasts.MacPodcastsStorageExtension/Data/Library/PDF Services: no such file or directory
stat /Users/andrewdykema/Library/Containers/com.apple.podcasts.MacPodcastsStorageExtension/Data/Library/QuickLook: no such file or directory
stat /Users/andrewdykema/Library/Containers/com.apple.icloud.SPOwner.SearchPartyDiagnosticExtension/Data/Library/ColorSync: no such file or directory
stat /Users/andrewdykema/Library/Containers/com.apple.icloud.SPOwner.SearchPartyDiagnosticExtension/Data/Library/Components: no such file or directory
stat /Users/andrewdykema/Library/Containers/com.apple.icloud.SPOwner.SearchPartyDiagnosticExtension/Data/Library/Filters: no such file or directory
stat /Users/andrewdykema/Library/Containers/com.apple.icloud.SPOwner.SearchPartyDiagnosticExtension/Data/Library/KeyBindings: no such file or directory
stat /Users/andrewdykema/Library/Containers/com.apple.icloud.SPOwner.SearchPartyDiagnosticExtension/Data/Library/PDF Services: no such file or directory
stat /Users/andrewdykema/Library/Containers/com.apple.icloud.SPOwner.SearchPartyDiagnosticExtension/Data/Library/QuickLook: no such file or directory
stat /Users/andrewdykema/Library/Containers/com.apple.languageassetd/Data/Library/KeyBindings: no such file or directory
stat /Users/andrewdykema/Library/Containers/com.apple.languageassetd/Data/Library/PDF Services: no such file or directory
stat /Users/andrewdykema/Library/Containers/com.apple.languageassetd/Data/Library/QuickLook: no such file or directory
stat /Users/andrewdykema/Library/Containers/com.apple.lateragent/Data/Documents/iChats: no such file or directory
stat /Users/andrewdykema/Library/Containers/com.apple.inputmethod.Korean/Data/Library/Filters: no such file or directory
stat /Users/andrewdykema/Library/Containers/com.apple.inputmethod.Korean/Data/Library/KeyBindings: no such file or directory
stat /Users/andrewdykema/Library/Containers/com.apple.inputmethod.Korean/Data/Library/PDF Services: no such file or directory
stat /Users/andrewdykema/Library/Containers/com.apple.iWork.Pages/Data/Library/ColorSync: no such file or directory
stat /Users/andrewdykema/Library/Containers/com.apple.inputmethod.Korean/Data/Library/QuickLook: no such file or directory
stat /Users/andrewdykema/Library/Containers/com.apple.iWork.Pages/Data/Library/Components: no such file or directory
stat /Users/andrewdykema/Library/Containers/com.apple.messages.ReplyExtension/Data/Library/KeyBindings: no such file or directory
stat /Users/andrewdykema/Library/Containers/com.apple.iWork.Pages/Data/Library/Filters: no such file or directory
stat /Users/andrewdykema/Library/Containers/com.apple.messages.ReplyExtension/Data/Library/PDF Services: no such file or directory
stat /Users/andrewdykema/Library/Containers/com.apple.messages.ReplyExtension/Data/Library/QuickLook: no such file or directory
stat /Users/andrewdykema/Library/Containers/com.apple.share.System.set-buddy-picture/Data/Library/PDF Services: no such file or directory
stat /Users/andrewdykema/Library/Containers/com.apple.share.System.set-buddy-picture/Data/Library/QuickLook: no such file or directory
stat /Users/andrewdykema/Library/Containers/com.apple.podcasts.PodcastsAuthAgent/Data/Library/Filters: no such file or directory
stat /Users/andrewdykema/Library/Containers/com.apple.mobiletimer-framework.MobileTimerIntents/Data/Library/ColorSync: no such file or directory
stat /Users/andrewdykema/Library/Containers/com.apple.podcasts.PodcastsAuthAgent/Data/Library/KeyBindings: no such file or directory
stat /Users/andrewdykema/Library/Containers/com.apple.mobiletimer-framework.MobileTimerIntents/Data/Library/Components: no such file or directory
stat /Users/andrewdykema/Library/Containers/com.apple.mobiletimer-framework.MobileTimerIntents/Data/Library/Filters: no such file or directory
stat /Users/andrewdykema/Library/Containers/com.apple.podcasts.PodcastsAuthAgent/Data/Library/PDF Services: no such file or directory
stat /Users/andrewdykema/Library/Containers/com.apple.podcasts.PodcastsAuthAgent/Data/Library/QuickLook: no such file or directory
stat /Users/andrewdykema/Library/Containers/com.apple.mobiletimer-framework.MobileTimerIntents/Data/Library/KeyBindings: no such file or directory
stat /Users/andrewdykema/Library/Containers/com.apple.mobiletimer-framework.MobileTimerIntents/Data/Library/PDF Services: no such file or directory
stat /Users/andrewdykema/Library/Containers/com.apple.mobiletimer-framework.MobileTimerIntents/Data/Library/QuickLook: no such file or directory
stat /Users/andrewdykema/Library/Containers/com.apple.iCal.CalendarNC/Data/Library/Filters: no such file or directory
stat /Users/andrewdykema/Library/Containers/com.apple.iMovieApp/Data/Library/PDF Services: no such file or directory
stat /Users/andrewdykema/Library/Containers/com.apple.iMovieApp/Data/Library/QuickLook: no such file or directory
stat /Users/andrewdykema/Library/Containers/com.apple.inputmethod.ChineseHandwriting/Data/Library/KeyBindings: no such file or directory
stat /Users/andrewdykema/Library/Containers/com.apple.messages.ShareExtension/Data/Library/Filters: no such file or directory
stat /Users/andrewdykema/Library/Containers/com.apple.messages.ShareExtension/Data/Library/KeyBindings: no such file or directory
stat /Users/andrewdykema/Library/Containers/com.apple.messages.ShareExtension/Data/Library/PDF Services: no such file or directory
stat /Users/andrewdykema/Library/Containers/com.apple.messages.ShareExtension/Data/Library/QuickLook: no such file or directory
stat /Users/andrewdykema/Library/Containers/com.apple.iWork.Pages/Data/Library/KeyBindings: no such file or directory
stat /Users/andrewdykema/Library/Containers/com.apple.iWork.Pages/Data/Library/PDF Services: no such file or directory
stat /Users/andrewdykema/Library/Containers/com.apple.iWork.Pages/Data/Library/QuickLook: no such file or directory
stat /Users/andrewdykema/Library/Containers/com.apple.mobiletimer/Data/Library/ColorSync: no such file or directory
stat /Users/andrewdykema/Library/Containers/com.apple.mobiletimer/Data/Library/Components: no such file or directory
stat /Users/andrewdykema/Library/Containers/com.apple.mobiletimer/Data/Library/Filters: no such file or directory
stat /Users/andrewdykema/Library/Containers/com.apple.mobiletimer/Data/Library/KeyBindings: no such file or directory
stat /Users/andrewdykema/Library/Containers/com.apple.lateragent/Data/Library/ColorSync: no such file or directory
stat /Users/andrewdykema/Library/Containers/com.apple.mobiletimer/Data/Library/PDF Services: no such file or directory
stat /Users/andrewdykema/Library/Containers/com.apple.lateragent/Data/Library/Components: no such file or directory
stat /Users/andrewdykema/Library/Containers/com.apple.mobiletimer/Data/Library/QuickLook: no such file or directory
stat /Users/andrewdykema/Library/Containers/com.apple.inputmethod.ChineseHandwriting/Data/Library/PDF Services: no such file or directory
stat /Users/andrewdykema/Library/Containers/com.apple.inputmethod.ChineseHandwriting/Data/Library/QuickLook: no such file or directory
stat /Users/andrewdykema/Library/Containers/com.apple.iCal.CalendarNC/Data/Library/KeyBindings: no such file or directory
stat /Users/andrewdykema/Library/Containers/com.apple.iCal.CalendarNC/Data/Library/PDF Services: no such file or directory
stat /Users/andrewdykema/Library/Containers/com.apple.iCal.CalendarNC/Data/Library/QuickLook: no such file or directory
stat /Users/andrewdykema/Library/Containers/com.apple.ncplugin.FindMyFriends/Data/Library/ColorSync: no such file or directory
stat /Users/andrewdykema/Library/Containers/com.apple.ncplugin.FindMyFriends/Data/Library/Components: no such file or directory
stat /Users/andrewdykema/Library/Containers/com.apple.ncplugin.FindMyFriends/Data/Library/Filters: no such file or directory
stat /Users/andrewdykema/Library/Containers/com.apple.ncplugin.FindMyFriends/Data/Library/KeyBindings: no such file or directory
stat /Users/andrewdykema/Library/Containers/com.apple.ncplugin.FindMyFriends/Data/Library/PDF Services: no such file or directory
stat /Users/andrewdykema/Library/Containers/com.apple.ncplugin.FindMyFriends/Data/Library/QuickLook: no such file or directory
stat /Users/andrewdykema/Library/Containers/com.apple.geod/Data/Library/ColorSync: no such file or directory
stat /Users/andrewdykema/Library/Containers/com.apple.geod/Data/Library/Components: no such file or directory
stat /Users/andrewdykema/Library/Containers/com.apple.lateragent/Data/Library/Filters: no such file or directory
stat /Users/andrewdykema/Library/Containers/com.apple.lateragent/Data/Library/KeyBindings: no such file or directory
stat /Users/andrewdykema/Library/Containers/com.apple.lateragent/Data/Library/PDF Services: no such file or directory
stat /Users/andrewdykema/Library/Containers/com.apple.lateragent/Data/Library/QuickLook: no such file or directory
stat /Users/andrewdykema/Library/Containers/com.apple.geod/Data/Library/Filters: no such file or directory
stat /Users/andrewdykema/Library/Containers/com.apple.geod/Data/Library/KeyBindings: no such file or directory
stat /Users/andrewdykema/Library/Containers/com.apple.geod/Data/Library/PDF Services: no such file or directory
stat /Users/andrewdykema/Library/Containers/com.apple.geod/Data/Library/QuickLook: no such file or directory
stat /Users/andrewdykema/Library/Containers/com.apple.news.engagementExtension/Data/Library/ColorSync: no such file or directory
stat /Users/andrewdykema/Library/Containers/com.apple.news.engagementExtension/Data/Library/Components: no such file or directory
stat /Users/andrewdykema/Library/Containers/com.apple.news.engagementExtension/Data/Library/Filters: no such file or directory
stat /Users/andrewdykema/Library/Containers/com.apple.news.engagementExtension/Data/Library/KeyBindings: no such file or directory
stat /Users/andrewdykema/Library/Containers/com.apple.news.engagementExtension/Data/Library/PDF Services: no such file or directory
stat /Users/andrewdykema/Library/Containers/com.apple.news.engagementExtension/Data/Library/QuickLook: no such file or directory
stat /Users/andrewdykema/Library/Containers/com.apple.ncplugin.stocks/Data/Documents/iChats: no such file or directory
stat /Users/andrewdykema/Library/Containers/com.apple.photomoments/Data/Documents/iChats: no such file or directory
stat /Users/andrewdykema/Library/Containers/com.apple.inputmethod.TYIM/Data/Library/ColorSync: no such file or directory
stat /Users/andrewdykema/Library/Containers/com.apple.inputmethod.TYIM/Data/Library/Components: no such file or directory
stat /Users/andrewdykema/Library/Containers/com.apple.inputmethod.TYIM/Data/Library/Filters: no such file or directory
stat /Users/andrewdykema/Library/Containers/com.apple.inputmethod.TYIM/Data/Library/KeyBindings: no such file or directory
stat /Users/andrewdykema/Library/Containers/com.apple.inputmethod.TYIM/Data/Library/PDF Services: no such file or directory
stat /Users/andrewdykema/Library/Containers/com.apple.inputmethod.TYIM/Data/Library/QuickLook: no such file or directory
stat /Users/andrewdykema/Library/Containers/com.apple.ncplugin.stocks/Data/Library/ColorSync: no such file or directory
stat /Users/andrewdykema/Library/Containers/com.apple.ncplugin.stocks/Data/Library/Components: no such file or directory
stat /Users/andrewdykema/Library/Containers/com.apple.ncplugin.stocks/Data/Library/Filters: no such file or directory
stat /Users/andrewdykema/Library/Containers/com.apple.ncplugin.stocks/Data/Library/KeyBindings: no such file or directory
stat /Users/andrewdykema/Library/Containers/com.apple.ncplugin.stocks/Data/Library/PDF Services: no such file or directory
stat /Users/andrewdykema/Library/Containers/com.apple.ncplugin.stocks/Data/Library/QuickLook: no such file or directory
stat /System/Library/PrivateFrameworks/Hydra.framework/Versions/C/Libraries/libAlembic.1.7.dylib: no such file or directory
stat /Users/andrewdykema/Library/Containers/com.apple.ncplugin.FindMyFriends/Data/Documents/iChats: no such file or directory
stat /Users/andrewdykema/Library/Containers/com.apple.podcasts.PodcastsNotificationExtension/Data/Library/ColorSync: no such file or directory
stat /Users/andrewdykema/Library/Containers/com.apple.podcasts.PodcastsNotificationExtension/Data/Library/Components: no such file or directory
stat /Users/andrewdykema/Library/Containers/com.apple.podcasts.PodcastsNotificationExtension/Data/Library/Filters: no such file or directory
stat /Users/andrewdykema/Library/Containers/com.apple.podcasts.PodcastsNotificationExtension/Data/Library/KeyBindings: no such file or directory
stat /Users/andrewdykema/Library/Containers/com.apple.podcasts.PodcastsNotificationExtension/Data/Library/PDF Services: no such file or directory
stat /Users/andrewdykema/Library/Containers/com.apple.podcasts.PodcastsNotificationExtension/Data/Library/QuickLook: no such file or directory
stat /System/Library/PrivateFrameworks/DuetRecommendation.framework/DuetRecommendation: no such file or directory
open /private/var/folders/zz/zyxvpxvq6csfxvn_n0000084000021/T: permission denied
open /private/var/folders/zz/zyxvpxvq6csfxvn_n0000084000021/C: permission denied
open /Volumes/Macintosh HD/Volumes/Macintosh HD/var/run/mds: permission denied
open /Volumes/Macintosh HD/Users/andrewdykema/Library/Application Support/CallHistoryDB: operation not permitted
open /Volumes/Macintosh HD/usr/sbin/authserver: permission denied
open /Volumes/Macintosh HD/Volumes/Macintosh HD/var/db/cmiodalassistants: permission denied
open /Volumes/Macintosh HD/Volumes/Macintosh HD/var/db/Sandbox: operation not permitted
open /Volumes/Macintosh HD/Volumes/Macintosh HD/var/db/Spotlight: operation not permitted
open /Volumes/Macintosh HD/Volumes/Macintosh HD/var/db/Spotlight-V100: operation not permitted
open /Volumes/Macintosh HD/Volumes/Macintosh HD/var/db/TokenCache: permission denied
open /Volumes/Macintosh HD/Volumes/Macintosh HD/var/db/accessoryupdater: permission denied
open /Volumes/Macintosh HD/Volumes/Macintosh HD/var/db/analyticsd: permission denied
open /Volumes/Macintosh HD/Volumes/Macintosh HD/var/db/appinstalld: operation not permitted
open /Volumes/Macintosh HD/Volumes/Macintosh HD/var/db/applepay: permission denied
open /Volumes/Macintosh HD/Volumes/Macintosh HD/var/db/com.apple.xpc.roleaccountd.staging: permission denied
open /Volumes/Macintosh HD/Volumes/Macintosh HD/var/db/darwindaemon: permission denied
open /Volumes/Macintosh HD/Volumes/Macintosh HD/var/db/datadetectors: permission denied
open /Volumes/Macintosh HD/Volumes/Macintosh HD/var/db/dhcpclient: permission denied
open /Volumes/Macintosh HD/Volumes/Macintosh HD/var/db/diskimagesiod: permission denied
open /Volumes/Macintosh HD/Volumes/Macintosh HD/var/db/knowledgegraphd: permission denied
open /Volumes/Macintosh HD/Volumes/Macintosh HD/var/db/fpsd: permission denied
open /Volumes/Macintosh HD/Volumes/Macintosh HD/var/db/geod: permission denied
open /Volumes/Macintosh HD/Volumes/Macintosh HD/var/db/hidd: permission denied
open /Volumes/Macintosh HD/Volumes/Macintosh HD/var/db/installcoordinationd: operation not permitted
open /Volumes/Macintosh HD/Volumes/Macintosh HD/var/db/locationd: permission denied
open /Volumes/Macintosh HD/Volumes/Macintosh HD/var/db/lockdown: operation not permitted
open /Volumes/Macintosh HD/Volumes/Macintosh HD/var/db/nearbyd: permission denied
open /Volumes/Macintosh HD/Volumes/Macintosh HD/var/db/nsurlsessiond: permission denied
open /Volumes/Macintosh HD/Volumes/Macintosh HD/var/db/oah: operation not permitted
open /Volumes/Macintosh HD/Volumes/Macintosh HD/var/db/reportmemoryexception: permission denied
open /Volumes/Macintosh HD/Volumes/Macintosh HD/var/db/rmd: permission denied
open /Volumes/Macintosh HD/Volumes/Macintosh HD/var/db/searchparty: operation not permitted
open /Volumes/Macintosh HD/Volumes/Macintosh HD/var/db/securityagent: permission denied
open /Volumes/Macintosh HD/Volumes/Macintosh HD/var/db/sudo: permission denied
open /Volumes/Macintosh HD/Volumes/Macintosh HD/var/db/timed: permission denied
stat /Volumes/Macintosh HD/usr/sbin/weakpass_edit: permission denied
open /System/Volumes/Update/Controller: permission denied
open /System/Volumes/Update/Hardware: permission denied
stat /Users/andrewdykema/Library/Containers/com.apple.messages.AssistantExtension/Data/Library/ColorSync: no such file or directory
stat /Users/andrewdykema/Library/Containers/com.apple.messages.AssistantExtension/Data/Library/Components: no such file or directory
stat /Users/andrewdykema/Library/Containers/com.apple.messages.AssistantExtension/Data/Library/Filters: no such file or directory
stat /Users/andrewdykema/Library/Containers/com.apple.messages.AssistantExtension/Data/Library/KeyBindings: no such file or directory
stat /Users/andrewdykema/Library/Containers/com.apple.messages.AssistantExtension/Data/Library/PDF Services: no such file or directory
stat /Users/andrewdykema/Library/Containers/com.apple.messages.AssistantExtension/Data/Library/QuickLook: no such file or directory
stat /Users/andrewdykema/Library/Containers/com.apple.PassXPCService/Data/Documents/iChats: no such file or directory
stat /Users/andrewdykema/Library/Containers/com.apple.SceneKitQLThumbnailExtension/Data/Library/ColorSync: no such file or directory
stat /Users/andrewdykema/Library/Containers/com.apple.SceneKitQLThumbnailExtension/Data/Library/Components: no such file or directory
stat /Users/andrewdykema/Library/Containers/com.apple.SceneKitQLThumbnailExtension/Data/Library/Filters: no such file or directory
stat /Users/andrewdykema/Library/Containers/com.apple.SceneKitQLThumbnailExtension/Data/Library/KeyBindings: no such file or directory
stat /Users/andrewdykema/Library/Containers/com.apple.SceneKitQLThumbnailExtension/Data/Library/PDF Services: no such file or directory
stat /Users/andrewdykema/Library/Containers/com.apple.SceneKitQLThumbnailExtension/Data/Library/QuickLook: no such file or directory
Time elapsed: 9.957844679s
